C51 COMPILER V9.51   OTHER                                                                 09/10/2014 15:49:39 PAGE 1   


C51 COMPILER V9.51, COMPILATION OF MODULE OTHER
OBJECT MODULE PLACED IN .\Other.obj
COMPILER INVOKED BY: D:\Program Files (x86)\keil\C51\BIN\C51.EXE ..\Library\Other.c BROWSE INCDIR(..\Library) DEBUG OBJE
                    -CTEXTEND PRINT(.\Other.lst) OBJECT(.\Other.obj)

line level    source

   1          /*---------------------------------------------------
   2                  Other.c (v1.00)
   3                  
   4                  其他程序
   5          ---------------------------------------------------*/
   6          
   7          #include "main.h"
   8          #include "port.h"
   9          
  10          #include "Other.h"
  11          #include "Delay.h"
  12          #include "communication.h"
  13          
  14          /*------- Public variable declarations --------------------------*/
  15          extern bit position_sensor_EN;                  
  16          extern bit fell_flag;                                           
  17          extern bit raised_flag;                                 
  18          extern tByte sensor_trigger_count;      
  19          extern tByte sensor_1ststage_count;     
  20          extern tWord sensor_3rdstage_time;                      
  21          extern tByte sensor_3rdstage_effcount;          
  22          extern tByte sensor_3rdstage_count;                     
  23          extern tWord sensor_3rdstage_interval;          
  24          extern tWord sensor_2ndstage_time;              
  25          extern tByte sensor_2ndstage_count;             
  26          extern bit stolen_alarm_flag;                                   
  27          extern bit host_stolen_alarm1_EN;      
  28          extern bit host_stolen_alarm2_EN;     
  29          extern tByte host_stolen_alarm1_count;          
  30          extern tByte host_stolen_alarm2_count;  
  31          extern bit raised_fell_flag;                                    
  32          extern bit wire_broken_flag;                    
  33          extern tByte wire_broken_count;         
  34          extern bit battery_stolen_EN;                   
  35          extern tByte battery_stolen_count;      
  36          extern bit sensor_EN;
  37          extern tByte enable_sensor_delay_count;         
  38          extern bit enable_sensor_delayEN;
  39          extern bit Auto_Mode;
  40          
  41          /*-------------------------------------------------------
  42                  magnet_CW()
  43                  电磁铁正转，顺时针，将锁打开，
  44          --------------------------------------------------------*/
  45          void magnet_CW(tWord x, y, tByte z)
  46                  {
  47   1              // 发送开锁密码
  48   1              send_code_to_lock(ComMode_1, z);
  49   1              
  50   1              MagentControl_1 = 0;
  51   1              MagentControl_2 = 1;
  52   1              Magnet_Delay(x, y);
  53   1              MagentControl_1 = 1;
  54   1              MagentControl_2 = 1;
C51 COMPILER V9.51   OTHER                                                                 09/10/2014 15:49:39 PAGE 2   

  55   1              motor_lock = 0;
  56   1              }
  57          
  58          /*-------------------------------------------------------
  59                  magnet_ACW()
  60                  电磁铁反转，逆时针，将锁关闭
  61          --------------------------------------------------------*/
  62          void magnet_ACW(tWord x, y)
  63                  {
  64   1              motor_lock = 1;
  65   1              MagentControl_1 = 1;
  66   1              MagentControl_2 = 0;
  67   1              Magnet_Delay(x, y);
  68   1              MagentControl_1 = 1;
  69   1              MagentControl_2 = 1;
  70   1              }
  71                  
  72          /*----------------------------------------------------
  73                  disable_sensor()
  74                  打开振动传感器和三轴传感器，并将其复位
  75          ----------------------------------------------------*/
  76          void disable_sensor(void)
  77                  {
  78   1              // disable position sensor(vertical and horizontal) and vibration sensor
  79   1              position_sensor_EN = 0; 
  80   1              sensor_EN = 0;
  81   1              // reset all the flag in sensor
  82   1              fell_flag=0;  
  83   1              raised_flag=0;
  84   1              sensor_trigger_count = 0;
  85   1              sensor_1ststage_count = 0;
  86   1              sensor_2ndstage_count = 0;
  87   1              sensor_2ndstage_time = 0;
  88   1              sensor_3rdstage_time = 0;
  89   1              sensor_3rdstage_interval = 0;
  90   1              sensor_3rdstage_count = 0;
  91   1              sensor_3rdstage_effcount = 0;
  92   1              stolen_alarm_flag = 0;
  93   1              host_stolen_alarm1_EN = 0;
  94   1              host_stolen_alarm1_count = 0;
  95   1              host_stolen_alarm2_EN = 0;
  96   1              host_stolen_alarm2_count = 0;
  97   1              
  98   1              raised_fell_flag = 0;
  99   1              
 100   1              // reset the wire broken count
 101   1              wire_broken_count = 0;
 102   1              wire_broken_flag = 0;
 103   1              
 104   1              enable_sensor_delayEN = 0;
 105   1              enable_sensor_delay_count = 0;
 106   1              if(Auto_Mode == 1)
 107   1                      {
 108   2                      // reset battery stolen
 109   2                      battery_stolen_EN = 0;
 110   2                      battery_stolen_count = 0;       
 111   2                      }
 112   1              }
 113                  
 114          /*--------------------------------------------------------
 115                  enable_sensor()
 116                  打开传感器，使其检测振动
C51 COMPILER V9.51   OTHER                                                                 09/10/2014 15:49:39 PAGE 3   

 117          ---------------------------------------------------------*/
 118          void enable_sensor(void)
 119                  {
 120   1              // enable position sensor(vertical and horizontal) and vibration sensor
 121   1              position_sensor_EN = 1; 
 122   1              sensor_EN = 1;
 123   1              // reset relatively sensor count
 124   1              sensor_trigger_count = 0;
 125   1              sensor_1ststage_count = 0;      
 126   1              enable_sensor_delayEN = 0;
 127   1              enable_sensor_delay_count = 0;  
 128   1              }
 129          
 130          /*----------------------------------------------------------------
 131                  Moto_Vibration()
 132                  用于附机，马达振动
 133          -----------------------------------------------------------------*/
 134          void Moto_Vibration(void)
 135                  {
 136   1              Moto_EN=0;                              
 137   1              Delay(10);
 138   1              Moto_EN=1;
 139   1              }
 140                  
 141          /*---------------------------------------------------
 142                  end of file
 143          ----------------------------------------------------*/


MODULE INFORMATION:   STATIC OVERLAYABLE
   CODE SIZE        =    136    ----
   CONSTANT SIZE    =   ----    ----
   XDATA SIZE       =   ----    ----
   PDATA SIZE       =   ----    ----
   DATA SIZE        =   ----       4
   IDATA SIZE       =   ----    ----
   BIT SIZE         =   ----    ----
END OF MODULE INFORMATION.


C51 COMPILATION COMPLETE.  0 WARNING(S),  0 ERROR(S)
