C51 COMPILER V9.51   DELAY                                                                 08/16/2014 14:14:28 PAGE 1   


C51 COMPILER V9.51, COMPILATION OF MODULE DELAY
OBJECT MODULE PLACED IN .\Delay.obj
COMPILER INVOKED BY: D:\Program Files (x86)\keil\C51\BIN\C51.EXE ..\Library\Delay.c BROWSE INCDIR(..\Library) DEBUG OBJE
                    -CTEXTEND PRINT(.\Delay.lst) OBJECT(.\Delay.obj)

line level    source

   1          /*---------------------------------------------------
   2                  Delay.c (v1.00)
   3                  
   4                  Delay functions
   5          ---------------------------------------------------*/   
   6          
   7          #include "main.h"
   8          #include "port.h"
   9          
  10          #include "Delay.h"
  11          
  12          /*---------------------------------------------------
  13                  Delay()
  14                  延迟程序
  15          --------------------------------------------------*/
  16          
  17          void Delay(unsigned int n)
  18                  {
  19   1              tWord x;
  20   1              while(n--)
  21   1                      {
  22   2                      x=5000;
  23   2                      while(x--);
  24   2                      }
  25   1              }
  26          
  27          /*---------------------------------------------------
  28                  Delay3()
  29                  延迟程序
  30          --------------------------------------------------*/
  31          
  32          void Delay3(unsigned int t)
  33                  {
  34   1              tWord i;
  35   1              tByte j;
  36   1              for(i=0;i<t;i++)                
  37   1              for(j=0;j<21;j++);
  38   1              }
  39          
  40          /*---------------------------------------------------
  41                  Delay4()
  42                  延迟程序
  43          --------------------------------------------------*/
  44          void Delay4(tWord t)
  45                  {
  46   1              tWord i;
  47   1              tByte j;
  48   1              for(i=0;i<t;i++)                
  49   1              for(j=0;j<42;j++);
  50   1              }
  51                  
  52          /*--------------------------------------------------
  53                  delay_ms()
  54                  
C51 COMPILER V9.51   DELAY                                                                 08/16/2014 14:14:28 PAGE 2   

  55                  延迟约为1ms的子程序
  56          ----------------------------------------------------*/
  57          void delay_ms(tWord count)
  58                  {
  59   1              tWord i, j;
  60   1              for(i=0;i<count;i++)
  61   1                      {       
  62   2                      for(j=0;j<100;j++);
  63   2                      }
  64   1              }
  65          
  66          /*--------------------------------------------------
  67                  delay_us()
  68                  
  69                  延迟约为1us的子程序
  70          ----------------------------------------------------*/
  71          
  72          void delay_us(tWord count1)
  73                  {
  74   1              tWord i;
  75   1              tByte j;
  76   1              for(i=0;i<count1;i++)
  77   1                      {
  78   2                      for(j=0;j<4;j++);
  79   2                      }
  80   1              }
  81          
  82          /*----------------------------------------------------
  83                  magnet_delay_CW()
  84                  电磁铁的延迟程序，要在里面加入对过流的判断
  85          -----------------------------------------------------*/
  86          void magnet_delay_CW(void)
  87                  {
  88   1              tByte i;
  89   1              tWord j;                                                                                                 
             -       
  90   1              for(i = 0; i < 50; i++)
  91   1                      {
  92   2                      for(j = 0; j< 4000; j++);
  93   2                      }
  94   1              for(i = 0; i < 50; i++)
  95   1                      {
  96   2                      // 检测过流保护是否跳转，如果为1，则表明电流过大
  97   2                      if(magnet_overcurrent == 0)
  98   2                              {
  99   3                              for(j = 0; j< 10000; j++);
 100   3                              }
 101   2                      else
 102   2                              {
 103   3                              return;
 104   3                              }
 105   2                      }
 106   1              }
 107          
 108          /*----------------------------------------------------
 109                  magnet_delay_ACW()
 110                  电磁铁的延迟程序，要在里面加入对过流的判断
 111          -----------------------------------------------------*/
 112          void magnet_delay_ACW(void)
 113                  {
 114   1              tByte i;
 115   1              tWord j;                                                                                                 
C51 COMPILER V9.51   DELAY                                                                 08/16/2014 14:14:28 PAGE 3   

             -       
 116   1              for(i = 0; i < 50; i++)
 117   1                      {
 118   2                      for(j = 0; j< 5000; j++);
 119   2                      }
 120   1              for(i = 0; i < 50; i++)
 121   1                      {
 122   2                      if(magnet_overcurrent == 0)
 123   2                              {
 124   3                              for(j = 0; j< 15000; j++);
 125   3                              }
 126   2                      else
 127   2                              {
 128   3                              return;
 129   3                              }
 130   2                      }
 131   1              }
 132          
 133          /*----------------------------------------------------
 134                  magnet_delay_for_Unlock()
 135                  用于DDC-K，电磁铁的延迟程序，没有过流保护
 136          -----------------------------------------------------*/
 137          void magnet_delay_for_Unlock(void)
 138                  {
 139   1              tByte i;
 140   1              tWord j;                                                                                                 
             -       
 141   1              for(i = 0; i < 50; i++)
 142   1                      {
 143   2                      for(j = 0; j< 14000; j++);
 144   2                      }
 145   1              }
 146                  
 147          /*---------------------------------------------------
 148                  end of file
 149          ----------------------------------------------------*/


MODULE INFORMATION:   STATIC OVERLAYABLE
   CODE SIZE        =    240    ----
   CONSTANT SIZE    =   ----    ----
   XDATA SIZE       =   ----    ----
   PDATA SIZE       =   ----    ----
   DATA SIZE        =   ----    ----
   IDATA SIZE       =   ----    ----
   BIT SIZE         =   ----    ----
END OF MODULE INFORMATION.


C51 COMPILATION COMPLETE.  0 WARNING(S),  0 ERROR(S)
