BL51 BANKED LINKER/LOCATER V6.22                                                        12/21/2014  14:52:18  PAGE 1


BL51 BANKED LINKER/LOCATER V6.22, INVOKED BY:
D:\PROGRAM FILES (X86)\KEIL\C51\BIN\BL51.EXE Main.obj, .\AD.obj, .\Battery.obj, .\communication.obj, .\Delay.obj, .\oper
>> ation.obj, .\Other.obj, .\pwm.obj, .\Timer.obj, .\UART.obj, .\voice.obj, .\ISP_DataFlash.obj, .\ElecMotor.obj, .\Sche
>> dular.obj TO DDC-Z2 RAMSIZE (256)


MEMORY MODEL: COMPACT


INPUT MODULES INCLUDED:
  Main.obj (MAIN)
  .\AD.obj (AD)
  .\Battery.obj (BATTERY)
  .\communication.obj (COMMUNICATION)
  .\Delay.obj (DELAY)
  .\operation.obj (OPERATION)
  .\Other.obj (OTHER)
  .\pwm.obj (PWM)
  .\Timer.obj (TIMER)
  .\UART.obj (UART)
  .\voice.obj (VOICE)
  .\ISP_DataFlash.obj (ISP_DATAFLASH)
  .\ElecMotor.obj (ELECMOTOR)
  .\Schedular.obj (SCHEDULAR)
  D:\PROGRAM FILES (X86)\KEIL\C51\LIB\C51C.LIB (?C_STARTUP)
  D:\PROGRAM FILES (X86)\KEIL\C51\LIB\C51C.LIB (?C?CLDPTR)
  D:\PROGRAM FILES (X86)\KEIL\C51\LIB\C51C.LIB (?C?LMUL)
  D:\PROGRAM FILES (X86)\KEIL\C51\LIB\C51C.LIB (?C?ULDIV)
  D:\PROGRAM FILES (X86)\KEIL\C51\LIB\C51C.LIB (?C?ICALL)
  D:\PROGRAM FILES (X86)\KEIL\C51\LIB\C51C.LIB (?C?LIMUL)
  D:\PROGRAM FILES (X86)\KEIL\C51\LIB\C51C.LIB (?C_INIT)


LINK MAP OF MODULE:  DDC-Z2 (MAIN)


            TYPE    BASE      LENGTH    RELOCATION   SEGMENT NAME
            -----------------------------------------------------

            * * * * * * *   D A T A   M E M O R Y   * * * * * * *
            REG     0000H     0008H     ABSOLUTE     "REG BANK 0"
                    0008H     0018H                  *** GAP ***
            BIT     0020H.0   0003H.4   UNIT         ?BI?MAIN
            BIT     0023H.4   0000H.1   UNIT         ?BI?OPERATION
            BIT     0023H.5   0000H.1   UNIT         _BIT_GROUP_
                    0023H.6   0000H.2                *** GAP ***
            DATA    0024H     0046H     UNIT         ?DT?SCHEDULAR
            IDATA   006AH     0001H     UNIT         ?STACK

            * * * * * * *  X D A T A   M E M O R Y  * * * * * * *
            XDATA   0000H     0035H     INPAGE       ?PD?MAIN
            XDATA   0035H     0003H     INPAGE       ?PD?INITSIGNAL?COMMUNICATION
            XDATA   0038H     0003H     INPAGE       ?PD?_SEND_DATA?COMMUNICATION
            XDATA   003BH     0003H     INPAGE       ?PD?_COMMODE_DATA?COMMUNICATION
            XDATA   003EH     0003H     INPAGE       ?PD?_COMMODE_DATA_WX?COMMUNICATION
            XDATA   0041H     0004H     INPAGE       ?PD?_SEND_CODE_TO_LOCK?COMMUNICATION
            XDATA   0045H     0004H     INPAGE       ?PD?_SEND_CODE_TO_LOCK_TAILI?COMMUNICATION
            XDATA   0049H     0007H     INPAGE       ?PD?COMMUNICATION
BL51 BANKED LINKER/LOCATER V6.22                                                      12/21/2014  14:52:18  PAGE 2


            XDATA   0050H     0004H     INPAGE       ?PD?_CUSTOM_DELAY?DELAY
            XDATA   0054H     0002H     INPAGE       ?PD?_MAGNET_DELAY?DELAY
            XDATA   0056H     0002H     INPAGE       ?PD?DELAY
            XDATA   0058H     0004H     INPAGE       ?PD?_MAGNET_CW?OTHER
            XDATA   005CH     0004H     INPAGE       ?PD?_MAGNET_CW_TAILI?OTHER
            XDATA   0060H     0002H     INPAGE       ?PD?PWM
            XDATA   0062H     0002H     INPAGE       ?PD?_INITTIMER?TIMER
            XDATA   0064H     0004H     INPAGE       ?PD?TIMER
            XDATA   0068H     0003H     INPAGE       ?PD?_SENDNBYTE?UART
            XDATA   006BH     0001H     INPAGE       ?PD?VOICE
            XDATA   006CH     0003H     INPAGE       ?PD?_FLASH_READ_DATA?ISP_DATAFLASH
            XDATA   006FH     0004H     INPAGE       ?PD?SCHEDULAR
            XDATA   0073H     0006H     INPAGE       _PDATA_GROUP_

            * * * * * * *   C O D E   M E M O R Y   * * * * * * *
            CODE    0000H     0003H     ABSOLUTE     
            CODE    0003H     0008H     UNIT         ?PR?MYPWM?PWM
            CODE    000BH     0003H     ABSOLUTE     
            CODE    000EH     0015H     UNIT         ?PR?_FLASH_PAGE_ERASE?ISP_DATAFLASH
            CODE    0023H     0003H     ABSOLUTE     
            CODE    0026H     043BH     UNIT         ?PR?TIMER0?MAIN
            CODE    0461H     0169H     UNIT         ?C?LIB_CODE
            CODE    05CAH     00EAH     UNIT         ?PR?UART_ISR?MAIN
            CODE    06B4H     00CBH     UNIT         ?C_INITSEG
            CODE    077FH     00BBH     UNIT         ?PR?_VERIFYBATTERY?BATTERY
            CODE    083AH     0099H     UNIT         ?PR?MAIN?MAIN
            CODE    08D3H     008CH     UNIT         ?C_C51STARTUP
            CODE    095FH     0075H     UNIT         ?PR?_INITTIMER?TIMER
            CODE    09D4H     0074H     UNIT         ?PR?_GETADCRESULT?AD
            CODE    0A48H     0073H     UNIT         ?PR?_SEND_CODE_TO_LOCK?COMMUNICATION
            CODE    0ABBH     0073H     UNIT         ?PR?_SEND_CODE_TO_LOCK_TAILI?COMMUNICATION
            CODE    0B2EH     006EH     UNIT         ?PR?_SCH_ADD_TASK?SCHEDULAR
            CODE    0B9CH     0068H     UNIT         ?PR?RECEIVE_BYTE?COMMUNICATION
            CODE    0C04H     0062H     UNIT         ?PR?_PWM_CHANNEL?PWM
            CODE    0C66H     0060H     UNIT         ?PR?_SEND_DATA?COMMUNICATION
            CODE    0CC6H     005BH     UNIT         ?PR?SCH_DISPATCH_TASKS?SCHEDULAR
            CODE    0D21H     0056H     UNIT         ?PR?ELECMOTOR_CODE?ELECMOTOR
            CODE    0D77H     0052H     UNIT         ?PR?INITSIGNAL?COMMUNICATION
            CODE    0DC9H     0049H     UNIT         ?PR?_SCH_DELETE_PROGRAM?SCHEDULAR
            CODE    0E12H     0048H     UNIT         ?PR?KEY_ROTATE_ON_SPEECH?VOICE
            CODE    0E5AH     0045H     UNIT         ?PR?DISABLE_SENSOR?OTHER
            CODE    0E9FH     0045H     UNIT         ?PR?_SCH_DELETE_TASK?SCHEDULAR
            CODE    0EE4H     0042H     UNIT         ?PR?_SC_SPEECH?VOICE
            CODE    0F26H     0041H     UNIT         ?PR?RECEIVE_WORD?COMMUNICATION
            CODE    0F67H     0041H     UNIT         ?PR?SELF_LEARN_PROGRAMMING?ISP_DATAFLASH
            CODE    0FA8H     003FH     UNIT         ?PR?_CUSTOM_DELAY?DELAY
            CODE    0FE7H     003EH     UNIT         ?PR?_MAGNET_DELAY?DELAY
            CODE    1025H     0034H     UNIT         ?PR?_COMMODE_DATA_WX?COMMUNICATION
            CODE    1059H     0032H     UNIT         ?PR?_COMMODE_DATA?COMMUNICATION
            CODE    108BH     0031H     UNIT         ?PR?UART_SEND_DATA?COMMUNICATION
            CODE    10BCH     0031H     UNIT         ?PR?_MAGNET_CW?OTHER
            CODE    10EDH     0031H     UNIT         ?PR?_MAGNET_CW_TAILI?OTHER
            CODE    111EH     002CH     UNIT         ?PR?_FLASH_WRITE_DATA?ISP_DATAFLASH
            CODE    114AH     002BH     UNIT         ?PR?SLAVE_AWAY_OPERATION?OPERATION
            CODE    1175H     002BH     UNIT         ?PR?_SENDNBYTE?UART
            CODE    11A0H     0025H     UNIT         ?PR?_INITT0?TIMER
            CODE    11C5H     0020H     UNIT         ?PR?_DELAY_MS?DELAY
BL51 BANKED LINKER/LOCATER V6.22                                                      12/21/2014  14:52:18  PAGE 3


            CODE    11E5H     001EH     UNIT         ?PR?_FLASH_READ_DATA?ISP_DATAFLASH
            CODE    1203H     001AH     UNIT         ?PR?DELAY_1MS?DELAY
            CODE    121DH     001AH     UNIT         ?PR?DELAY_5MS?DELAY
            CODE    1237H     001AH     UNIT         ?PR?DELAY_10MS?DELAY
            CODE    1251H     001AH     UNIT         ?PR?DELAY_50MS?DELAY
            CODE    126BH     001AH     UNIT         ?PR?DELAY_500MS?DELAY
            CODE    1285H     001AH     UNIT         ?PR?TRIGGER_ISP?ISP_DATAFLASH
            CODE    129FH     0019H     UNIT         ?PR?_DELAY_US?DELAY
            CODE    12B8H     0019H     UNIT         ?PR?SLAVE_NEARBY_OPERATION?OPERATION
            CODE    12D1H     0019H     UNIT         ?PR?NOVOICE?VOICE
            CODE    12EAH     0019H     UNIT         ?PR?CLOSE_LOCK_SPEECH?VOICE
            CODE    1303H     0018H     UNIT         ?PR?INIT_PWM?PWM
            CODE    131BH     0017H     UNIT         ?PR?_DELAY?DELAY
            CODE    1332H     0014H     UNIT         ?PR?DISABLE_ISP?ISP_DATAFLASH
            CODE    1346H     0013H     UNIT         ?PR?ID_SPEECH?VOICE
            CODE    1359H     0013H     UNIT         ?PR?HOST_TOUCH_SPEECH?VOICE
            CODE    136CH     0013H     UNIT         ?PR?STOLEN_ALARM_SPEECH2?VOICE
            CODE    137FH     0013H     UNIT         ?PR?ENABLE_ISP?ISP_DATAFLASH
            CODE    1392H     0013H     UNIT         ?PR?ELECMOTOR_DELAY?ELECMOTOR
            CODE    13A5H     0012H     UNIT         ?PR?INITUART?UART
            CODE    13B7H     0011H     UNIT         ?PR?ENABLE_SENSOR?OTHER
            CODE    13C8H     0011H     UNIT         ?PR?ELECMOTOR_CW?ELECMOTOR
            CODE    13D9H     000FH     UNIT         ?PR?MOTORBAT_LOW_SPEECH?VOICE
            CODE    13E8H     000FH     UNIT         ?PR?HOST_2NDTOUCH_SPEECH?VOICE
            CODE    13F7H     000FH     UNIT         ?PR?STOLEN_ALARM_SPEECH1?VOICE
            CODE    1406H     000FH     UNIT         ?PR?OPEN_LOCK_SPEECH?VOICE
            CODE    1415H     000FH     UNIT         ?PR?BATTERY_STOLEN_SPEECH?VOICE
            CODE    1424H     000FH     UNIT         ?PR?CUTTING_WIRE_VOICE?VOICE
            CODE    1433H     000FH     UNIT         ?PR?PRODUCT_TEST_VOICE?VOICE
            CODE    1442H     000FH     UNIT         ?PR?BATTERY_LOW_ALARM_SPEECH?VOICE
            CODE    1451H     000FH     UNIT         ?PR?ALARM_STOLEN_SPEECH?VOICE
            CODE    1460H     000FH     UNIT         ?PR?ALARM_RAISED_SPEECH?VOICE
            CODE    146FH     000FH     UNIT         ?PR?ALARM_FELL_SPEECH?VOICE
            CODE    147EH     000FH     UNIT         ?PR?HOST_BATTERY_HIGH_ALARM_SPEECH?VOICE
            CODE    148DH     000FH     UNIT         ?PR?BATTERY_STOLEN_SPEECH_F3?VOICE
            CODE    149CH     000FH     UNIT         ?PR?WIRE_BROKEN_SPEECH?VOICE
            CODE    14ABH     000FH     UNIT         ?PR?LOCK_ROTATED_ON_SPEECH?VOICE
            CODE    14BAH     000FH     UNIT         ?PR?LOCK_ROTATED_OFF_SPEECH?VOICE
            CODE    14C9H     000EH     UNIT         ?PR?_MAGNET_ACW?OTHER
            CODE    14D7H     000EH     UNIT         ?PR?_MAGNET_ACW_TAILI?OTHER
            CODE    14E5H     000EH     UNIT         ?PR?SELF_LEARN_SPEECH?VOICE
            CODE    14F3H     000EH     UNIT         ?PR?ELECMOTOR_ACW?ELECMOTOR
            CODE    1501H     000DH     UNIT         ?PR?CHECKADC?BATTERY
            CODE    150EH     000BH     UNIT         ?PR?BATTERY_HIGH_ALARM_SPEECH?VOICE
            CODE    1519H     000AH     UNIT         ?PR?MOTO_VIBRATION?OTHER
            CODE    1523H     0008H     UNIT         ?PR?_SENDDATA?UART
            CODE    152BH     0004H     UNIT         ?PR?SEOS_GO_TO_SLEEP?TIMER
            CODE    152FH     0004H     UNIT         ?PR?SCH_GO_TO_SLEEP?SCHEDULAR
            CODE    1533H     0001H     UNIT         ?PR?SCH_REPORT_STATUS?SCHEDULAR
                    1534H     1ACCH                  *** GAP ***
            CODE    3000H     0001H     ABSOLUTE     
            CODE    3001H     0001H     ABSOLUTE     
            CODE    3002H     0001H     ABSOLUTE     
            CODE    3003H     0001H     ABSOLUTE     
            CODE    3004H     0001H     ABSOLUTE     
            CODE    3005H     0001H     ABSOLUTE     

BL51 BANKED LINKER/LOCATER V6.22                                                      12/21/2014  14:52:18  PAGE 4




OVERLAY MAP OF MODULE:   DDC-Z2 (MAIN)


SEGMENT                                             BIT_GROUP          PDATA_GROUP
  +--> CALLED SEGMENT                            START    LENGTH     START    LENGTH
------------------------------------------------------------------------------------
?PR?TIMER0?MAIN                                  -----    -----      -----    -----
  +--> ?PR?CHECKADC?BATTERY
  +--> ?PR?_SCH_ADD_TASK?SCHEDULAR
  +--> ?PR?ENABLE_SENSOR?OTHER
  +--> ?PR?ID_SPEECH?VOICE
  +--> ?PR?STOLEN_ALARM_SPEECH1?VOICE
  +--> ?PR?_SCH_DELETE_PROGRAM?SCHEDULAR
  +--> ?PR?STOLEN_ALARM_SPEECH2?VOICE
  +--> ?PR?SELF_LEARN_PROGRAMMING?ISP_DATAFLASH
  +--> ?PR?SELF_LEARN_SPEECH?VOICE
  +--> ?PR?DELAY_1MS?DELAY
  +--> ?PR?DISABLE_SENSOR?OTHER
  +--> ?PR?ELECMOTOR_CW?ELECMOTOR
  +--> ?PR?SLAVE_NEARBY_OPERATION?OPERATION
  +--> ?PR?SLAVE_AWAY_OPERATION?OPERATION
  +--> ?PR?HOST_TOUCH_SPEECH?VOICE
  +--> ?PR?HOST_2NDTOUCH_SPEECH?VOICE
  +--> ?PR?_DELAY?DELAY

?PR?CHECKADC?BATTERY                             -----    -----      -----    -----
  +--> ?PR?_GETADCRESULT?AD

?PR?_SCH_ADD_TASK?SCHEDULAR                      -----    -----      0077H    0002H

?PR?ID_SPEECH?VOICE                              -----    -----      -----    -----
  +--> ?PR?_SC_SPEECH?VOICE
  +--> ?PR?DELAY_10MS?DELAY

?PR?_SC_SPEECH?VOICE                             -----    -----      0077H    0002H
  +--> ?PR?_DELAY_MS?DELAY
  +--> ?PR?_DELAY_US?DELAY

?PR?STOLEN_ALARM_SPEECH1?VOICE                   -----    -----      -----    -----
  +--> ?PR?_SC_SPEECH?VOICE
  +--> ?PR?_DELAY?DELAY

?PR?STOLEN_ALARM_SPEECH2?VOICE                   -----    -----      -----    -----
  +--> ?PR?_SC_SPEECH?VOICE
  +--> ?PR?_DELAY?DELAY

?PR?SELF_LEARN_PROGRAMMING?ISP_DATAFLASH         -----    -----      -----    -----
  +--> ?PR?_FLASH_PAGE_ERASE?ISP_DATAFLASH
  +--> ?PR?_FLASH_WRITE_DATA?ISP_DATAFLASH

?PR?_FLASH_PAGE_ERASE?ISP_DATAFLASH              -----    -----      0073H    0002H
  +--> ?PR?ENABLE_ISP?ISP_DATAFLASH
  +--> ?PR?TRIGGER_ISP?ISP_DATAFLASH
  +--> ?PR?DISABLE_ISP?ISP_DATAFLASH

BL51 BANKED LINKER/LOCATER V6.22                                                      12/21/2014  14:52:18  PAGE 5


?PR?ENABLE_ISP?ISP_DATAFLASH                     -----    -----      -----    -----
  +--> ?PR?TRIGGER_ISP?ISP_DATAFLASH

?PR?DISABLE_ISP?ISP_DATAFLASH                    -----    -----      -----    -----
  +--> ?PR?TRIGGER_ISP?ISP_DATAFLASH

?PR?_FLASH_WRITE_DATA?ISP_DATAFLASH              -----    -----      0073H    0003H
  +--> ?PR?ENABLE_ISP?ISP_DATAFLASH
  +--> ?PR?TRIGGER_ISP?ISP_DATAFLASH
  +--> ?PR?DISABLE_ISP?ISP_DATAFLASH

?PR?SELF_LEARN_SPEECH?VOICE                      -----    -----      -----    -----
  +--> ?PR?ID_SPEECH?VOICE
  +--> ?PR?_DELAY?DELAY

?PR?ELECMOTOR_CW?ELECMOTOR                       -----    -----      -----    -----
  +--> ?PR?ELECMOTOR_CODE?ELECMOTOR
  +--> ?PR?ELECMOTOR_DELAY?ELECMOTOR

?PR?ELECMOTOR_CODE?ELECMOTOR                     -----    -----      0073H    0002H
  +--> ?PR?DELAY_10MS?DELAY
  +--> ?PR?DELAY_5MS?DELAY

?PR?ELECMOTOR_DELAY?ELECMOTOR                    -----    -----      -----    -----
  +--> ?PR?DELAY_500MS?DELAY

?PR?SLAVE_NEARBY_OPERATION?OPERATION             -----    -----      -----    -----
  +--> ?PR?OPEN_LOCK_SPEECH?VOICE
  +--> ?PR?_VERIFYBATTERY?BATTERY
  +--> ?PR?KEY_ROTATE_ON_SPEECH?VOICE

?PR?OPEN_LOCK_SPEECH?VOICE                       -----    -----      -----    -----
  +--> ?PR?_SC_SPEECH?VOICE
  +--> ?PR?_DELAY?DELAY

?PR?_VERIFYBATTERY?BATTERY                       -----    -----      0073H    0002H
  +--> ?PR?_SC_SPEECH?VOICE
  +--> ?PR?_DELAY?DELAY
  +--> ?PR?MOTORBAT_LOW_SPEECH?VOICE

?PR?MOTORBAT_LOW_SPEECH?VOICE                    -----    -----      -----    -----
  +--> ?PR?_SC_SPEECH?VOICE
  +--> ?PR?_DELAY?DELAY

?PR?KEY_ROTATE_ON_SPEECH?VOICE                   -----    -----      -----    -----
  +--> ?PR?_SC_SPEECH?VOICE
  +--> ?PR?_DELAY?DELAY

?PR?SLAVE_AWAY_OPERATION?OPERATION               -----    -----      -----    -----
  +--> ?PR?_VERIFYBATTERY?BATTERY
  +--> ?PR?ELECMOTOR_ACW?ELECMOTOR
  +--> ?PR?CLOSE_LOCK_SPEECH?VOICE
  +--> ?PR?_DELAY?DELAY

?PR?ELECMOTOR_ACW?ELECMOTOR                      -----    -----      -----    -----
  +--> ?PR?ELECMOTOR_DELAY?ELECMOTOR

BL51 BANKED LINKER/LOCATER V6.22                                                      12/21/2014  14:52:18  PAGE 6


?PR?CLOSE_LOCK_SPEECH?VOICE                      -----    -----      -----    -----
  +--> ?PR?_SC_SPEECH?VOICE
  +--> ?PR?_DELAY?DELAY

?PR?HOST_TOUCH_SPEECH?VOICE                      -----    -----      -----    -----
  +--> ?PR?_SC_SPEECH?VOICE
  +--> ?PR?_DELAY?DELAY

?PR?HOST_2NDTOUCH_SPEECH?VOICE                   -----    -----      -----    -----
  +--> ?PR?_SC_SPEECH?VOICE
  +--> ?PR?_DELAY?DELAY

*** NEW ROOT ***************************************************

?PR?UART_ISR?MAIN                                -----    -----      -----    -----
  +--> ?PR?DISABLE_SENSOR?OTHER

*** NEW ROOT ***************************************************

?C_C51STARTUP                                    -----    -----      -----    -----
  +--> ?PR?MAIN?MAIN
  +--> ?C_INITSEG

?PR?MAIN?MAIN                                    -----    -----      -----    -----
  +--> ?PR?NOVOICE?VOICE
  +--> ?PR?INITUART?UART
  +--> ?PR?_INITT0?TIMER
  +--> ?PR?SCH_DISPATCH_TASKS?SCHEDULAR
  +--> ?PR?STOLEN_ALARM_SPEECH1?VOICE
  +--> ?PR?_SCH_ADD_TASK?SCHEDULAR
  +--> ?PR?STOLEN_ALARM_SPEECH2?VOICE

?PR?NOVOICE?VOICE                                -----    -----      -----    -----
  +--> ?PR?_DELAY_US?DELAY

?PR?SCH_DISPATCH_TASKS?SCHEDULAR                 -----    -----      0077H    0001H
  +--> ?PR?_SCH_DELETE_TASK?SCHEDULAR
  +--> ?PR?SCH_REPORT_STATUS?SCHEDULAR
  +--> ?PR?SCH_GO_TO_SLEEP?SCHEDULAR

?PR?_SCH_DELETE_TASK?SCHEDULAR                   0023H.5  0000H.1    -----    -----



SYMBOL TABLE OF MODULE:  DDC-Z2 (MAIN)

  VALUE           TYPE          NAME
  ----------------------------------

  -------         MODULE        MAIN
  C:0000H         SYMBOL        _ICE_DUMMY_
  B:0020H.0       PUBLIC        receive_wire_flag
  B:0020H.1       PUBLIC        raised_fell_flag
  D:0080H         PUBLIC        P0
  D:0090H         PUBLIC        P1
  B:0080H.3       PUBLIC        fell_sensor_detect
  D:00A0H         PUBLIC        P2
BL51 BANKED LINKER/LOCATER V6.22                                                      12/21/2014  14:52:18  PAGE 7


  D:00B0H         PUBLIC        P3
  X:0000H         PUBLIC        sensor_trigger_count
  B:00A8H.7       PUBLIC        EA
  B:0020H.2       PUBLIC        horizontal_vibration
  X:0001H         PUBLIC        battery_stolen_count
  B:0020H.3       PUBLIC        raised_fell_once_flag
  B:0020H.4       PUBLIC        stolen_alarm_flag
  B:0090H.4       PUBLIC        voice_EN
  D:00A8H         PUBLIC        IE
  C:3000H         PUBLIC        IDkey6
  C:3001H         PUBLIC        IDkey7
  C:3002H         PUBLIC        IDkey8
  C:3003H         PUBLIC        IDkey9
  B:0020H.5       PUBLIC        sensor_EN
  B:0020H.6       PUBLIC        receive_data_finished_flag
  X:0002H         PUBLIC        horizontal_vibration_count
  B:0020H.7       PUBLIC        sensor_3rdalarm_flag
  B:00A8H.4       PUBLIC        ES
  D:00B8H         PUBLIC        IP
  B:0098H.0       PUBLIC        RI
  B:0021H.0       PUBLIC        wire_broken_flag
  B:0098H.1       PUBLIC        TI
  B:0080H.1       PUBLIC        wire_broken
  B:0021H.1       PUBLIC        fell_flag
  X:0004H         PUBLIC        one_receive_byte
  X:0005H         PUBLIC        fell_alarm_count
  B:00B8H.4       PUBLIC        PS
  B:0021H.2       PUBLIC        Silence_Flag
  C:083AH         PUBLIC        main
  B:0021H.3       PUBLIC        IDkey_speech_flash
  X:0006H         PUBLIC        IDkey_selflearn_HVcount
  X:0008H         PUBLIC        received_data_buffer
  X:000FH         PUBLIC        data_count
  X:0010H         PUBLIC        sensor_2ndstage_count
  B:0021H.4       PUBLIC        IDkey_selflearn_flag1
  B:0021H.5       PUBLIC        IDkey_selflearn_flag2
  B:0021H.6       PUBLIC        IDkey_selflearn_flag3
  X:0011H         PUBLIC        IDkey_selflearn_LVcount
  X:0013H         PUBLIC        wire_broken_count
  B:0021H.7       PUBLIC        IDkey_selflearn_flag4
  D:00D8H         PUBLIC        WDCON0
  B:0022H.0       PUBLIC        IDkey_selflearn_flag5
  X:0014H         PUBLIC        ADC_check_result
  X:0016H         PUBLIC        sensor_2ndstage_time
  X:0018H         PUBLIC        sensor_3rdstage_count
  X:0019H         PUBLIC        IDkey_certificated_times
  B:0022H.1       PUBLIC        IDkey_selflearn_flag6
  X:001AH         PUBLIC        one_receive_byte_count
  B:0090H.0       PUBLIC        P10
  D:0099H         PUBLIC        SBUF
  X:001BH         PUBLIC        sensor_3rdstage_time
  D:0098H         PUBLIC        SCON
  D:0088H         PUBLIC        TCON
  C:3004H         PUBLIC        IDkey10
  C:3005H         PUBLIC        IDkey11
  X:001DH         PUBLIC        sensor_1ststage_count
  B:0022H.2       PUBLIC        IDkey_flash_EN
BL51 BANKED LINKER/LOCATER V6.22                                                      12/21/2014  14:52:18  PAGE 8


  B:00A0H.5       PUBLIC        key_rotate
  B:0080H.5       PUBLIC        motor_lock
  X:001EH         PUBLIC        raise_wire_time
  B:00A0H.7       PUBLIC        transmiter_EN
  B:00A8H.1       PUBLIC        ET0
  D:008CH         PUBLIC        TH0
  B:0022H.3       PUBLIC        flashing_flag
  B:0090H.3       PUBLIC        receiver_EN
  B:0022H.4       PUBLIC        host_stolen_alarm1_EN
  B:0080H.7       PUBLIC        horizontal_sensor
  D:008AH         PUBLIC        TL0
  B:0022H.5       PUBLIC        vibration_flag
  X:001FH         PUBLIC        fell_wire_time
  B:0022H.6       PUBLIC        host_stolen_alarm2_EN
  D:00E8H         PUBLIC        EIE
  C:0026H         PUBLIC        timer0
  B:0022H.7       PUBLIC        IDkey_flag
  B:0080H.2       PUBLIC        wheeled_rotate
  B:0088H.4       PUBLIC        TR0
  B:00A0H.2       PUBLIC        MagentControl_1
  B:0080H.4       PUBLIC        raised_sensor_detect
  B:00A0H.3       PUBLIC        MagentControl_2
  X:0020H         PUBLIC        IDkey_selflearn_flag4count
  D:00F8H         PUBLIC        ADCCON0
  D:00C0H         PUBLIC        I2CON
  X:0021H         PUBLIC        key_rotated_on_flag
  B:0023H.0       PUBLIC        wheeled_flag
  X:0022H         PUBLIC        vibration_count
  X:0024H         PUBLIC        timer0_count
  X:0026H         PUBLIC        sensor_3rdstage_effcount
  B:00A0H.6       PUBLIC        transmiter_power
  X:0027H         PUBLIC        IDkey_count
  X:0028H         PUBLIC        nearby_away_interval
  D:00C8H         PUBLIC        T2CON
  X:0029H         PUBLIC        enable_sensor_delay_count
  X:002AH         PUBLIC        host_stolen_alarm1_count
  X:002BH         PUBLIC        host_stolen_alarm2_count
  X:002CH         PUBLIC        sensor_3rdstage_interval
  B:0023H.1       PUBLIC        battery_stolen_EN
  B:0023H.2       PUBLIC        position_sensor_EN
  C:05CAH         PUBLIC        uart_isr
  X:002EH         PUBLIC        wheeled_count
  X:0030H         PUBLIC        raised_fell_number
  X:0032H         PUBLIC        receive_HV_count
  X:0033H         PUBLIC        receive_LV_count
  B:0023H.3       PUBLIC        raised_flag
  X:0034H         PUBLIC        raised_alarm_count
  D:00D0H         PUBLIC        PSW
  B:0080H.0       PUBLIC        sensor_detect
  -------         PROC          MAIN
  C:083AH         LINE#         108
  C:083AH         LINE#         109
  C:083AH         LINE#         111
  C:083DH         LINE#         113
  C:0840H         LINE#         114
  C:0845H         LINE#         115
  C:0847H         LINE#         116
BL51 BANKED LINKER/LOCATER V6.22                                                      12/21/2014  14:52:18  PAGE 9


  C:0849H         LINE#         117
  C:084BH         LINE#         118
  C:084DH         LINE#         119
  C:084FH         LINE#         120
  C:0851H         LINE#         122
  C:0853H         LINE#         123
  C:0855H         LINE#         124
  C:0857H         LINE#         126
  C:0859H         LINE#         127
  C:085BH         LINE#         129
  C:085DH         LINE#         134
  C:085FH         LINE#         135
  C:0861H         LINE#         138
  C:0866H         LINE#         141
  C:0868H         LINE#         142
  C:086AH         LINE#         144
  C:086CH         LINE#         145
  C:086EH         LINE#         148
  C:0870H         LINE#         149
  C:0872H         LINE#         151
  C:0872H         LINE#         152
  C:0872H         LINE#         153
  C:0875H         LINE#         156
  C:0880H         LINE#         157
  C:0880H         LINE#         158
  C:0882H         LINE#         159
  C:0885H         LINE#         160
  C:0885H         LINE#         161
  C:0891H         LINE#         162
  C:0891H         LINE#         163
  C:089BH         LINE#         164
  C:089BH         LINE#         165
  C:089DH         LINE#         166
  C:089FH         LINE#         167
  C:08A1H         LINE#         168
  C:08A3H         LINE#         169
  C:08A3H         LINE#         170
  C:08A3H         LINE#         171
  C:08AEH         LINE#         172
  C:08AEH         LINE#         173
  C:08B0H         LINE#         174
  C:08B3H         LINE#         175
  C:08B3H         LINE#         176
  C:08BFH         LINE#         177
  C:08BFH         LINE#         178
  C:08C9H         LINE#         179
  C:08C9H         LINE#         180
  C:08CBH         LINE#         181
  C:08CDH         LINE#         182
  C:08CFH         LINE#         183
  C:08D1H         LINE#         184
  C:08D1H         LINE#         185
  C:08D1H         LINE#         186
  -------         ENDPROC       MAIN
  -------         PROC          TIMER0
  C:0026H         LINE#         194
  C:0043H         LINE#         197
BL51 BANKED LINKER/LOCATER V6.22                                                      12/21/2014  14:52:18  PAGE 10


  C:0048H         LINE#         198
  C:004DH         LINE#         201
  C:0064H         LINE#         202
  C:0064H         LINE#         204
  C:0068H         LINE#         207
  C:006BH         LINE#         208
  C:0076H         LINE#         210
  C:0079H         LINE#         211
  C:0079H         LINE#         212
  C:0083H         LINE#         213
  C:0083H         LINE#         214
  C:0085H         LINE#         215
  C:0087H         LINE#         216
  C:008AH         LINE#         217
  C:008FH         LINE#         218
  C:008FH         LINE#         219
  C:0092H         LINE#         220
  C:0092H         LINE#         221
  C:0092H         LINE#         222
  C:0092H         LINE#         224
  C:0098H         LINE#         225
  C:0098H         LINE#         226
  C:00A2H         LINE#         227
  C:00A2H         LINE#         228
  C:00A4H         LINE#         229
  C:00A6H         LINE#         230
  C:00A9H         LINE#         231
  C:00A9H         LINE#         232
  C:00A9H         LINE#         234
  C:00ACH         LINE#         235
  C:00ACH         LINE#         236
  C:00B6H         LINE#         237
  C:00B6H         LINE#         238
  C:00BCH         LINE#         239
  C:00C1H         LINE#         240
  C:00C3H         LINE#         241
  C:00C5H         LINE#         242
  C:00C7H         LINE#         243
  C:00C9H         LINE#         244
  C:00CCH         LINE#         245
  C:00CCH         LINE#         246
  C:00CCH         LINE#         247
  C:00CCH         LINE#         249
  C:00CFH         LINE#         250
  C:00CFH         LINE#         251
  C:00D1H         LINE#         253
  C:00D4H         LINE#         254
  C:00DBH         LINE#         255
  C:00E2H         LINE#         256
  C:00E2H         LINE#         258
  C:00E5H         LINE#         259
  C:00E5H         LINE#         260
  C:00EBH         LINE#         262
  C:0102H         LINE#         263
  C:0102H         LINE#         264
  C:0102H         LINE#         265
  C:0102H         LINE#         266
BL51 BANKED LINKER/LOCATER V6.22                                                      12/21/2014  14:52:18  PAGE 11


  C:0102H         LINE#         267
  C:0102H         LINE#         268
  C:0102H         LINE#         269
  C:0102H         LINE#         270
  C:0104H         LINE#         272
  C:0104H         LINE#         273
  C:0106H         LINE#         274
  C:0109H         LINE#         275
  C:010BH         LINE#         276
  C:010EH         LINE#         277
  C:0110H         LINE#         278
  C:0110H         LINE#         279
  C:0112H         LINE#         281
  C:0112H         LINE#         282
  C:0118H         LINE#         284
  C:011BH         LINE#         285
  C:011DH         LINE#         287
  C:0120H         LINE#         288
  C:0122H         LINE#         290
  C:0125H         LINE#         291
  C:0127H         LINE#         293
  C:013EH         LINE#         294
  C:013EH         LINE#         295
  C:0145H         LINE#         296
  C:0147H         LINE#         297
  C:0149H         LINE#         298
  C:014BH         LINE#         299
  C:014DH         LINE#         300
  C:014FH         LINE#         301
  C:014FH         LINE#         302
  C:014FH         LINE#         306
  C:0152H         LINE#         307
  C:0152H         LINE#         308
  C:0154H         LINE#         309
  C:0156H         LINE#         310
  C:0158H         LINE#         311
  C:015AH         LINE#         312
  C:015CH         LINE#         313
  C:015EH         LINE#         314
  C:0160H         LINE#         315
  C:0162H         LINE#         316
  C:016EH         LINE#         317
  C:017AH         LINE#         318
  C:017AH         LINE#         321
  C:0185H         LINE#         322
  C:0185H         LINE#         323
  C:0188H         LINE#         325
  C:018BH         LINE#         326
  C:018BH         LINE#         327
  C:018EH         LINE#         329
  C:0192H         LINE#         330
  C:0194H         LINE#         331
  C:0197H         LINE#         333
  C:01A2H         LINE#         335
  C:01AEH         LINE#         336
  C:01AEH         LINE#         337
  C:01AEH         LINE#         340
BL51 BANKED LINKER/LOCATER V6.22                                                      12/21/2014  14:52:18  PAGE 12


  C:01B8H         LINE#         341
  C:01B8H         LINE#         342
  C:01BEH         LINE#         343
  C:01BEH         LINE#         344
  C:01C1H         LINE#         345
  C:01C4H         LINE#         346
  C:01C4H         LINE#         348
  C:01C8H         LINE#         349
  C:01D3H         LINE#         351
  C:01D3H         LINE#         352
  C:01D3H         LINE#         353
  C:01D3H         LINE#         355
  C:01D9H         LINE#         356
  C:01D9H         LINE#         357
  C:01DBH         LINE#         358
  C:01E1H         LINE#         359
  C:01E1H         LINE#         360
  C:01E4H         LINE#         361
  C:01E4H         LINE#         362
  C:01FBH         LINE#         363
  C:01FBH         LINE#         364
  C:01FDH         LINE#         365
  C:0201H         LINE#         366
  C:0201H         LINE#         367
  C:0201H         LINE#         370
  C:0204H         LINE#         371
  C:0204H         LINE#         372
  C:0206H         LINE#         373
  C:020CH         LINE#         374
  C:020CH         LINE#         375
  C:020FH         LINE#         376
  C:020FH         LINE#         377
  C:0226H         LINE#         378
  C:0226H         LINE#         379
  C:0228H         LINE#         380
  C:022CH         LINE#         381
  C:022CH         LINE#         382
  C:022CH         LINE#         385
  C:0232H         LINE#         386
  C:0232H         LINE#         387
  C:0234H         LINE#         388
  C:023AH         LINE#         389
  C:023AH         LINE#         393
  C:024CH         LINE#         394
  C:024CH         LINE#         395
  C:024EH         LINE#         396
  C:0250H         LINE#         397
  C:0259H         LINE#         398
  C:0259H         LINE#         399
  C:025BH         LINE#         400
  C:025FH         LINE#         401
  C:025FH         LINE#         404
  C:026BH         LINE#         405
  C:026BH         LINE#         407
  C:0271H         LINE#         408
  C:0271H         LINE#         410
  C:0281H         LINE#         411
BL51 BANKED LINKER/LOCATER V6.22                                                      12/21/2014  14:52:18  PAGE 13


  C:0281H         LINE#         413
  C:0281H         LINE#         414
  C:0281H         LINE#         418
  C:028DH         LINE#         419
  C:028DH         LINE#         421
  C:029AH         LINE#         422
  C:029AH         LINE#         423
  C:029CH         LINE#         426
  C:02A0H         LINE#         429
  C:02A3H         LINE#         430
  C:02A3H         LINE#         431
  C:02A6H         LINE#         433
  C:02A6H         LINE#         435
  C:02AAH         LINE#         436
  C:02AAH         LINE#         437
  C:02AAH         LINE#         438
  C:02ADH         LINE#         441
  C:02ADH         LINE#         442
  C:02ADH         LINE#         443
  C:02B3H         LINE#         444
  C:02B3H         LINE#         446
  C:02BDH         LINE#         447
  C:02BDH         LINE#         448
  C:02BFH         LINE#         449
  C:02C4H         LINE#         452
  C:02C7H         LINE#         453
  C:02C7H         LINE#         454
  C:02C9H         LINE#         456
  C:02C9H         LINE#         457
  C:02CDH         LINE#         458
  C:02CDH         LINE#         461
  C:02E4H         LINE#         462
  C:02E4H         LINE#         463
  C:02E8H         LINE#         464
  C:02EBH         LINE#         465
  C:02EEH         LINE#         466
  C:02F3H         LINE#         467
  C:02F3H         LINE#         468
  C:02F3H         LINE#         469
  C:02F5H         LINE#         472
  C:02F5H         LINE#         473
  C:02F5H         LINE#         474
  C:02FBH         LINE#         475
  C:02FBH         LINE#         477
  C:0305H         LINE#         478
  C:0305H         LINE#         479
  C:0307H         LINE#         481
  C:0309H         LINE#         482
  C:030BH         LINE#         483
  C:030DH         LINE#         484
  C:030DH         LINE#         485
  C:030FH         LINE#         487
  C:030FH         LINE#         488
  C:0313H         LINE#         489
  C:0313H         LINE#         492
  C:032AH         LINE#         493
  C:032AH         LINE#         494
BL51 BANKED LINKER/LOCATER V6.22                                                      12/21/2014  14:52:18  PAGE 14


  C:032EH         LINE#         495
  C:0331H         LINE#         496
  C:0334H         LINE#         497
  C:0339H         LINE#         498
  C:033EH         LINE#         499
  C:0347H         LINE#         500
  C:034BH         LINE#         501
  C:034EH         LINE#         502
  C:034EH         LINE#         503
  C:034EH         LINE#         504
  C:034EH         LINE#         505
  C:034EH         LINE#         508
  C:0359H         LINE#         509
  C:0359H         LINE#         510
  C:0360H         LINE#         511
  C:0360H         LINE#         512
  C:0362H         LINE#         513
  C:0364H         LINE#         514
  C:0367H         LINE#         515
  C:0367H         LINE#         516
  C:0369H         LINE#         517
  C:036FH         LINE#         518
  C:036FH         LINE#         519
  C:0373H         LINE#         520
  C:0375H         LINE#         521
  C:0377H         LINE#         522
  C:0377H         LINE#         524
  C:0377H         LINE#         525
  C:0377H         LINE#         528
  C:037AH         LINE#         529
  C:037AH         LINE#         531
  C:037DH         LINE#         532
  C:037DH         LINE#         534
  C:0385H         LINE#         535
  C:0385H         LINE#         537
  C:0387H         LINE#         538
  C:0389H         LINE#         540
  C:038CH         LINE#         541
  C:038CH         LINE#         543
  C:038EH         LINE#         544
  C:038EH         LINE#         545
  C:038EH         LINE#         546
  C:0390H         LINE#         548
  C:0390H         LINE#         549
  C:0392H         LINE#         550
  C:0396H         LINE#         551
  C:0399H         LINE#         552
  C:039BH         LINE#         553
  C:039BH         LINE#         555
  C:039EH         LINE#         556
  C:039EH         LINE#         558
  C:03A6H         LINE#         559
  C:03A6H         LINE#         561
  C:03A8H         LINE#         562
  C:03AAH         LINE#         564
  C:03ADH         LINE#         565
  C:03ADH         LINE#         566
BL51 BANKED LINKER/LOCATER V6.22                                                      12/21/2014  14:52:18  PAGE 15


  C:03AFH         LINE#         567
  C:03AFH         LINE#         568
  C:03AFH         LINE#         569
  C:03B1H         LINE#         571
  C:03B1H         LINE#         572
  C:03B3H         LINE#         573
  C:03B7H         LINE#         574
  C:03BAH         LINE#         575
  C:03BCH         LINE#         576
  C:03BCH         LINE#         577
  C:03BCH         LINE#         580
  C:03BFH         LINE#         581
  C:03BFH         LINE#         582
  C:03D6H         LINE#         583
  C:03D6H         LINE#         584
  C:03D8H         LINE#         585
  C:03DCH         LINE#         586
  C:03DEH         LINE#         588
  C:03E1H         LINE#         589
  C:03E4H         LINE#         590
  C:03E7H         LINE#         591
  C:03ECH         LINE#         592
  C:03F1H         LINE#         593
  C:03FAH         LINE#         594
  C:03FEH         LINE#         595
  C:0401H         LINE#         596
  C:0401H         LINE#         597
  C:0401H         LINE#         600
  C:0413H         LINE#         601
  C:0413H         LINE#         602
  C:0418H         LINE#         603
  C:041EH         LINE#         604
  C:041EH         LINE#         605
  C:0420H         LINE#         606
  C:0426H         LINE#         607
  C:0426H         LINE#         608
  C:0426H         LINE#         609
  C:043DH         LINE#         610
  C:043DH         LINE#         611
  C:0444H         LINE#         612
  C:0446H         LINE#         613
  C:0446H         LINE#         614
  -------         ENDPROC       TIMER0
  -------         PROC          UART_ISR
  C:05CAH         LINE#         619
  C:05E7H         LINE#         621
  C:05EDH         LINE#         622
  C:05EDH         LINE#         623
  C:05EFH         LINE#         624
  C:05F9H         LINE#         628
  C:05FFH         LINE#         629
  C:05FFH         LINE#         631
  C:0608H         LINE#         632
  C:0608H         LINE#         633
  C:060DH         LINE#         634
  C:0610H         LINE#         635
  C:061CH         LINE#         636
BL51 BANKED LINKER/LOCATER V6.22                                                      12/21/2014  14:52:18  PAGE 16


  C:061CH         LINE#         637
  C:0621H         LINE#         638
  C:0623H         LINE#         639
  C:0630H         LINE#         640
  C:0630H         LINE#         641
  C:0635H         LINE#         642
  C:0637H         LINE#         643
  C:0641H         LINE#         644
  C:0641H         LINE#         645
  C:0646H         LINE#         646
  C:0648H         LINE#         647
  C:0654H         LINE#         648
  C:0654H         LINE#         649
  C:0659H         LINE#         650
  C:065BH         LINE#         651
  C:0667H         LINE#         652
  C:0667H         LINE#         653
  C:066BH         LINE#         654
  C:066DH         LINE#         655
  C:0670H         LINE#         656
  C:0673H         LINE#         657
  C:0675H         LINE#         659
  C:0681H         LINE#         660
  C:0681H         LINE#         661
  C:0683H         LINE#         662
  C:0683H         LINE#         663
  C:0685H         LINE#         665
  C:0685H         LINE#         666
  C:0689H         LINE#         667
  C:0689H         LINE#         668
  C:068BH         LINE#         670
  C:068BH         LINE#         672
  C:0695H         LINE#         673
  C:0695H         LINE#         674
  C:0697H         LINE#         675
  C:0699H         LINE#         676
  C:0699H         LINE#         677
  C:0699H         LINE#         678
  C:0699H         LINE#         679
  -------         ENDPROC       UART_ISR
  -------         ENDMOD        MAIN

  -------         MODULE        AD
  C:0000H         SYMBOL        _ICE_DUMMY_
  D:0080H         PUBLIC        P0
  D:0090H         PUBLIC        P1
  D:00A0H         PUBLIC        P2
  D:00B0H         PUBLIC        P3
  D:00A8H         PUBLIC        IE
  D:00E2H         PUBLIC        ADCH
  B:00F8H.4       PUBLIC        ADCI
  D:00B8H         PUBLIC        IP
  B:00F8H.3       PUBLIC        ADCS
  D:00F6H         PUBLIC        P0DIDS
  D:00D8H         PUBLIC        WDCON0
  D:0098H         PUBLIC        SCON
  D:0088H         PUBLIC        TCON
BL51 BANKED LINKER/LOCATER V6.22                                                      12/21/2014  14:52:18  PAGE 17


  B:00F8H.0       PUBLIC        AADR0
  B:00F8H.1       PUBLIC        AADR1
  B:00F8H.2       PUBLIC        AADR2
  D:00E8H         PUBLIC        EIE
  D:00F8H         PUBLIC        ADCCON0
  D:00E1H         PUBLIC        ADCCON1
  D:00C0H         PUBLIC        I2CON
  D:00C8H         PUBLIC        T2CON
  C:09D4H         PUBLIC        _GetADCResult
  D:00D0H         PUBLIC        PSW
  -------         PROC          _GETADCRESULT
  D:0007H         SYMBOL        ch
  -------         DO            
  D:0005H         SYMBOL        DataL
  D:0002H         SYMBOL        DataH
  -------         ENDDO         
  C:09D4H         LINE#         18
  C:09D4H         LINE#         19
  C:09D4H         LINE#         20
  C:09D5H         LINE#         21
  C:09D6H         LINE#         23
  C:09DBH         LINE#         24
  C:09DBH         LINE#         26
  C:09DEH         LINE#         28
  C:09E0H         LINE#         29
  C:09E2H         LINE#         30
  C:09E4H         LINE#         32
  C:09E7H         LINE#         34
  C:09E9H         LINE#         35
  C:09EBH         LINE#         37
  C:09EDH         LINE#         38
  C:09F4H         LINE#         40
  C:09F8H         LINE#         41
  C:0A0AH         LINE#         43
  C:0A0EH         LINE#         44
  C:0A0EH         LINE#         46
  C:0A13H         LINE#         47
  C:0A13H         LINE#         49
  C:0A16H         LINE#         52
  C:0A18H         LINE#         53
  C:0A1AH         LINE#         54
  C:0A1CH         LINE#         56
  C:0A1FH         LINE#         58
  C:0A21H         LINE#         59
  C:0A23H         LINE#         61
  C:0A25H         LINE#         62
  C:0A2CH         LINE#         64
  C:0A32H         LINE#         65
  C:0A44H         LINE#         67
  C:0A47H         LINE#         68
  C:0A47H         LINE#         69
  -------         ENDPROC       _GETADCRESULT
  -------         ENDMOD        AD

  -------         MODULE        BATTERY
  C:0000H         SYMBOL        _ICE_DUMMY_
  D:0080H         PUBLIC        P0
BL51 BANKED LINKER/LOCATER V6.22                                                      12/21/2014  14:52:18  PAGE 18


  D:0090H         PUBLIC        P1
  D:00A0H         PUBLIC        P2
  D:00B0H         PUBLIC        P3
  B:0090H.4       PUBLIC        voice_EN
  D:00A8H         PUBLIC        IE
  D:00B8H         PUBLIC        IP
  C:077FH         PUBLIC        _verifybattery
  C:1501H         PUBLIC        CheckADC
  D:00D8H         PUBLIC        WDCON0
  D:0098H         PUBLIC        SCON
  D:0088H         PUBLIC        TCON
  D:00E8H         PUBLIC        EIE
  D:00F8H         PUBLIC        ADCCON0
  D:00C0H         PUBLIC        I2CON
  D:00C8H         PUBLIC        T2CON
  D:00D0H         PUBLIC        PSW
  -------         PROC          CHECKADC
  C:1501H         LINE#         21
  C:1501H         LINE#         22
  C:1501H         LINE#         24
  C:150DH         LINE#         25
  -------         ENDPROC       CHECKADC
  -------         PROC          _VERIFYBATTERY
  X:0073H         SYMBOL        Check2
  C:077FH         LINE#         32
  C:0786H         LINE#         33
  C:0786H         LINE#         35
  C:078EH         LINE#         36
  C:078EH         LINE#         37
  C:0790H         LINE#         38
  C:0795H         LINE#         39
  C:0797H         LINE#         40
  C:0797H         LINE#         41
  C:079AH         LINE#         43
  C:07B2H         LINE#         44
  C:07B2H         LINE#         45
  C:07B4H         LINE#         46
  C:07B9H         LINE#         47
  C:07BBH         LINE#         48
  C:07BBH         LINE#         49
  C:07BDH         LINE#         51
  C:07D5H         LINE#         52
  C:07D5H         LINE#         53
  C:07D7H         LINE#         54
  C:07DCH         LINE#         55
  C:07DEH         LINE#         56
  C:07DEH         LINE#         57
  C:07E0H         LINE#         59
  C:07F8H         LINE#         60
  C:07F8H         LINE#         61
  C:07FAH         LINE#         62
  C:07FFH         LINE#         63
  C:0801H         LINE#         64
  C:0801H         LINE#         65
  C:0803H         LINE#         67
  C:081BH         LINE#         68
  C:081BH         LINE#         69
BL51 BANKED LINKER/LOCATER V6.22                                                      12/21/2014  14:52:18  PAGE 19


  C:081DH         LINE#         70
  C:0822H         LINE#         71
  C:0827H         LINE#         72
  C:0829H         LINE#         73
  C:082AH         LINE#         75
  C:0836H         LINE#         76
  C:0836H         LINE#         77
  C:0839H         LINE#         78
  C:0839H         LINE#         79
  -------         ENDPROC       _VERIFYBATTERY
  -------         ENDMOD        BATTERY

  -------         MODULE        COMMUNICATION
  C:0000H         SYMBOL        _ICE_DUMMY_
  C:0B9CH         PUBLIC        receive_byte
  D:0080H         PUBLIC        P0
  D:0090H         PUBLIC        P1
  D:00A0H         PUBLIC        P2
  D:00B0H         PUBLIC        P3
  C:1059H         PUBLIC        _ComMode_Data
  C:108BH         PUBLIC        UART_Send_Data
  C:0F26H         PUBLIC        receive_word
  D:00A8H         PUBLIC        IE
  C:1025H         PUBLIC        _ComMode_Data_WX
  D:00B8H         PUBLIC        IP
  B:0080H.1       PUBLIC        lock_code
  D:00D8H         PUBLIC        WDCON0
  B:0090H.0       PUBLIC        P10
  B:0090H.1       PUBLIC        P11
  D:0098H         PUBLIC        SCON
  D:0088H         PUBLIC        TCON
  C:0D77H         PUBLIC        initsignal
  B:00A0H.7       PUBLIC        transmiter_EN
  B:0090H.3       PUBLIC        receiver_EN
  C:0ABBH         PUBLIC        _send_code_to_lock_Taili
  D:00E8H         PUBLIC        EIE
  B:00A0H.3       PUBLIC        MagentControl_2
  D:00F8H         PUBLIC        ADCCON0
  D:00C0H         PUBLIC        I2CON
  D:00C8H         PUBLIC        T2CON
  C:0C66H         PUBLIC        _Send_Data
  B:0090H.0       PUBLIC        TXD
  C:0A48H         PUBLIC        _send_code_to_lock
  D:00D0H         PUBLIC        PSW
  X:0049H         PUBLIC        myTxRxData
  -------         PROC          INITSIGNAL
  -------         DO            
  X:0035H         SYMBOL        k
  X:0036H         SYMBOL        k1
  X:0037H         SYMBOL        mystartbuffer
  -------         ENDDO         
  C:0D77H         LINE#         35
  C:0D77H         LINE#         36
  C:0D77H         LINE#         38
  C:0D7CH         LINE#         39
  C:0D7FH         LINE#         40
  C:0D7FH         LINE#         41
BL51 BANKED LINKER/LOCATER V6.22                                                      12/21/2014  14:52:18  PAGE 20


  C:0D83H         LINE#         42
  C:0D83H         LINE#         43
  C:0D86H         LINE#         44
  C:0D86H         LINE#         45
  C:0D86H         LINE#         46
  C:0D86H         LINE#         47
  C:0D86H         LINE#         49
  C:0D86H         LINE#         50
  C:0D88H         LINE#         51
  C:0D91H         LINE#         52
  C:0D91H         LINE#         53
  C:0D93H         LINE#         54
  C:0D99H         LINE#         55
  C:0DA2H         LINE#         56
  C:0DADH         LINE#         57
  C:0DB2H         LINE#         58
  C:0DBBH         LINE#         59
  C:0DC6H         LINE#         60
  C:0DC8H         LINE#         61
  -------         ENDPROC       INITSIGNAL
  -------         PROC          _SEND_DATA
  X:0038H         SYMBOL        x
  -------         DO            
  X:0039H         SYMBOL        i
  X:003AH         SYMBOL        n
  -------         ENDDO         
  C:0C66H         LINE#         67
  C:0C6AH         LINE#         68
  C:0C6AH         LINE#         70
  C:0C6DH         LINE#         71
  C:0C6DH         LINE#         72
  C:0C71H         LINE#         73
  C:0C71H         LINE#         74
  C:0C7BH         LINE#         75
  C:0C7BH         LINE#         76
  C:0C7DH         LINE#         77
  C:0C85H         LINE#         78
  C:0C87H         LINE#         80
  C:0C87H         LINE#         81
  C:0C89H         LINE#         82
  C:0C94H         LINE#         83
  C:0C94H         LINE#         84
  C:0C96H         LINE#         85
  C:0CA4H         LINE#         86
  C:0CAFH         LINE#         87
  C:0CBAH         LINE#         88
  C:0CC5H         LINE#         89
  -------         ENDPROC       _SEND_DATA
  -------         PROC          _COMMODE_DATA
  X:003BH         SYMBOL        ComMode
  X:003CH         SYMBOL        x
  C:1059H         LINE#         97
  C:1063H         LINE#         98
  C:1063H         LINE#         99
  C:1065H         LINE#         100
  C:106AH         LINE#         101
  C:106CH         LINE#         102
BL51 BANKED LINKER/LOCATER V6.22                                                      12/21/2014  14:52:18  PAGE 21


  C:1071H         LINE#         103
  C:1075H         LINE#         104
  C:107BH         LINE#         106
  C:107EH         LINE#         107
  C:1086H         LINE#         109
  C:1088H         LINE#         110
  C:108AH         LINE#         111
  -------         ENDPROC       _COMMODE_DATA
  -------         PROC          _COMMODE_DATA_WX
  X:003EH         SYMBOL        ComMode
  X:003FH         SYMBOL        x
  C:1025H         LINE#         119
  C:102FH         LINE#         120
  C:102FH         LINE#         121
  C:1031H         LINE#         122
  C:1036H         LINE#         123
  C:1038H         LINE#         124
  C:103DH         LINE#         125
  C:1041H         LINE#         126
  C:1047H         LINE#         128
  C:104AH         LINE#         129
  C:1052H         LINE#         131
  C:1054H         LINE#         132
  C:1056H         LINE#         133
  C:1058H         LINE#         134
  -------         ENDPROC       _COMMODE_DATA_WX
  -------         PROC          UART_SEND_DATA
  C:108BH         LINE#         139
  C:108BH         LINE#         140
  C:108BH         LINE#         141
  C:108DH         LINE#         142
  C:1092H         LINE#         143
  C:1094H         LINE#         144
  C:1099H         LINE#         145
  C:109DH         LINE#         146
  C:10A1H         LINE#         147
  C:10A5H         LINE#         148
  C:10A9H         LINE#         150
  C:10ACH         LINE#         151
  C:10B7H         LINE#         153
  C:10B9H         LINE#         154
  C:10BBH         LINE#         156
  -------         ENDPROC       UART_SEND_DATA
  -------         PROC          RECEIVE_BYTE
  C:0B9CH         LINE#         162
  C:0B9CH         LINE#         163
  C:0B9CH         LINE#         165
  C:0B9FH         LINE#         166
  C:0B9FH         LINE#         168
  C:0BA7H         LINE#         169
  C:0BA7H         LINE#         170
  C:0BA9H         LINE#         171
  C:0BA9H         LINE#         172
  C:0BABH         LINE#         173
  C:0BACH         LINE#         176
  C:0BACH         LINE#         178
  C:0BAFH         LINE#         179
BL51 BANKED LINKER/LOCATER V6.22                                                      12/21/2014  14:52:18  PAGE 22


  C:0BAFH         LINE#         181
  C:0BB1H         LINE#         184
  C:0BC0H         LINE#         185
  C:0BC0H         LINE#         187
  C:0BC6H         LINE#         188
  C:0BC8H         LINE#         189
  C:0BC8H         LINE#         190
  C:0BC8H         LINE#         191
  C:0BCAH         LINE#         193
  C:0BD2H         LINE#         194
  C:0BD2H         LINE#         196
  C:0BD8H         LINE#         197
  C:0BDBH         LINE#         198
  C:0BE0H         LINE#         199
  C:0BE4H         LINE#         200
  C:0BE6H         LINE#         203
  C:0BE6H         LINE#         205
  C:0BEBH         LINE#         206
  C:0BEBH         LINE#         208
  C:0BEFH         LINE#         209
  C:0BF0H         LINE#         211
  C:0BF0H         LINE#         213
  C:0BFAH         LINE#         214
  C:0BFAH         LINE#         215
  C:0BFEH         LINE#         216
  C:0C00H         LINE#         217
  C:0C03H         LINE#         218
  C:0C03H         LINE#         219
  C:0C03H         LINE#         220
  C:0C03H         LINE#         221
  -------         ENDPROC       RECEIVE_BYTE
  -------         PROC          RECEIVE_WORD
  C:0F26H         LINE#         227
  C:0F26H         LINE#         228
  C:0F26H         LINE#         230
  C:0F2DH         LINE#         231
  C:0F2DH         LINE#         232
  C:0F2EH         LINE#         234
  C:0F3BH         LINE#         237
  C:0F44H         LINE#         238
  C:0F44H         LINE#         239
  C:0F49H         LINE#         240
  C:0F4AH         LINE#         242
  C:0F54H         LINE#         243
  C:0F54H         LINE#         244
  C:0F59H         LINE#         245
  C:0F5AH         LINE#         246
  C:0F5EH         LINE#         247
  C:0F5EH         LINE#         248
  C:0F60H         LINE#         249
  C:0F60H         LINE#         250
  C:0F62H         LINE#         252
  C:0F62H         LINE#         253
  C:0F66H         LINE#         254
  C:0F66H         LINE#         255
  C:0F66H         LINE#         256
  -------         ENDPROC       RECEIVE_WORD
BL51 BANKED LINKER/LOCATER V6.22                                                      12/21/2014  14:52:18  PAGE 23


  -------         PROC          _SEND_CODE_TO_LOCK
  D:0007H         SYMBOL        x
  X:0041H         SYMBOL        y
  -------         DO            
  X:0043H         SYMBOL        i
  X:0044H         SYMBOL        n
  -------         ENDDO         
  C:0A48H         LINE#         263
  C:0A4FH         LINE#         264
  C:0A4FH         LINE#         266
  C:0A54H         LINE#         267
  C:0A58H         LINE#         268
  C:0A5BH         LINE#         274
  C:0A5FH         LINE#         275
  C:0A5FH         LINE#         276
  C:0A63H         LINE#         277
  C:0A63H         LINE#         278
  C:0A6DH         LINE#         279
  C:0A6DH         LINE#         280
  C:0A6FH         LINE#         281
  C:0A78H         LINE#         282
  C:0A7AH         LINE#         284
  C:0A7AH         LINE#         285
  C:0A7CH         LINE#         286
  C:0A88H         LINE#         287
  C:0A88H         LINE#         288
  C:0A8AH         LINE#         289
  C:0A98H         LINE#         290
  C:0AA4H         LINE#         291
  C:0AAFH         LINE#         292
  C:0ABAH         LINE#         293
  -------         ENDPROC       _SEND_CODE_TO_LOCK
  -------         PROC          _SEND_CODE_TO_LOCK_TAILI
  D:0007H         SYMBOL        x
  X:0045H         SYMBOL        y
  -------         DO            
  X:0047H         SYMBOL        i
  X:0048H         SYMBOL        n
  -------         ENDDO         
  C:0ABBH         LINE#         300
  C:0AC2H         LINE#         301
  C:0AC2H         LINE#         303
  C:0AC7H         LINE#         304
  C:0ACBH         LINE#         305
  C:0ACEH         LINE#         311
  C:0AD2H         LINE#         312
  C:0AD2H         LINE#         313
  C:0AD6H         LINE#         314
  C:0AD6H         LINE#         315
  C:0AE0H         LINE#         316
  C:0AE0H         LINE#         317
  C:0AE2H         LINE#         318
  C:0AEBH         LINE#         319
  C:0AEDH         LINE#         321
  C:0AEDH         LINE#         322
  C:0AEFH         LINE#         323
  C:0AFBH         LINE#         324
BL51 BANKED LINKER/LOCATER V6.22                                                      12/21/2014  14:52:18  PAGE 24


  C:0AFBH         LINE#         325
  C:0AFDH         LINE#         326
  C:0B0BH         LINE#         327
  C:0B17H         LINE#         328
  C:0B22H         LINE#         329
  C:0B2DH         LINE#         330
  -------         ENDPROC       _SEND_CODE_TO_LOCK_TAILI
  -------         ENDMOD        COMMUNICATION

  -------         MODULE        DELAY
  C:0000H         SYMBOL        _ICE_DUMMY_
  D:0080H         PUBLIC        P0
  D:0090H         PUBLIC        P1
  D:00A0H         PUBLIC        P2
  D:00B0H         PUBLIC        P3
  X:0056H         PUBLIC        Timeout_loop
  D:00A8H         PUBLIC        IE
  C:1237H         PUBLIC        Delay_10ms
  C:1251H         PUBLIC        Delay_50ms
  D:00B8H         PUBLIC        IP
  B:0090H.2       PUBLIC        magnet_overcurrent
  D:00D8H         PUBLIC        WDCON0
  C:0FE7H         PUBLIC        _Magnet_Delay
  D:0098H         PUBLIC        SCON
  D:0088H         PUBLIC        TCON
  C:126BH         PUBLIC        Delay_500ms
  C:0FA8H         PUBLIC        _Custom_Delay
  C:11C5H         PUBLIC        _delay_ms
  D:00E8H         PUBLIC        EIE
  D:00F8H         PUBLIC        ADCCON0
  C:129FH         PUBLIC        _delay_us
  D:00C0H         PUBLIC        I2CON
  C:1203H         PUBLIC        Delay_1ms
  D:00C8H         PUBLIC        T2CON
  C:121DH         PUBLIC        Delay_5ms
  C:131BH         PUBLIC        _Delay
  D:00D0H         PUBLIC        PSW
  -------         PROC          DELAY_1MS
  C:1203H         LINE#         15
  C:1203H         LINE#         16
  C:1203H         LINE#         17
  C:120CH         LINE#         20
  C:121CH         LINE#         21
  -------         ENDPROC       DELAY_1MS
  -------         PROC          DELAY_5MS
  C:121DH         LINE#         23
  C:121DH         LINE#         24
  C:121DH         LINE#         25
  C:1226H         LINE#         28
  C:1236H         LINE#         29
  -------         ENDPROC       DELAY_5MS
  -------         PROC          DELAY_10MS
  C:1237H         LINE#         31
  C:1237H         LINE#         32
  C:1237H         LINE#         33
  C:1240H         LINE#         36
  C:1250H         LINE#         37
BL51 BANKED LINKER/LOCATER V6.22                                                      12/21/2014  14:52:18  PAGE 25


  -------         ENDPROC       DELAY_10MS
  -------         PROC          DELAY_50MS
  C:1251H         LINE#         39
  C:1251H         LINE#         40
  C:1251H         LINE#         41
  C:125AH         LINE#         44
  C:126AH         LINE#         45
  -------         ENDPROC       DELAY_50MS
  -------         PROC          DELAY_500MS
  C:126BH         LINE#         48
  C:126BH         LINE#         49
  C:126BH         LINE#         50
  C:1274H         LINE#         53
  C:1284H         LINE#         54
  -------         ENDPROC       DELAY_500MS
  -------         PROC          _DELAY
  D:0007H         SYMBOL        n
  -------         DO            
  D:0004H         SYMBOL        x
  -------         ENDDO         
  C:131BH         LINE#         61
  C:131BH         LINE#         62
  C:131BH         LINE#         64
  C:1321H         LINE#         65
  C:1321H         LINE#         66
  C:1325H         LINE#         67
  C:1331H         LINE#         69
  -------         ENDPROC       _DELAY
  -------         PROC          _CUSTOM_DELAY
  D:0007H         SYMBOL        t
  X:0050H         SYMBOL        m
  -------         DO            
  X:0052H         SYMBOL        i
  D:0006H         SYMBOL        j
  -------         ENDDO         
  C:0FA8H         LINE#         75
  C:0FAFH         LINE#         76
  C:0FAFH         LINE#         79
  C:0FC1H         LINE#         80
  C:0FE6H         LINE#         81
  -------         ENDPROC       _CUSTOM_DELAY
  -------         PROC          _DELAY_MS
  D:0006H         SYMBOL        count
  -------         DO            
  D:0004H         SYMBOL        i
  D:0002H         SYMBOL        j
  -------         ENDDO         
  C:11C5H         LINE#         88
  C:11C5H         LINE#         89
  C:11C5H         LINE#         91
  C:11CFH         LINE#         92
  C:11CFH         LINE#         93
  C:11DDH         LINE#         94
  C:11E4H         LINE#         95
  -------         ENDPROC       _DELAY_MS
  -------         PROC          _DELAY_US
  D:0006H         SYMBOL        count1
BL51 BANKED LINKER/LOCATER V6.22                                                      12/21/2014  14:52:18  PAGE 26


  -------         DO            
  D:0004H         SYMBOL        i
  D:0003H         SYMBOL        j
  -------         ENDDO         
  C:129FH         LINE#         103
  C:129FH         LINE#         104
  C:129FH         LINE#         107
  C:12A9H         LINE#         108
  C:12A9H         LINE#         109
  C:12B0H         LINE#         110
  C:12B7H         LINE#         111
  -------         ENDPROC       _DELAY_US
  -------         PROC          _MAGNET_DELAY
  X:0054H         SYMBOL        x
  D:0004H         SYMBOL        y
  -------         DO            
  D:0001H         SYMBOL        i
  D:0002H         SYMBOL        j
  -------         ENDDO         
  C:0FE7H         LINE#         117
  C:0FEEH         LINE#         118
  C:0FEEH         LINE#         121
  C:0FF0H         LINE#         122
  C:0FF0H         LINE#         123
  C:1004H         LINE#         124
  C:1009H         LINE#         125
  C:100BH         LINE#         126
  C:100BH         LINE#         128
  C:100EH         LINE#         129
  C:100EH         LINE#         130
  C:101FH         LINE#         131
  C:101FH         LINE#         133
  C:101FH         LINE#         135
  C:101FH         LINE#         136
  C:1024H         LINE#         137
  -------         ENDPROC       _MAGNET_DELAY
  -------         ENDMOD        DELAY

  -------         MODULE        OPERATION
  C:0000H         SYMBOL        _ICE_DUMMY_
  D:0080H         PUBLIC        P0
  D:0090H         PUBLIC        P1
  D:00A0H         PUBLIC        P2
  D:00B0H         PUBLIC        P3
  D:00A8H         PUBLIC        IE
  D:00B8H         PUBLIC        IP
  D:00D8H         PUBLIC        WDCON0
  D:0098H         PUBLIC        SCON
  D:0088H         PUBLIC        TCON
  C:12B8H         PUBLIC        slave_nearby_operation
  D:00E8H         PUBLIC        EIE
  D:00F8H         PUBLIC        ADCCON0
  D:00C0H         PUBLIC        I2CON
  D:00C8H         PUBLIC        T2CON
  C:114AH         PUBLIC        slave_away_operation
  B:0023H.4       PUBLIC        enable_sensor_delayEN
  D:00D0H         PUBLIC        PSW
BL51 BANKED LINKER/LOCATER V6.22                                                      12/21/2014  14:52:18  PAGE 27


  -------         PROC          SLAVE_AWAY_OPERATION
  C:114AH         LINE#         54
  C:114AH         LINE#         55
  C:114AH         LINE#         57
  C:114DH         LINE#         58
  C:1157H         LINE#         61
  C:115AH         LINE#         63
  C:115DH         LINE#         65
  C:1160H         LINE#         68
  C:1162H         LINE#         69
  C:1166H         LINE#         71
  C:116BH         LINE#         72
  C:116FH         LINE#         74
  C:1172H         LINE#         75
  C:1174H         LINE#         77
  -------         ENDPROC       SLAVE_AWAY_OPERATION
  -------         PROC          SLAVE_NEARBY_OPERATION
  C:12B8H         LINE#         83
  C:12B8H         LINE#         84
  C:12B8H         LINE#         86
  C:12BBH         LINE#         87
  C:12BBH         LINE#         89
  C:12BEH         LINE#         91
  C:12C8H         LINE#         93
  C:12CBH         LINE#         94
  C:12CBH         LINE#         96
  C:12D0H         LINE#         98
  -------         ENDPROC       SLAVE_NEARBY_OPERATION
  -------         ENDMOD        OPERATION

  -------         MODULE        OTHER
  C:0000H         SYMBOL        _ICE_DUMMY_
  D:0080H         PUBLIC        P0
  D:0090H         PUBLIC        P1
  D:00A0H         PUBLIC        P2
  D:00B0H         PUBLIC        P3
  D:00A8H         PUBLIC        IE
  C:14D7H         PUBLIC        _magnet_ACW_Taili
  B:00A0H.4       PUBLIC        Moto_EN
  D:00B8H         PUBLIC        IP
  D:00D8H         PUBLIC        WDCON0
  D:0098H         PUBLIC        SCON
  D:0088H         PUBLIC        TCON
  C:1519H         PUBLIC        Moto_Vibration
  C:14C9H         PUBLIC        _magnet_ACW
  B:0080H.5       PUBLIC        motor_lock
  C:10EDH         PUBLIC        _magnet_CW_Taili
  D:00E8H         PUBLIC        EIE
  C:0E5AH         PUBLIC        disable_sensor
  B:00A0H.2       PUBLIC        MagentControl_1
  B:00A0H.3       PUBLIC        MagentControl_2
  D:00F8H         PUBLIC        ADCCON0
  D:00C0H         PUBLIC        I2CON
  D:00C8H         PUBLIC        T2CON
  C:13B7H         PUBLIC        enable_sensor
  C:10BCH         PUBLIC        _magnet_CW
  D:00D0H         PUBLIC        PSW
BL51 BANKED LINKER/LOCATER V6.22                                                      12/21/2014  14:52:18  PAGE 28


  -------         PROC          _MAGNET_CW
  X:0058H         SYMBOL        x
  X:005AH         SYMBOL        y
  D:0003H         SYMBOL        z
  C:10BCH         LINE#         44
  C:10C9H         LINE#         45
  C:10C9H         LINE#         47
  C:10D2H         LINE#         49
  C:10D4H         LINE#         50
  C:10D6H         LINE#         51
  C:10E6H         LINE#         52
  C:10E8H         LINE#         53
  C:10EAH         LINE#         54
  C:10ECH         LINE#         55
  -------         ENDPROC       _MAGNET_CW
  -------         PROC          _MAGNET_CW_TAILI
  X:005CH         SYMBOL        x
  X:005EH         SYMBOL        y
  D:0003H         SYMBOL        z
  C:10EDH         LINE#         61
  C:10FAH         LINE#         62
  C:10FAH         LINE#         64
  C:1103H         LINE#         66
  C:1105H         LINE#         67
  C:1107H         LINE#         68
  C:1117H         LINE#         69
  C:1119H         LINE#         70
  C:111BH         LINE#         71
  C:111DH         LINE#         72
  -------         ENDPROC       _MAGNET_CW_TAILI
  -------         PROC          _MAGNET_ACW
  D:0006H         SYMBOL        x
  D:0004H         SYMBOL        y
  C:14C9H         LINE#         78
  C:14C9H         LINE#         79
  C:14C9H         LINE#         80
  C:14CBH         LINE#         81
  C:14CDH         LINE#         82
  C:14CFH         LINE#         83
  C:14D2H         LINE#         84
  C:14D4H         LINE#         85
  C:14D6H         LINE#         86
  -------         ENDPROC       _MAGNET_ACW
  -------         PROC          _MAGNET_ACW_TAILI
  D:0006H         SYMBOL        x
  D:0004H         SYMBOL        y
  C:14D7H         LINE#         92
  C:14D7H         LINE#         93
  C:14D7H         LINE#         94
  C:14D9H         LINE#         95
  C:14DBH         LINE#         96
  C:14DDH         LINE#         97
  C:14E0H         LINE#         98
  C:14E2H         LINE#         99
  C:14E4H         LINE#         100
  -------         ENDPROC       _MAGNET_ACW_TAILI
  -------         PROC          DISABLE_SENSOR
BL51 BANKED LINKER/LOCATER V6.22                                                      12/21/2014  14:52:18  PAGE 29


  C:0E5AH         LINE#         106
  C:0E5AH         LINE#         107
  C:0E5AH         LINE#         109
  C:0E5CH         LINE#         110
  C:0E5EH         LINE#         112
  C:0E60H         LINE#         113
  C:0E62H         LINE#         114
  C:0E66H         LINE#         115
  C:0E69H         LINE#         116
  C:0E6CH         LINE#         117
  C:0E71H         LINE#         118
  C:0E76H         LINE#         119
  C:0E7BH         LINE#         120
  C:0E7EH         LINE#         121
  C:0E81H         LINE#         122
  C:0E83H         LINE#         123
  C:0E85H         LINE#         124
  C:0E88H         LINE#         125
  C:0E8AH         LINE#         126
  C:0E8DH         LINE#         128
  C:0E8FH         LINE#         131
  C:0E92H         LINE#         132
  C:0E94H         LINE#         134
  C:0E96H         LINE#         135
  C:0E99H         LINE#         137
  C:0E9BH         LINE#         138
  C:0E9EH         LINE#         139
  -------         ENDPROC       DISABLE_SENSOR
  -------         PROC          ENABLE_SENSOR
  C:13B7H         LINE#         145
  C:13B7H         LINE#         146
  C:13B7H         LINE#         148
  C:13B9H         LINE#         149
  C:13BBH         LINE#         151
  C:13BFH         LINE#         152
  C:13C2H         LINE#         153
  C:13C4H         LINE#         154
  C:13C7H         LINE#         155
  -------         ENDPROC       ENABLE_SENSOR
  -------         PROC          MOTO_VIBRATION
  C:1519H         LINE#         161
  C:1519H         LINE#         162
  C:1519H         LINE#         163
  C:151BH         LINE#         164
  C:1520H         LINE#         165
  C:1522H         LINE#         166
  -------         ENDPROC       MOTO_VIBRATION
  -------         ENDMOD        OTHER

  -------         MODULE        PWM
  C:0000H         SYMBOL        _ICE_DUMMY_
  D:0080H         PUBLIC        P0
  D:0090H         PUBLIC        P1
  D:00A0H         PUBLIC        P2
  D:00B0H         PUBLIC        P3
  D:00DCH         PUBLIC        PWMCON0
  D:00D1H         PUBLIC        PWMPH
BL51 BANKED LINKER/LOCATER V6.22                                                      12/21/2014  14:52:18  PAGE 30


  D:00A8H         PUBLIC        IE
  D:00D9H         PUBLIC        PWMPL
  C:0C04H         PUBLIC        _PWM_Channel
  D:00B8H         PUBLIC        IP
  C:0003H         PUBLIC        myPwm
  D:00D8H         PUBLIC        WDCON0
  D:0098H         PUBLIC        SCON
  D:0088H         PUBLIC        TCON
  D:00E8H         PUBLIC        EIE
  D:00F8H         PUBLIC        ADCCON0
  D:00C0H         PUBLIC        I2CON
  X:0060H         PUBLIC        PWM_shadow
  D:00C8H         PUBLIC        T2CON
  C:1303H         PUBLIC        Init_PWM
  D:00D2H         PUBLIC        PWM0H
  D:00D3H         PUBLIC        PWM1H
  D:00D5H         PUBLIC        PWM2H
  D:00D6H         PUBLIC        PWM3H
  D:00DAH         PUBLIC        PWM0L
  D:00DBH         PUBLIC        PWM1L
  D:00DDH         PUBLIC        PWM2L
  D:00DEH         PUBLIC        PWM3L
  D:00D0H         PUBLIC        PSW
  -------         PROC          INIT_PWM
  C:1303H         LINE#         19
  C:1303H         LINE#         20
  C:1303H         LINE#         22
  C:1306H         LINE#         24
  C:130EH         LINE#         26
  C:1317H         LINE#         27
  C:131AH         LINE#         28
  -------         ENDPROC       INIT_PWM
  -------         PROC          _PWM_CHANNEL
  D:0007H         SYMBOL        Channel
  C:0C04H         LINE#         34
  C:0C04H         LINE#         35
  C:0C04H         LINE#         36
  C:0C12H         LINE#         37
  C:0C12H         LINE#         39
  C:0C12H         LINE#         40
  C:0C12H         LINE#         41
  C:0C1AH         LINE#         42
  C:0C23H         LINE#         43
  C:0C26H         LINE#         44
  C:0C26H         LINE#         45
  C:0C27H         LINE#         47
  C:0C27H         LINE#         48
  C:0C27H         LINE#         49
  C:0C2FH         LINE#         50
  C:0C38H         LINE#         51
  C:0C3BH         LINE#         52
  C:0C3BH         LINE#         53
  C:0C3CH         LINE#         55
  C:0C3CH         LINE#         56
  C:0C3CH         LINE#         57
  C:0C44H         LINE#         58
  C:0C4DH         LINE#         59
BL51 BANKED LINKER/LOCATER V6.22                                                      12/21/2014  14:52:18  PAGE 31


  C:0C50H         LINE#         60
  C:0C50H         LINE#         61
  C:0C51H         LINE#         63
  C:0C51H         LINE#         64
  C:0C51H         LINE#         65
  C:0C59H         LINE#         66
  C:0C62H         LINE#         67
  C:0C65H         LINE#         68
  C:0C65H         LINE#         69
  C:0C65H         LINE#         70
  C:0C65H         LINE#         71
  -------         ENDPROC       _PWM_CHANNEL
  -------         PROC          MYPWM
  C:0003H         LINE#         77
  C:0003H         LINE#         78
  C:0003H         LINE#         80
  C:0008H         LINE#         82
  -------         ENDPROC       MYPWM
  -------         ENDMOD        PWM

  -------         MODULE        TIMER
  C:0000H         SYMBOL        _ICE_DUMMY_
  D:0080H         PUBLIC        P0
  D:0090H         PUBLIC        P1
  D:00A0H         PUBLIC        P2
  D:00B0H         PUBLIC        P3
  B:00A8H.7       PUBLIC        EA
  D:00A8H         PUBLIC        IE
  D:00B8H         PUBLIC        IP
  C:11A0H         PUBLIC        _InitT0
  C:095FH         PUBLIC        _InitTimer
  D:00D8H         PUBLIC        WDCON0
  D:0087H         PUBLIC        PCON
  D:0098H         PUBLIC        SCON
  X:0064H         PUBLIC        timer0_8H
  D:0089H         PUBLIC        TMOD
  D:0088H         PUBLIC        TCON
  X:0065H         PUBLIC        timer1_8H
  X:0066H         PUBLIC        timer0_8L
  X:0067H         PUBLIC        timer1_8L
  B:00A8H.1       PUBLIC        ET0
  B:00A8H.3       PUBLIC        ET1
  D:008CH         PUBLIC        TH0
  D:008DH         PUBLIC        TH1
  D:008AH         PUBLIC        TL0
  D:008BH         PUBLIC        TL1
  D:00E8H         PUBLIC        EIE
  B:00B8H.3       PUBLIC        PT1
  B:0088H.4       PUBLIC        TR0
  B:0088H.6       PUBLIC        TR1
  D:00F8H         PUBLIC        ADCCON0
  D:00C0H         PUBLIC        I2CON
  D:00C8H         PUBLIC        T2CON
  C:152BH         PUBLIC        sEOS_Go_To_Sleep
  D:00D0H         PUBLIC        PSW
  -------         PROC          _INITTIMER
  D:0007H         SYMBOL        Tick_ms_T0
BL51 BANKED LINKER/LOCATER V6.22                                                      12/21/2014  14:52:18  PAGE 32


  X:0062H         SYMBOL        Tick_us_T1
  -------         DO            
  D:0004H         SYMBOL        Inc_T0
  D:0004H         SYMBOL        Inc_T1
  D:0004H         SYMBOL        timer0_16
  D:0004H         SYMBOL        timer1_16
  -------         ENDDO         
  C:095FH         LINE#         29
  C:0966H         LINE#         30
  C:0966H         LINE#         35
  C:0978H         LINE#         36
  C:097EH         LINE#         37
  C:0981H         LINE#         38
  C:0985H         LINE#         41
  C:09A4H         LINE#         42
  C:09ACH         LINE#         43
  C:09B0H         LINE#         44
  C:09B6H         LINE#         46
  C:09B9H         LINE#         48
  C:09BEH         LINE#         49
  C:09C3H         LINE#         50
  C:09C5H         LINE#         51
  C:09C7H         LINE#         53
  C:09C9H         LINE#         54
  C:09CBH         LINE#         55
  C:09CDH         LINE#         56
  C:09CFH         LINE#         57
  C:09D1H         LINE#         58
  C:09D3H         LINE#         59
  -------         ENDPROC       _INITTIMER
  -------         PROC          _INITT0
  D:0007H         SYMBOL        Tick_ms_T0
  -------         DO            
  D:0004H         SYMBOL        Inc_T0
  D:0004H         SYMBOL        timer0_16
  -------         ENDDO         
  C:11A0H         LINE#         64
  C:11A0H         LINE#         65
  C:11A0H         LINE#         70
  C:11B2H         LINE#         71
  C:11B8H         LINE#         72
  C:11BBH         LINE#         73
  C:11BFH         LINE#         74
  C:11C2H         LINE#         75
  C:11C4H         LINE#         76
  -------         ENDPROC       _INITT0
  -------         PROC          SEOS_GO_TO_SLEEP
  C:152BH         LINE#         82
  C:152BH         LINE#         83
  C:152BH         LINE#         84
  C:152EH         LINE#         85
  -------         ENDPROC       SEOS_GO_TO_SLEEP
  -------         ENDMOD        TIMER

  -------         MODULE        UART
  C:0000H         SYMBOL        _ICE_DUMMY_
  D:0080H         PUBLIC        P0
BL51 BANKED LINKER/LOCATER V6.22                                                      12/21/2014  14:52:18  PAGE 33


  D:0090H         PUBLIC        P1
  D:00A0H         PUBLIC        P2
  D:00B0H         PUBLIC        P3
  C:1523H         PUBLIC        _SendData
  D:00A8H         PUBLIC        IE
  D:00B8H         PUBLIC        IP
  B:0098H.1       PUBLIC        TI
  D:00D8H         PUBLIC        WDCON0
  D:0099H         PUBLIC        SBUF
  D:0098H         PUBLIC        SCON
  D:0089H         PUBLIC        TMOD
  D:0088H         PUBLIC        TCON
  D:008DH         PUBLIC        TH1
  D:008BH         PUBLIC        TL1
  D:00E8H         PUBLIC        EIE
  C:13A5H         PUBLIC        InitUART
  B:0088H.6       PUBLIC        TR1
  D:00F8H         PUBLIC        ADCCON0
  D:00C0H         PUBLIC        I2CON
  D:00C8H         PUBLIC        T2CON
  C:1175H         PUBLIC        _SendNByte
  D:00A2H         PUBLIC        AUXR1
  D:00D0H         PUBLIC        PSW
  -------         PROC          INITUART
  C:13A5H         LINE#         17
  C:13A5H         LINE#         18
  C:13A5H         LINE#         19
  C:13A8H         LINE#         20
  C:13ABH         LINE#         21
  C:13AEH         LINE#         22
  C:13B4H         LINE#         23
  C:13B6H         LINE#         24
  -------         ENDPROC       INITUART
  -------         PROC          _SENDDATA
  D:0007H         SYMBOL        dat
  C:1523H         LINE#         30
  C:1523H         LINE#         31
  C:1523H         LINE#         32
  C:1525H         LINE#         33
  C:1528H         LINE#         34
  C:152AH         LINE#         35
  -------         ENDPROC       _SENDDATA
  -------         PROC          _SENDNBYTE
  X:0068H         SYMBOL        buf
  D:0005H         SYMBOL        len
  C:1175H         LINE#         40
  C:117FH         LINE#         41
  C:117FH         LINE#         42
  C:1185H         LINE#         43
  C:1185H         LINE#         44
  C:119DH         LINE#         45
  C:119FH         LINE#         46
  -------         ENDPROC       _SENDNBYTE
  -------         ENDMOD        UART

  -------         MODULE        VOICE
  C:0000H         SYMBOL        _ICE_DUMMY_
BL51 BANKED LINKER/LOCATER V6.22                                                      12/21/2014  14:52:18  PAGE 34


  D:0080H         PUBLIC        P0
  D:0090H         PUBLIC        P1
  C:12EAH         PUBLIC        close_lock_speech
  D:00A0H         PUBLIC        P2
  D:00B0H         PUBLIC        P3
  B:0090H.4       PUBLIC        voice_EN
  D:00A8H         PUBLIC        IE
  B:00A0H.1       PUBLIC        SC_DATA
  C:13F7H         PUBLIC        stolen_alarm_speech1
  C:136CH         PUBLIC        stolen_alarm_speech2
  D:00B8H         PUBLIC        IP
  C:1406H         PUBLIC        open_lock_speech
  C:13D9H         PUBLIC        motorBAT_low_speech
  C:14ABH         PUBLIC        lock_rotated_on_speech
  C:1359H         PUBLIC        host_touch_speech
  C:1460H         PUBLIC        Alarm_raised_speech
  C:13E8H         PUBLIC        host_2ndtouch_speech
  D:00D8H         PUBLIC        WDCON0
  C:148DH         PUBLIC        battery_stolen_speech_F3
  C:150EH         PUBLIC        Battery_high_alarm_speech
  D:0098H         PUBLIC        SCON
  B:0090H.4       PUBLIC        P14
  D:0088H         PUBLIC        TCON
  C:1424H         PUBLIC        Cutting_Wire_Voice
  C:1433H         PUBLIC        Product_Test_Voice
  C:1451H         PUBLIC        Alarm_stolen_speech
  X:006BH         PUBLIC        key_rotate_on_speech_number
  C:147EH         PUBLIC        Host_battery_high_alarm_speech
  C:146FH         PUBLIC        Alarm_fell_speech
[...]
  C:1476H         LINE#         308
  C:147BH         LINE#         309
  C:147DH         LINE#         310
  -------         ENDPROC       ALARM_FELL_SPEECH
  -------         PROC          HOST_BATTERY_HIGH_ALARM_SPEECH
  C:147EH         LINE#         316
  C:147EH         LINE#         317
  C:147EH         LINE#         318
  C:1480H         LINE#         319
  C:1485H         LINE#         320
  C:148AH         LINE#         321
  C:148CH         LINE#         322
  -------         ENDPROC       HOST_BATTERY_HIGH_ALARM_SPEECH
  -------         PROC          BATTERY_STOLEN_SPEECH_F3
  C:148DH         LINE#         328
  C:148DH         LINE#         329
  C:148DH         LINE#         330
  C:148FH         LINE#         331
  C:1494H         LINE#         332
  C:1499H         LINE#         333
BL51 BANKED LINKER/LOCATER V6.22                                                      12/21/2014  14:52:18  PAGE 39


  C:149BH         LINE#         334
  -------         ENDPROC       BATTERY_STOLEN_SPEECH_F3
  -------         PROC          WIRE_BROKEN_SPEECH
  C:149CH         LINE#         340
  C:149CH         LINE#         341
  C:149CH         LINE#         342
  C:149EH         LINE#         343
  C:14A3H         LINE#         344
  C:14A8H         LINE#         345
  C:14AAH         LINE#         346
  -------         ENDPROC       WIRE_BROKEN_SPEECH
  -------         PROC          LOCK_ROTATED_ON_SPEECH
  C:14ABH         LINE#         352
  C:14ABH         LINE#         353
  C:14ABH         LINE#         354
  C:14ADH         LINE#         355
  C:14B2H         LINE#         356
  C:14B7H         LINE#         357
  C:14B9H         LINE#         358
  -------         ENDPROC       LOCK_ROTATED_ON_SPEECH
  -------         PROC          LOCK_ROTATED_OFF_SPEECH
  C:14BAH         LINE#         363
  C:14BAH         LINE#         364
  C:14BAH         LINE#         365
  C:14BCH         LINE#         366
  C:14C1H         LINE#         367
  C:14C6H         LINE#         368
  C:14C8H         LINE#         369
  -------         ENDPROC       LOCK_ROTATED_OFF_SPEECH
  -------         ENDMOD        VOICE

  -------         MODULE        ISP_DATAFLASH
  C:0000H         SYMBOL        _ICE_DUMMY_
  D:00AFH         PUBLIC        ISPCN
  D:0080H         PUBLIC        P0
  D:0090H         PUBLIC        P1
  D:00A0H         PUBLIC        P2
  D:00B0H         PUBLIC        P3
  C:1332H         PUBLIC        Disable_ISP
  B:00A8H.7       PUBLIC        EA
  D:00A8H         PUBLIC        IE
  C:0F67H         PUBLIC        Self_learn_programming
  D:00C7H         PUBLIC        TA
  C:137FH         PUBLIC        Enable_ISP
  D:00B8H         PUBLIC        IP
  C:000EH         PUBLIC        _Flash_Page_Erase
  C:1291H         PUBLIC        Trigger_ISP
  C:11E5H         PUBLIC        _Flash_Read_Data
  D:00D8H         PUBLIC        WDCON0
  D:0098H         PUBLIC        SCON
  D:0088H         PUBLIC        TCON
  C:1122H         PUBLIC        _Flash_Write_Data
  D:009FH         PUBLIC        CHPCON
  D:00E8H         PUBLIC        EIE
  D:00F8H         PUBLIC        ADCCON0
  D:00A4H         PUBLIC        ISPTRG
  D:00C0H         PUBLIC        I2CON
BL51 BANKED LINKER/LOCATER V6.22                                                      12/21/2014  14:52:18  PAGE 40


  D:00C8H         PUBLIC        T2CON
  D:00A7H         PUBLIC        ISPAH
  D:00AEH         PUBLIC        ISPFD
  D:00D0H         PUBLIC        PSW
  D:00A6H         PUBLIC        ISPAL
  -------         PROC          ENABLE_ISP
  C:137FH         LINE#         8
  C:137FH         LINE#         9
  C:137FH         LINE#         11
  C:1382H         LINE#         12
  C:1384H         LINE#         13
  C:1387H         LINE#         14
  C:138AH         LINE#         15
  C:138DH         LINE#         16
  C:138FH         LINE#         17
  -------         ENDPROC       ENABLE_ISP
  -------         PROC          DISABLE_ISP
  C:1332H         LINE#         20
  C:1332H         LINE#         21
  C:1332H         LINE#         23
  C:1335H         LINE#         24
  C:1338H         LINE#         25
  C:133AH         LINE#         26
  C:133DH         LINE#         27
  C:1340H         LINE#         28
  C:1343H         LINE#         29
  C:1345H         LINE#         30
  -------         ENDPROC       DISABLE_ISP
  -------         PROC          L?0009
  -------         ENDPROC       L?0009
  -------         PROC          TRIGGER_ISP
  C:1291H         LINE#         32
  C:1291H         LINE#         33
  C:1291H         LINE#         34
  C:1293H         LINE#         35
  C:1296H         LINE#         36
  C:1299H         LINE#         37
  C:129CH         LINE#         38
  C:129EH         LINE#         39
  -------         ENDPROC       TRIGGER_ISP
  -------         PROC          _FLASH_PAGE_ERASE
  X:0073H         SYMBOL        address
  C:000EH         LINE#         41
  C:0015H         LINE#         42
  C:0015H         LINE#         43
  C:0018H         LINE#         44
  C:001BH         LINE#         45
  C:001DH         LINE#         46
  C:001DH         LINE#         47
  C:0020H         LINE#         48
  -------         ENDPROC       _FLASH_PAGE_ERASE
  -------         PROC          L?0008
  -------         ENDPROC       L?0008
  -------         PROC          _FLASH_WRITE_DATA
  X:0073H         SYMBOL        address
  X:0075H         SYMBOL        dat
  C:1122H         LINE#         51
BL51 BANKED LINKER/LOCATER V6.22                                                      12/21/2014  14:52:18  PAGE 41


  C:112CH         LINE#         52
  C:112CH         LINE#         53
  C:112FH         LINE#         54
  C:1132H         LINE#         55
  C:113CH         LINE#         56
  C:1140H         LINE#         57
  C:1144H         LINE#         58
  C:1147H         LINE#         59
  -------         ENDPROC       _FLASH_WRITE_DATA
  -------         PROC          _FLASH_READ_DATA
  X:006CH         SYMBOL        address
  -------         DO            
  X:006EH         SYMBOL        dat
  -------         ENDDO         
  C:11E5H         LINE#         62
  C:11ECH         LINE#         63
  C:11ECH         LINE#         66
  C:11EFH         LINE#         67
  C:11F2H         LINE#         68
  C:11F4H         LINE#         69
  C:11F4H         LINE#         70
  C:11F7H         LINE#         71
  C:11FBH         LINE#         72
  C:11FEH         LINE#         73
  C:1202H         LINE#         74
  -------         ENDPROC       _FLASH_READ_DATA
  -------         PROC          SELF_LEARN_PROGRAMMING
  C:0F67H         LINE#         81
  C:0F67H         LINE#         82
  C:0F67H         LINE#         83
  C:0F6EH         LINE#         84
  C:0F75H         LINE#         85
  C:0F7CH         LINE#         86
  C:0F87H         LINE#         87
  C:0F92H         LINE#         88
  C:0F9DH         LINE#         89
  -------         ENDPROC       SELF_LEARN_PROGRAMMING
  -------         ENDMOD        ISP_DATAFLASH

  -------         MODULE        ELECMOTOR
  C:0000H         SYMBOL        _ICE_DUMMY_
  D:0080H         PUBLIC        P0
  D:0090H         PUBLIC        P1
  D:00A0H         PUBLIC        P2
  D:00B0H         PUBLIC        P3
  C:13C8H         PUBLIC        ElecMotor_CW
  C:0D21H         PUBLIC        ElecMotor_code
  D:00A8H         PUBLIC        IE
  D:00B8H         PUBLIC        IP
  D:00D8H         PUBLIC        WDCON0
  D:0098H         PUBLIC        SCON
  D:0088H         PUBLIC        TCON
  B:0090H.2       PUBLIC        ElecMotor_overcurrent
  B:0080H.5       PUBLIC        motor_lock
  C:14F3H         PUBLIC        ElecMotor_ACW
  D:00E8H         PUBLIC        EIE
  B:00A0H.2       PUBLIC        MagentControl_1
BL51 BANKED LINKER/LOCATER V6.22                                                      12/21/2014  14:52:18  PAGE 42


  B:00A0H.3       PUBLIC        MagentControl_2
  D:00F8H         PUBLIC        ADCCON0
  D:00C0H         PUBLIC        I2CON
  C:1392H         PUBLIC        ElecMotor_Delay
  D:00C8H         PUBLIC        T2CON
  D:00D0H         PUBLIC        PSW
  -------         PROC          ELECMOTOR_CW
  C:13C8H         LINE#         21
  C:13C8H         LINE#         22
  C:13C8H         LINE#         23
  C:13CBH         LINE#         25
  C:13CDH         LINE#         26
  C:13CFH         LINE#         27
  C:13D2H         LINE#         28
  C:13D4H         LINE#         29
  C:13D6H         LINE#         30
  C:13D8H         LINE#         31
  -------         ENDPROC       ELECMOTOR_CW
  -------         PROC          ELECMOTOR_ACW
  C:14F3H         LINE#         37
  C:14F3H         LINE#         38
  C:14F3H         LINE#         39
  C:14F5H         LINE#         40
  C:14F7H         LINE#         41
  C:14F9H         LINE#         42
  C:14FCH         LINE#         43
  C:14FEH         LINE#         44
  C:1500H         LINE#         45
  -------         ENDPROC       ELECMOTOR_ACW
  -------         PROC          ELECMOTOR_CODE
  -------         DO            
  X:0073H         SYMBOL        i
  X:0074H         SYMBOL        n
  -------         ENDDO         
  C:0D21H         LINE#         51
  C:0D21H         LINE#         52
  C:0D21H         LINE#         54
  C:0D26H         LINE#         55
  C:0D2AH         LINE#         56
  C:0D2EH         LINE#         58
  C:0D32H         LINE#         59
  C:0D32H         LINE#         60
  C:0D36H         LINE#         61
  C:0D36H         LINE#         62
  C:0D40H         LINE#         63
  C:0D40H         LINE#         64
  C:0D42H         LINE#         65
  C:0D45H         LINE#         66
  C:0D47H         LINE#         68
  C:0D47H         LINE#         69
  C:0D49H         LINE#         70
  C:0D4CH         LINE#         71
  C:0D4CH         LINE#         72
  C:0D4EH         LINE#         73
  C:0D5DH         LINE#         74
  C:0D60H         LINE#         75
  C:0D6BH         LINE#         76
BL51 BANKED LINKER/LOCATER V6.22                                                      12/21/2014  14:52:18  PAGE 43


  C:0D76H         LINE#         77
  -------         ENDPROC       ELECMOTOR_CODE
  -------         PROC          ELECMOTOR_DELAY
  C:1392H         LINE#         83
  C:1392H         LINE#         84
  C:1392H         LINE#         85
  C:1395H         LINE#         86
  C:1398H         LINE#         87
  C:139BH         LINE#         88
  C:139BH         LINE#         89
  C:139EH         LINE#         90
  C:13A1H         LINE#         91
  C:13A4H         LINE#         92
  C:13A4H         LINE#         93
  -------         ENDPROC       ELECMOTOR_DELAY
  -------         ENDMOD        ELECMOTOR

  -------         MODULE        SCHEDULAR
  C:0000H         SYMBOL        _ICE_DUMMY_
  D:0080H         PUBLIC        P0
  D:0090H         PUBLIC        P1
  D:00A0H         PUBLIC        P2
  D:00B0H         PUBLIC        P3
  C:0E9FH         PUBLIC        _SCH_Delete_Task
  D:00A8H         PUBLIC        IE
  D:0024H         PUBLIC        SCH_tasks_G
  D:00B8H         PUBLIC        IP
  C:1533H         PUBLIC        SCH_Report_Status
  D:00D8H         PUBLIC        WDCON0
  D:0087H         PUBLIC        PCON
  X:006FH         PUBLIC        Error_code_G
  D:0098H         PUBLIC        SCON
  D:0088H         PUBLIC        TCON
  C:0B2EH         PUBLIC        _SCH_Add_Task
  X:0070H         SYMBOL        Last_error_code_G
  X:0071H         SYMBOL        Error_tick_count_G
  C:0DC9H         PUBLIC        _SCH_Delete_Program
  D:00E8H         PUBLIC        EIE
  D:00F8H         PUBLIC        ADCCON0
  D:00C0H         PUBLIC        I2CON
  C:0CC6H         PUBLIC        SCH_Dispatch_Tasks
  D:00C8H         PUBLIC        T2CON
  C:152FH         SYMBOL        SCH_Go_To_Sleep
  D:00D0H         PUBLIC        PSW
  -------         PROC          SCH_DISPATCH_TASKS
  -------         DO            
  X:0077H         SYMBOL        Index
  -------         ENDDO         
  C:0CC6H         LINE#         54
  C:0CC6H         LINE#         55
  C:0CC6H         LINE#         59
  C:0CD3H         LINE#         60
  C:0CD3H         LINE#         61
  C:0CE1H         LINE#         62
  C:0CE1H         LINE#         63
  C:0CEDH         LINE#         65
  C:0CFFH         LINE#         70
BL51 BANKED LINKER/LOCATER V6.22                                                      12/21/2014  14:52:18  PAGE 44


  C:0D11H         LINE#         71
  C:0D11H         LINE#         72
  C:0D14H         LINE#         73
  C:0D14H         LINE#         74
  C:0D14H         LINE#         75
  C:0D1BH         LINE#         78
  C:0D1EH         LINE#         81
  -------         ENDPROC       SCH_DISPATCH_TASKS
  -------         PROC          _SCH_ADD_TASK
  X:0077H         SYMBOL        pFunction
  D:0004H         SYMBOL        DELAY
  D:0002H         SYMBOL        PERIOD
  -------         DO            
  D:0007H         SYMBOL        Index
  -------         ENDDO         
  C:0B2EH         LINE#         129
  C:0B35H         LINE#         132
  C:0B35H         LINE#         133
  C:0B37H         LINE#         136
  C:0B4EH         LINE#         137
  C:0B4EH         LINE#         138
  C:0B4FH         LINE#         139
  C:0B51H         LINE#         142
  C:0B55H         LINE#         143
  C:0B55H         LINE#         147
  C:0B5AH         LINE#         150
  C:0B5DH         LINE#         151
  C:0B5DH         LINE#         154
  C:0B73H         LINE#         156
  C:0B80H         LINE#         157
  C:0B91H         LINE#         159
  C:0B9BH         LINE#         161
  C:0B9BH         LINE#         162
  -------         ENDPROC       _SCH_ADD_TASK
  -------         PROC          _SCH_DELETE_TASK
  D:0007H         SYMBOL        TASK_INDEX
  -------         DO            
  B:0023H.5       SYMBOL        Return_code
  -------         ENDDO         
  C:0E9FH         LINE#         177
  C:0E9FH         LINE#         178
  C:0E9FH         LINE#         181
  C:0EAEH         LINE#         182
  C:0EAEH         LINE#         186
  C:0EB3H         LINE#         190
  C:0EB3H         LINE#         192
  C:0EB3H         LINE#         194
  C:0EB3H         LINE#         196
  C:0EBFH         LINE#         197
  C:0ECBH         LINE#         198
  C:0ED7H         LINE#         200
  C:0EE1H         LINE#         202
  C:0EE3H         LINE#         203
  -------         ENDPROC       _SCH_DELETE_TASK
  -------         PROC          _SCH_DELETE_PROGRAM
  D:0006H         SYMBOL        pProgram
  -------         DO            
BL51 BANKED LINKER/LOCATER V6.22                                                      12/21/2014  14:52:18  PAGE 45


  D:0005H         SYMBOL        Program_INDEX
  -------         ENDDO         
  C:0DC9H         LINE#         210
  C:0DC9H         LINE#         211
  C:0DC9H         LINE#         212
  C:0DCBH         LINE#         214
  C:0DCBH         LINE#         215
  C:0DCBH         LINE#         216
  C:0DDEH         LINE#         217
  C:0DDEH         LINE#         218
  C:0DEAH         LINE#         219
  C:0DF6H         LINE#         220
  C:0E02H         LINE#         222
  C:0E0CH         LINE#         223
  C:0E0CH         LINE#         224
  C:0E11H         LINE#         225
  -------         ENDPROC       _SCH_DELETE_PROGRAM
  -------         PROC          SCH_REPORT_STATUS
  C:1533H         LINE#         248
  C:1533H         LINE#         249
  C:1533H         LINE#         280
  -------         ENDPROC       SCH_REPORT_STATUS
  -------         PROC          SCH_GO_TO_SLEEP
  C:152FH         LINE#         305
  C:152FH         LINE#         306
  C:152FH         LINE#         307
  C:1532H         LINE#         313
  -------         ENDPROC       SCH_GO_TO_SLEEP
  -------         ENDMOD        SCHEDULAR

  -------         MODULE        ?C?CLDPTR
  C:0461H         PUBLIC        ?C?CLDPTR
  -------         ENDMOD        ?C?CLDPTR

  -------         MODULE        ?C?LMUL
  C:047AH         PUBLIC        ?C?LMUL
  -------         ENDMOD        ?C?LMUL

  -------         MODULE        ?C?ULDIV
  C:0505H         PUBLIC        ?C?ULDIV
  -------         ENDMOD        ?C?ULDIV

  -------         MODULE        ?C?ICALL
  C:0597H         PUBLIC        ?C?ICALL
  C:059BH         PUBLIC        ?C?ICALL2
  -------         ENDMOD        ?C?ICALL

  -------         MODULE        ?C?LIMUL
  C:059DH         PUBLIC        ?C?LIMUL
  -------         ENDMOD        ?C?LIMUL

*** WARNING L16: UNCALLED SEGMENT, IGNORED FOR OVERLAY PROCESS
    SEGMENT: ?PR?_COMMODE_DATA?COMMUNICATION

*** WARNING L16: UNCALLED SEGMENT, IGNORED FOR OVERLAY PROCESS
    SEGMENT: ?PR?_COMMODE_DATA_WX?COMMUNICATION

BL51 BANKED LINKER/LOCATER V6.22                                                      12/21/2014  14:52:18  PAGE 46


*** WARNING L16: UNCALLED SEGMENT, IGNORED FOR OVERLAY PROCESS
    SEGMENT: ?PR?UART_SEND_DATA?COMMUNICATION

*** WARNING L16: UNCALLED SEGMENT, IGNORED FOR OVERLAY PROCESS
    SEGMENT: ?PR?RECEIVE_BYTE?COMMUNICATION

*** WARNING L16: UNCALLED SEGMENT, IGNORED FOR OVERLAY PROCESS
    SEGMENT: ?PR?RECEIVE_WORD?COMMUNICATION

*** WARNING L16: UNCALLED SEGMENT, IGNORED FOR OVERLAY PROCESS
    SEGMENT: ?PR?DELAY_50MS?DELAY

*** WARNING L16: UNCALLED SEGMENT, IGNORED FOR OVERLAY PROCESS
    SEGMENT: ?PR?_MAGNET_CW?OTHER

*** WARNING L16: UNCALLED SEGMENT, IGNORED FOR OVERLAY PROCESS
    SEGMENT: ?PR?_MAGNET_CW_TAILI?OTHER

*** WARNING L16: UNCALLED SEGMENT, IGNORED FOR OVERLAY PROCESS
    SEGMENT: ?PR?_MAGNET_ACW?OTHER

*** WARNING L16: UNCALLED SEGMENT, IGNORED FOR OVERLAY PROCESS
    SEGMENT: ?PR?_MAGNET_ACW_TAILI?OTHER

*** WARNING L16: UNCALLED SEGMENT, IGNORED FOR OVERLAY PROCESS
    SEGMENT: ?PR?MOTO_VIBRATION?OTHER

*** WARNING L16: UNCALLED SEGMENT, IGNORED FOR OVERLAY PROCESS
    SEGMENT: ?PR?MYPWM?PWM

*** WARNING L16: UNCALLED SEGMENT, IGNORED FOR OVERLAY PROCESS
    SEGMENT: ?PR?_INITTIMER?TIMER

*** WARNING L16: UNCALLED SEGMENT, IGNORED FOR OVERLAY PROCESS
    SEGMENT: ?PR?SEOS_GO_TO_SLEEP?TIMER

*** WARNING L16: UNCALLED SEGMENT, IGNORED FOR OVERLAY PROCESS
    SEGMENT: ?PR?BATTERY_STOLEN_SPEECH?VOICE

*** WARNING L16: UNCALLED SEGMENT, IGNORED FOR OVERLAY PROCESS
    SEGMENT: ?PR?CUTTING_WIRE_VOICE?VOICE

*** WARNING L16: UNCALLED SEGMENT, IGNORED FOR OVERLAY PROCESS
    SEGMENT: ?PR?PRODUCT_TEST_VOICE?VOICE

*** WARNING L16: UNCALLED SEGMENT, IGNORED FOR OVERLAY PROCESS
    SEGMENT: ?PR?BATTERY_LOW_ALARM_SPEECH?VOICE

*** WARNING L16: UNCALLED SEGMENT, IGNORED FOR OVERLAY PROCESS
    SEGMENT: ?PR?BATTERY_HIGH_ALARM_SPEECH?VOICE

*** WARNING L16: UNCALLED SEGMENT, IGNORED FOR OVERLAY PROCESS
    SEGMENT: ?PR?ALARM_STOLEN_SPEECH?VOICE

*** WARNING L16: UNCALLED SEGMENT, IGNORED FOR OVERLAY PROCESS
    SEGMENT: ?PR?ALARM_RAISED_SPEECH?VOICE

BL51 BANKED LINKER/LOCATER V6.22                                                      12/21/2014  14:52:18  PAGE 47


*** WARNING L16: UNCALLED SEGMENT, IGNORED FOR OVERLAY PROCESS
    SEGMENT: ?PR?ALARM_FELL_SPEECH?VOICE

*** WARNING L16: UNCALLED SEGMENT, IGNORED FOR OVERLAY PROCESS
    SEGMENT: ?PR?HOST_BATTERY_HIGH_ALARM_SPEECH?VOICE

*** WARNING L16: UNCALLED SEGMENT, IGNORED FOR OVERLAY PROCESS
    SEGMENT: ?PR?BATTERY_STOLEN_SPEECH_F3?VOICE

*** WARNING L16: UNCALLED SEGMENT, IGNORED FOR OVERLAY PROCESS
    SEGMENT: ?PR?WIRE_BROKEN_SPEECH?VOICE

*** WARNING L16: UNCALLED SEGMENT, IGNORED FOR OVERLAY PROCESS
    SEGMENT: ?PR?LOCK_ROTATED_ON_SPEECH?VOICE

*** WARNING L16: UNCALLED SEGMENT, IGNORED FOR OVERLAY PROCESS
    SEGMENT: ?PR?LOCK_ROTATED_OFF_SPEECH?VOICE

*** WARNING L16: UNCALLED SEGMENT, IGNORED FOR OVERLAY PROCESS
    SEGMENT: ?PR?_FLASH_READ_DATA?ISP_DATAFLASH

*** WARNING L15: MULTIPLE CALL TO SEGMENT
    SEGMENT: ?PR?_SC_SPEECH?VOICE
    CALLER1: ?PR?TIMER0?MAIN
    CALLER2: ?C_C51STARTUP

*** WARNING L15: MULTIPLE CALL TO SEGMENT
    SEGMENT: ?PR?_SCH_ADD_TASK?SCHEDULAR
    CALLER1: ?PR?TIMER0?MAIN
    CALLER2: ?C_C51STARTUP

Program Size: data=82.6 xdata=121 code=5434
LINK/LOCATE RUN COMPLETE.  30 WARNING(S),  0 ERROR(S)
