C51 COMPILER V9.51   ISP_DATAFLASH                                                         12/17/2014 14:17:41 PAGE 1   


C51 COMPILER V9.51, COMPILATION OF MODULE ISP_DATAFLASH
OBJECT MODULE PLACED IN .\ISP_DataFlash.obj
COMPILER INVOKED BY: D:\Program Files (x86)\keil\C51\BIN\C51.EXE ..\Library\ISP_DataFlash.c COMPACT BROWSE INCDIR(..\Lib
                    -rary) DEBUG OBJECTEXTEND PRINT(.\ISP_DataFlash.lst) OBJECT(.\ISP_DataFlash.obj)

line level    source

   1          #include "ISP_DataFlash.h"
   2          #include "N79E81x.h"
   3          
   4          //--------------------------------------------------------------------------------------------------------
             ----
   5          void Enable_ISP(void)
   6          {   
   7   1              /* Enable ISP  */ 
   8   1              ISPCN=0x30;
   9   1              EA=0;
  10   1              TA = 0xAA;
  11   1              TA = 0x55;
  12   1              CHPCON |= 0x01; 
  13   1              EA=1;
  14   1              Trigger_ISP();     
  15   1      }
  16          //--------------------------------------------------------------------------------------------------------
             ----
  17          void Disable_ISP(void)
  18          {   
  19   1              /* Disable ISP */ 
  20   1              ISPCN=0x30;
  21   1              Trigger_ISP(); 
  22   1              EA=0;
  23   1              TA = 0xAA;
  24   1              TA = 0x55;
  25   1              CHPCON &= 0xFE; 
  26   1              EA=1;     
  27   1      }
  28          //--------------------------------------------------------------------------------------------------------
             ----
  29          void Trigger_ISP(void)
  30          {       
  31   1              EA=0;
  32   1              TA = 0xAA;
  33   1              TA = 0x55;
  34   1              ISPTRG |= 0x01;
  35   1              EA=1;      
  36   1      }
  37          
  38          void Flash_Page_Erase(unsigned int address)
  39          {
  40   1              Enable_ISP();
  41   1              ISPCN=0x22;
  42   1              ISPAH=address/256;
  43   1              ISPAL=address%256;
  44   1              Trigger_ISP();
  45   1              Disable_ISP();  
  46   1      }
  47          
  48          void Flash_Write_Data(unsigned int address,unsigned char dat)
  49          {
  50   1              Enable_ISP();
  51   1              ISPCN=0x21;
C51 COMPILER V9.51   ISP_DATAFLASH                                                         12/17/2014 14:17:41 PAGE 2   

  52   1              ISPAH=address/256;
  53   1              ISPAL=address%256;
  54   1              ISPFD=dat;
  55   1              Trigger_ISP();
  56   1              Disable_ISP();  
  57   1      }
  58          
  59          unsigned char Flash_Read_Data(unsigned int address)
  60          {
  61   1              unsigned char dat;
  62   1              
  63   1              Enable_ISP();
  64   1              ISPCN=0x00;
  65   1              ISPAH=address/256;
  66   1              ISPAL=address%256;
  67   1              Trigger_ISP();
  68   1              dat=ISPFD;
  69   1              Disable_ISP();
  70   1              return dat;             
  71   1      }


MODULE INFORMATION:   STATIC OVERLAYABLE
   CODE SIZE        =    156    ----
   CONSTANT SIZE    =   ----    ----
   XDATA SIZE       =   ----    ----
   PDATA SIZE       =   ----       8
   DATA SIZE        =   ----    ----
   IDATA SIZE       =   ----    ----
   BIT SIZE         =   ----    ----
END OF MODULE INFORMATION.


C51 COMPILATION COMPLETE.  0 WARNING(S),  0 ERROR(S)
