BL51 BANKED LINKER/LOCATER V6.22                                                        12/04/2014  15:49:12  PAGE 1


BL51 BANKED LINKER/LOCATER V6.22, INVOKED BY:
D:\PROGRAM FILES (X86)\KEIL\C51\BIN\BL51.EXE Main.obj, .\voice.obj, .\UART.obj, .\pwm.obj, .\Other.obj, .\Delay.obj, .\o
>> peration.obj, .\communication.obj, .\Battery.obj, .\AD.obj, .\Timer.obj TO Product_Test


MEMORY MODEL: SMALL


INPUT MODULES INCLUDED:
  Main.obj (MAIN)
  .\voice.obj (VOICE)
  .\UART.obj (UART)
  .\pwm.obj (PWM)
  .\Other.obj (OTHER)
  .\Delay.obj (DELAY)
  .\operation.obj (OPERATION)
  .\communication.obj (COMMUNICATION)
  .\Battery.obj (BATTERY)
  .\AD.obj (AD)
  .\Timer.obj (TIMER)
  D:\PROGRAM FILES (X86)\KEIL\C51\LIB\C51S.LIB (?C_STARTUP)
  D:\PROGRAM FILES (X86)\KEIL\C51\LIB\C51S.LIB (?C?CLDPTR)
  D:\PROGRAM FILES (X86)\KEIL\C51\LIB\C51S.LIB (?C?LMUL)
  D:\PROGRAM FILES (X86)\KEIL\C51\LIB\C51S.LIB (?C?ULDIV)
  D:\PROGRAM FILES (X86)\KEIL\C51\LIB\C51S.LIB (?C?LIMUL)
  D:\PROGRAM FILES (X86)\KEIL\C51\LIB\C51S.LIB (?C_INIT)


LINK MAP OF MODULE:  Product_Test (MAIN)


            TYPE    BASE      LENGTH    RELOCATION   SEGMENT NAME
            -----------------------------------------------------

            * * * * * * *   D A T A   M E M O R Y   * * * * * * *
            REG     0000H     0008H     ABSOLUTE     "REG BANK 0"
            DATA    0008H     000CH     UNIT         _DATA_GROUP_
            DATA    0014H     000AH     UNIT         ?DT?_INITTIMER?TIMER
            DATA    001EH     0002H     UNIT         ?DT?_SC_SPEECH?VOICE
            BIT     0020H.0   0002H.3   UNIT         ?BI?MAIN
            BIT     0022H.3   0000H.1   UNIT         ?BI?OPERATION
                    0022H.4   0000H.4                *** GAP ***
            DATA    0023H     002FH     UNIT         ?DT?MAIN
            DATA    0052H     0008H     UNIT         ?DT?COMMUNICATION
            DATA    005AH     0004H     UNIT         ?DT?_MAGNET_CW_TAILI?OTHER
            DATA    005EH     0004H     UNIT         ?DT?_SEND_CODE_TO_LOCK_TAILI?COMMUNICATION
            DATA    0062H     0004H     UNIT         ?DT?TIMER
            DATA    0066H     0003H     UNIT         ?DT?_SENDNBYTE?UART
            DATA    0069H     0003H     UNIT         ?DT?_COMMODE_DATA_WX?COMMUNICATION
            DATA    006CH     0002H     UNIT         ?DT?PWM
            DATA    006EH     0002H     UNIT         ?DT?_VERIFYBATTERY?BATTERY
            DATA    0070H     0001H     UNIT         ?DT?VOICE
            IDATA   0071H     0001H     UNIT         ?STACK

            * * * * * * *   C O D E   M E M O R Y   * * * * * * *
            CODE    0000H     0003H     ABSOLUTE     
            CODE    0003H     0008H     UNIT         ?PR?_SENDDATA?UART
            CODE    000BH     0003H     ABSOLUTE     
BL51 BANKED LINKER/LOCATER V6.22                                                      12/04/2014  15:49:12  PAGE 2


            CODE    000EH     0013H     UNIT         ?PR?HOST_TOUCH_SPEECH?VOICE
                    0021H     0002H                  *** GAP ***
            CODE    0023H     0003H     ABSOLUTE     
            CODE    0026H     0163H     UNIT         ?C?LIB_CODE
            CODE    0189H     00B2H     UNIT         ?PR?_VERIFYBATTERY?BATTERY
            CODE    023BH     00A7H     UNIT         ?C_INITSEG
            CODE    02E2H     00A5H     UNIT         ?PR?UART_ISR?MAIN
            CODE    0387H     009EH     UNIT         ?PR?TIMER0?MAIN
            CODE    0425H     008CH     UNIT         ?C_C51STARTUP
            CODE    04B1H     0074H     UNIT         ?PR?_GETADCRESULT?AD
            CODE    0525H     0072H     UNIT         ?PR?_INITTIMER?TIMER
            CODE    0597H     005CH     UNIT         ?PR?RECEIVE_BYTE?COMMUNICATION
            CODE    05F3H     005BH     UNIT         ?PR?_SEND_CODE_TO_LOCK?COMMUNICATION
            CODE    064EH     005BH     UNIT         ?PR?_SEND_CODE_TO_LOCK_TAILI?COMMUNICATION
            CODE    06A9H     0054H     UNIT         ?PR?_SEND_DATA?COMMUNICATION
            CODE    06FDH     004AH     UNIT         ?PR?_PWM_CHANNEL?PWM
            CODE    0747H     0048H     UNIT         ?PR?INITSIGNAL?COMMUNICATION
            CODE    078FH     0043H     UNIT         ?PR?KEY_ROTATE_ON_SPEECH?VOICE
            CODE    07D2H     0039H     UNIT         ?PR?_SC_SPEECH?VOICE
            CODE    080BH     0038H     UNIT         ?PR?DISABLE_SENSOR?OTHER
            CODE    0843H     0037H     UNIT         ?PR?RECEIVE_WORD?COMMUNICATION
            CODE    087AH     0032H     UNIT         ?PR?_MAGNET_DELAY?DELAY
            CODE    08ACH     002DH     UNIT         ?PR?MAIN?MAIN
            CODE    08D9H     002CH     UNIT         ?PR?UART_SEND_DATA?COMMUNICATION
            CODE    0905H     002AH     UNIT         ?PR?_INITT0?TIMER
            CODE    092FH     0028H     UNIT         ?PR?_CUSTOM_DELAY?DELAY
            CODE    0957H     0027H     UNIT         ?PR?_MAGNET_CW?OTHER
            CODE    097EH     0027H     UNIT         ?PR?_MAGNET_CW_TAILI?OTHER
            CODE    09A5H     0027H     UNIT         ?PR?_COMMODE_DATA_WX?COMMUNICATION
            CODE    09CCH     0025H     UNIT         ?PR?_COMMODE_DATA?COMMUNICATION
            CODE    09F1H     0024H     UNIT         ?PR?_SENDNBYTE?UART
            CODE    0A15H     0020H     UNIT         ?PR?_DELAY_MS?DELAY
            CODE    0A35H     0019H     UNIT         ?PR?NOVOICE?VOICE
            CODE    0A4EH     0019H     UNIT         ?PR?CLOSE_LOCK_SPEECH?VOICE
            CODE    0A67H     0018H     UNIT         ?PR?_DELAY_US?DELAY
            CODE    0A7FH     0017H     UNIT         ?PR?_DELAY?DELAY
            CODE    0A96H     0013H     UNIT         ?PR?STOLEN_ALARM_SPEECH2?VOICE
            CODE    0AA9H     0012H     UNIT         ?PR?INITUART?UART
            CODE    0ABBH     0012H     UNIT         ?PR?INIT_PWM?PWM
            CODE    0ACDH     0010H     UNIT         ?PR?SLAVE_NEARBY_OPERATION?OPERATION
            CODE    0ADDH     000FH     UNIT         ?PR?MOTORBAT_LOW_SPEECH?VOICE
            CODE    0AECH     000FH     UNIT         ?PR?HOST_2NDTOUCH_SPEECH?VOICE
            CODE    0AFBH     000FH     UNIT         ?PR?STOLEN_ALARM_SPEECH1?VOICE
            CODE    0B0AH     000FH     UNIT         ?PR?OPEN_LOCK_SPEECH?VOICE
            CODE    0B19H     000FH     UNIT         ?PR?BATTERY_STOLEN_SPEECH?VOICE
            CODE    0B28H     000FH     UNIT         ?PR?CUTTING_WIRE_VOICE?VOICE
            CODE    0B37H     000FH     UNIT         ?PR?PRODUCT_TEST_VOICE?VOICE
            CODE    0B46H     000FH     UNIT         ?PR?BATTERY_LOW_ALARM_SPEECH?VOICE
            CODE    0B55H     000FH     UNIT         ?PR?ALARM_STOLEN_SPEECH?VOICE
            CODE    0B64H     000FH     UNIT         ?PR?ALARM_RAISED_SPEECH?VOICE
            CODE    0B73H     000FH     UNIT         ?PR?ALARM_FELL_SPEECH?VOICE
            CODE    0B82H     000FH     UNIT         ?PR?HOST_BATTERY_HIGH_ALARM_SPEECH?VOICE
            CODE    0B91H     000FH     UNIT         ?PR?BATTERY_STOLEN_SPEECH_F3?VOICE
            CODE    0BA0H     000FH     UNIT         ?PR?WIRE_BROKEN_SPEECH?VOICE
            CODE    0BAFH     000FH     UNIT         ?PR?LOCK_ROTATED_ON_SPEECH?VOICE
            CODE    0BBEH     000FH     UNIT         ?PR?LOCK_ROTATED_OFF_SPEECH?VOICE
            CODE    0BCDH     000EH     UNIT         ?PR?_MAGNET_ACW?OTHER
BL51 BANKED LINKER/LOCATER V6.22                                                      12/04/2014  15:49:12  PAGE 3


            CODE    0BDBH     000EH     UNIT         ?PR?_MAGNET_ACW_TAILI?OTHER
            CODE    0BE9H     000EH     UNIT         ?PR?ENABLE_SENSOR?OTHER
            CODE    0BF7H     000DH     UNIT         ?PR?SLAVE_AWAY_OPERATION?OPERATION
            CODE    0C04H     000BH     UNIT         ?PR?BATTERY_HIGH_ALARM_SPEECH?VOICE
            CODE    0C0FH     000AH     UNIT         ?PR?MOTO_VIBRATION?OTHER
            CODE    0C19H     0008H     UNIT         ?PR?MYPWM?PWM
            CODE    0C21H     0004H     UNIT         ?PR?SEOS_GO_TO_SLEEP?TIMER



OVERLAY MAP OF MODULE:   Product_Test (MAIN)


SEGMENT                                            DATA_GROUP 
  +--> CALLED SEGMENT                            START    LENGTH
----------------------------------------------------------------
?PR?TIMER0?MAIN                                  -----    -----
  +--> ?PR?_MAGNET_CW?OTHER
  +--> ?PR?_DELAY?DELAY
  +--> ?PR?_COMMODE_DATA?COMMUNICATION
  +--> ?PR?_GETADCRESULT?AD
  +--> ?PR?_MAGNET_ACW?OTHER

?PR?_MAGNET_CW?OTHER                             0008H    0004H
  +--> ?PR?_SEND_CODE_TO_LOCK?COMMUNICATION
  +--> ?PR?_MAGNET_DELAY?DELAY

?PR?_SEND_CODE_TO_LOCK?COMMUNICATION             000CH    0004H
  +--> ?PR?_CUSTOM_DELAY?DELAY

?PR?_COMMODE_DATA?COMMUNICATION                  0008H    0003H
  +--> ?PR?_DELAY?DELAY
  +--> ?PR?INITSIGNAL?COMMUNICATION
  +--> ?PR?_SEND_DATA?COMMUNICATION

?PR?INITSIGNAL?COMMUNICATION                     000BH    0003H
  +--> ?PR?_CUSTOM_DELAY?DELAY

?PR?_SEND_DATA?COMMUNICATION                     000BH    0003H
  +--> ?PR?_CUSTOM_DELAY?DELAY

?PR?_MAGNET_ACW?OTHER                            -----    -----
  +--> ?PR?_MAGNET_DELAY?DELAY

*** NEW ROOT ***************************************************

?PR?UART_ISR?MAIN                                -----    -----
  +--> ?PR?DISABLE_SENSOR?OTHER

*** NEW ROOT ***************************************************

?C_C51STARTUP                                    -----    -----
  +--> ?PR?MAIN?MAIN
  +--> ?C_INITSEG

?PR?MAIN?MAIN                                    -----    -----
  +--> ?PR?INITUART?UART
BL51 BANKED LINKER/LOCATER V6.22                                                      12/04/2014  15:49:12  PAGE 4


  +--> ?PR?_INITT0?TIMER
  +--> ?PR?SEOS_GO_TO_SLEEP?TIMER

?PR?_INITT0?TIMER                                0010H    0004H



SYMBOL TABLE OF MODULE:  Product_Test (MAIN)

  VALUE           TYPE          NAME
  ----------------------------------

  -------         MODULE        MAIN
  C:0000H         SYMBOL        _ICE_DUMMY_
  B:0020H.0       PUBLIC        receive_wire_flag
  B:0020H.1       PUBLIC        raised_fell_flag
  D:0080H         PUBLIC        P0
  D:0090H         PUBLIC        P1
  D:00A0H         PUBLIC        P2
  D:00B0H         PUBLIC        P3
  D:0023H         PUBLIC        sensor_trigger_count
  B:00A8H.7       PUBLIC        EA
  B:0020H.2       PUBLIC        horizontal_vibration
  D:0024H         PUBLIC        battery_stolen_count
  B:0020H.3       PUBLIC        raised_fell_once_flag
  B:0020H.4       PUBLIC        stolen_alarm_flag
  D:00A8H         PUBLIC        IE
  B:0020H.5       PUBLIC        sensor_EN
  B:0020H.6       PUBLIC        receive_data_finished_flag
  D:0025H         PUBLIC        horizontal_vibration_count
  B:0020H.7       PUBLIC        sensor_3rdalarm_flag
  B:00A8H.4       PUBLIC        ES
  D:00B8H         PUBLIC        IP
  B:0098H.0       PUBLIC        RI
  B:0021H.0       PUBLIC        wire_broken_flag
  B:0098H.1       PUBLIC        TI
  B:0080H.1       PUBLIC        wire_broken
  B:0021H.1       PUBLIC        fell_flag
  D:0027H         PUBLIC        one_receive_byte
  D:0028H         PUBLIC        fell_alarm_count
  B:00B8H.4       PUBLIC        PS
  C:08ACH         PUBLIC        main
  D:0029H         PUBLIC        received_data_buffer
  D:0030H         PUBLIC        data_count
  D:0031H         PUBLIC        sensor_2ndstage_count
  B:0080H.1       PUBLIC        lock_code
  D:0032H         PUBLIC        wire_broken_count
  D:00D8H         PUBLIC        WDCON0
  D:0033H         PUBLIC        ADC_check_result
  D:0035H         PUBLIC        sensor_2ndstage_time
  D:0037H         PUBLIC        sensor_3rdstage_count
  D:0038H         PUBLIC        one_receive_byte_count
  B:0090H.0       PUBLIC        P10
  D:0099H         PUBLIC        SBUF
  D:0039H         PUBLIC        sensor_3rdstage_time
  D:0098H         PUBLIC        SCON
  D:0088H         PUBLIC        TCON
BL51 BANKED LINKER/LOCATER V6.22                                                      12/04/2014  15:49:12  PAGE 5


  D:003BH         PUBLIC        sensor_1ststage_count
  B:0021H.2       PUBLIC        test_flag
  D:003CH         PUBLIC        raise_wire_time
  B:00A8H.1       PUBLIC        ET0
  D:008CH         PUBLIC        TH0
  B:0021H.3       PUBLIC        host_stolen_alarm1_EN
  D:008AH         PUBLIC        TL0
  B:0021H.4       PUBLIC        vibration_flag
  D:003DH         PUBLIC        fell_wire_time
  B:0021H.5       PUBLIC        host_stolen_alarm2_EN
  D:00E8H         PUBLIC        EIE
  C:0387H         PUBLIC        timer0
  B:0021H.6       PUBLIC        IDkey_flag
  B:0088H.4       PUBLIC        TR0
  B:00A0H.2       PUBLIC        MagentControl_1
  B:00A0H.3       PUBLIC        MagentControl_2
  D:00F8H         PUBLIC        ADCCON0
  D:00C0H         PUBLIC        I2CON
  D:003EH         PUBLIC        key_rotated_on_flag
  B:0021H.7       PUBLIC        wheeled_flag
  D:003FH         PUBLIC        vibration_count
  D:0041H         PUBLIC        timer0_count
  D:0043H         PUBLIC        sensor_3rdstage_effcount
  D:0044H         PUBLIC        IDkey_count
  D:0045H         PUBLIC        nearby_away_interval
  D:00C8H         PUBLIC        T2CON
  D:0046H         PUBLIC        enable_sensor_delay_count
  D:0047H         PUBLIC        host_stolen_alarm1_count
  D:0048H         PUBLIC        host_stolen_alarm2_count
  D:0049H         PUBLIC        sensor_3rdstage_interval
  B:0022H.0       PUBLIC        battery_stolen_EN
  B:0022H.1       PUBLIC        position_sensor_EN
  C:02E2H         PUBLIC        uart_isr
  D:004BH         PUBLIC        wheeled_count
  D:004DH         PUBLIC        raised_fell_number
  D:004FH         PUBLIC        receive_HV_count
  D:0050H         PUBLIC        receive_LV_count
  B:0022H.2       PUBLIC        raised_flag
  D:0051H         PUBLIC        raised_alarm_count
  D:00D0H         PUBLIC        PSW
  -------         PROC          MAIN
  C:08ACH         LINE#         83
  C:08ACH         LINE#         84
  C:08ACH         LINE#         85
  C:08B2H         LINE#         88
  C:08B4H         LINE#         89
  C:08B6H         LINE#         90
  C:08B8H         LINE#         92
  C:08BBH         LINE#         93
  C:08C0H         LINE#         95
  C:08C2H         LINE#         96
  C:08C4H         LINE#         97
  C:08C6H         LINE#         98
  C:08C8H         LINE#         99
  C:08CAH         LINE#         100
  C:08CCH         LINE#         102
  C:08CEH         LINE#         104
BL51 BANKED LINKER/LOCATER V6.22                                                      12/04/2014  15:49:12  PAGE 6


  C:08D0H         LINE#         107
  C:08D2H         LINE#         108
  C:08D4H         LINE#         110
  C:08D4H         LINE#         111
  C:08D4H         LINE#         112
  C:08D7H         LINE#         113
  -------         ENDPROC       MAIN
  -------         PROC          TIMER0
  C:0387H         LINE#         121
  C:03A4H         LINE#         124
  C:03A7H         LINE#         125
  C:03AAH         LINE#         128
  C:03BBH         LINE#         129
  C:03BBH         LINE#         131
  C:03C1H         LINE#         133
  C:03C4H         LINE#         134
  C:03C4H         LINE#         136
  C:03D1H         LINE#         137
  C:03D6H         LINE#         140
  C:03DFH         LINE#         142
  C:03E8H         LINE#         145
  C:03F1H         LINE#         146
  C:03FCH         LINE#         147
  C:0401H         LINE#         149
  C:040AH         LINE#         150
  C:040AH         LINE#         151
  C:040AH         LINE#         206
  -------         ENDPROC       TIMER0
  -------         PROC          UART_ISR
  C:02E2H         LINE#         213
  C:02FFH         LINE#         215
  C:0302H         LINE#         216
  C:0302H         LINE#         217
  C:0304H         LINE#         220
  C:030BH         LINE#         223
  C:0313H         LINE#         224
  C:0313H         LINE#         225
  C:0316H         LINE#         226
  C:0318H         LINE#         227
  C:0321H         LINE#         228
  C:0321H         LINE#         229
  C:0324H         LINE#         230
  C:0326H         LINE#         231
  C:032FH         LINE#         232
  C:032FH         LINE#         233
  C:0332H         LINE#         234
  C:0334H         LINE#         235
  C:033EH         LINE#         236
  C:033EH         LINE#         237
  C:0341H         LINE#         238
  C:0343H         LINE#         239
  C:034DH         LINE#         240
  C:034DH         LINE#         241
  C:0350H         LINE#         242
  C:0352H         LINE#         243
  C:035CH         LINE#         244
  C:035CH         LINE#         245
BL51 BANKED LINKER/LOCATER V6.22                                                      12/04/2014  15:49:12  PAGE 7


  C:035FH         LINE#         246
  C:0361H         LINE#         247
  C:0364H         LINE#         248
  C:0367H         LINE#         249
  C:0369H         LINE#         251
  C:0369H         LINE#         252
  C:036CH         LINE#         253
  C:036CH         LINE#         254
  C:036CH         LINE#         255
  -------         ENDPROC       UART_ISR
  -------         ENDMOD        MAIN

  -------         MODULE        VOICE
  C:0000H         SYMBOL        _ICE_DUMMY_
  D:0080H         PUBLIC        P0
  D:0090H         PUBLIC        P1
  C:0A4EH         PUBLIC        close_lock_speech
  D:00A0H         PUBLIC        P2
  D:00B0H         PUBLIC        P3
  B:0090H.4       PUBLIC        voice_EN
  D:00A8H         PUBLIC        IE
  B:00A0H.1       PUBLIC        SC_DATA
  C:0AFBH         PUBLIC        stolen_alarm_speech1
  C:0A96H         PUBLIC        stolen_alarm_speech2
  D:00B8H         PUBLIC        IP
  C:0B0AH         PUBLIC        open_lock_speech
  C:0ADDH         PUBLIC        motorBAT_low_speech
  C:0BAFH         PUBLIC        lock_rotated_on_speech
  C:000EH         PUBLIC        host_touch_speech
  C:0B64H         PUBLIC        Alarm_raised_speech
  C:0AECH         PUBLIC        host_2ndtouch_speech
  D:00D8H         PUBLIC        WDCON0
  C:0B91H         PUBLIC        battery_stolen_speech_F3
  C:0C04H         PUBLIC        Battery_high_alarm_speech
  D:0098H         PUBLIC        SCON
  B:0090H.4       PUBLIC        P14
  D:0088H         PUBLIC        TCON
  C:0B28H         PUBLIC        Cutting_Wire_Voice
  C:0B37H         PUBLIC        Product_Test_Voice
  C:0B55H         PUBLIC        Alarm_stolen_speech
  D:0070H         PUBLIC        key_rotate_on_speech_number
  C:0B82H         PUBLIC        Host_battery_high_alarm_speech
  C:0B73H         PUBLIC        Alarm_fell_speech
  C:07D6H         PUBLIC        _SC_Speech
  D:00E8H         PUBLIC        EIE
  C:0B19H         PUBLIC        battery_stolen_speech
  C:0A35H         PUBLIC        noVoice
  C:078FH         PUBLIC        key_rotate_on_speech
  D:00F8H         PUBLIC        ADCCON0
  D:00C0H         PUBLIC        I2CON
  C:0B46H         PUBLIC        Battery_low_alarm_speech
  D:00C8H         PUBLIC        T2CON
  B:00A0H.0       PUBLIC        SC_RST
  D:00D0H         PUBLIC        PSW
  C:0BA0H         PUBLIC        wire_broken_speech
  C:0BBEH         PUBLIC        lock_rotated_off_speech
  C:07D2H         SYMBOL        L?0031
BL51 BANKED LINKER/LOCATER V6.22                                                      12/04/2014  15:49:12  PAGE 8


  -------         PROC          L?0030
  -------         ENDPROC       L?0030
  C:07D2H         SYMBOL        L?0031
  -------         PROC          _SC_SPEECH
  D:001EH         SYMBOL        cnt
  -------         DO            
  D:001FH         SYMBOL        i
  -------         ENDDO         
  C:07D6H         LINE#         20
  C:07D8H         LINE#         21
  C:07D8H         LINE#         23
  C:07DAH         LINE#         24
  C:07E1H         LINE#         25
  C:07E3H         LINE#         26
  C:07EAH         LINE#         27
  C:07F4H         LINE#         28
  C:07F4H         LINE#         29
  C:07F6H         LINE#         30
  C:07FDH         LINE#         31
  C:07FFH         LINE#         32
  C:0806H         LINE#         33
  C:080AH         LINE#         34
  -------         ENDPROC       _SC_SPEECH
  -------         PROC          NOVOICE
  C:0A35H         LINE#         40
  C:0A35H         LINE#         41
  C:0A35H         LINE#         42
  C:0A37H         LINE#         43
  C:0A39H         LINE#         44
  C:0A3BH         LINE#         45
  C:0A42H         LINE#         46
  C:0A44H         LINE#         47
  C:0A4BH         LINE#         48
  C:0A4DH         LINE#         49
  -------         ENDPROC       NOVOICE
  -------         PROC          KEY_ROTATE_ON_SPEECH
  C:078FH         LINE#         55
  C:078FH         LINE#         56
  C:078FH         LINE#         57
  C:0798H         LINE#         58
  C:0798H         LINE#         59
  C:0798H         LINE#         60
  C:0798H         LINE#         61
  C:0798H         LINE#         62
  C:079BH         LINE#         63
  C:07A0H         LINE#         64
  C:07A5H         LINE#         65
  C:07AAH         LINE#         66
  C:07AFH         LINE#         67
  C:07B4H         LINE#         68
  C:07B6H         LINE#         69
  C:07B9H         LINE#         70
  C:07B9H         LINE#         71
  C:07BAH         LINE#         73
  C:07BAH         LINE#         74
  C:07BAH         LINE#         75
  C:07BAH         LINE#         76
BL51 BANKED LINKER/LOCATER V6.22                                                      12/04/2014  15:49:12  PAGE 9


  C:07BDH         LINE#         77
  C:07C2H         LINE#         78
  C:07C7H         LINE#         79
  C:07CCH         LINE#         80
  C:07CEH         LINE#         81
  C:07D1H         LINE#         82
  C:07D1H         LINE#         83
  C:07D1H         LINE#         84
  C:07D1H         LINE#         85
  -------         ENDPROC       KEY_ROTATE_ON_SPEECH
  -------         PROC          MOTORBAT_LOW_SPEECH
  C:0ADDH         LINE#         103
  C:0ADDH         LINE#         104
  C:0ADDH         LINE#         105
  C:0ADFH         LINE#         106
  C:0AE4H         LINE#         107
  C:0AE9H         LINE#         108
  C:0AEBH         LINE#         109
  -------         ENDPROC       MOTORBAT_LOW_SPEECH
  -------         PROC          HOST_TOUCH_SPEECH
  C:000EH         LINE#         115
  C:000EH         LINE#         116
  C:000EH         LINE#         117
  C:0010H         LINE#         118
  C:0015H         LINE#         119
  C:001AH         LINE#         120
  C:001CH         LINE#         121
  -------         ENDPROC       HOST_TOUCH_SPEECH
  -------         PROC          HOST_2NDTOUCH_SPEECH
  C:0AECH         LINE#         128
  C:0AECH         LINE#         129
  C:0AECH         LINE#         130
  C:0AEEH         LINE#         131
  C:0AF3H         LINE#         132
  C:0AF8H         LINE#         133
  C:0AFAH         LINE#         135
  -------         ENDPROC       HOST_2NDTOUCH_SPEECH
  -------         PROC          STOLEN_ALARM_SPEECH1
  C:0AFBH         LINE#         141
  C:0AFBH         LINE#         142
  C:0AFBH         LINE#         143
  C:0AFDH         LINE#         144
  C:0B02H         LINE#         145
  C:0B07H         LINE#         146
  C:0B09H         LINE#         147
  -------         ENDPROC       STOLEN_ALARM_SPEECH1
  -------         PROC          STOLEN_ALARM_SPEECH2
  C:0A96H         LINE#         153
  C:0A96H         LINE#         154
  C:0A96H         LINE#         155
  C:0A98H         LINE#         156
  C:0A9DH         LINE#         157
  C:0AA2H         LINE#         158
  C:0AA4H         LINE#         159
  -------         ENDPROC       STOLEN_ALARM_SPEECH2
  -------         PROC          OPEN_LOCK_SPEECH
  C:0B0AH         LINE#         166
BL51 BANKED LINKER/LOCATER V6.22                                                      12/04/2014  15:49:12  PAGE 10


  C:0B0AH         LINE#         167
  C:0B0AH         LINE#         168
  C:0B0CH         LINE#         169
  C:0B11H         LINE#         170
  C:0B16H         LINE#         171
  C:0B18H         LINE#         172
  -------         ENDPROC       OPEN_LOCK_SPEECH
  -------         PROC          CLOSE_LOCK_SPEECH
  C:0A4EH         LINE#         178
  C:0A4EH         LINE#         179
  C:0A4EH         LINE#         180
  C:0A50H         LINE#         181
  C:0A55H         LINE#         182
  C:0A5AH         LINE#         183
  C:0A5FH         LINE#         184
  C:0A64H         LINE#         185
  C:0A66H         LINE#         186
  -------         ENDPROC       CLOSE_LOCK_SPEECH
  -------         PROC          BATTERY_STOLEN_SPEECH
  C:0B19H         LINE#         192
  C:0B19H         LINE#         193
  C:0B19H         LINE#         194
  C:0B1BH         LINE#         195
  C:0B20H         LINE#         196
  C:0B25H         LINE#         197
  C:0B27H         LINE#         198
  -------         ENDPROC       BATTERY_STOLEN_SPEECH
  -------         PROC          CUTTING_WIRE_VOICE
  C:0B28H         LINE#         204
  C:0B28H         LINE#         205
  C:0B28H         LINE#         206
  C:0B2AH         LINE#         207
  C:0B2FH         LINE#         208
  C:0B34H         LINE#         209
  C:0B36H         LINE#         210
  -------         ENDPROC       CUTTING_WIRE_VOICE
  -------         PROC          PRODUCT_TEST_VOICE
  C:0B37H         LINE#         216
  C:0B37H         LINE#         217
  C:0B37H         LINE#         218
  C:0B39H         LINE#         219
  C:0B3EH         LINE#         220
  C:0B43H         LINE#         221
  C:0B45H         LINE#         222
  -------         ENDPROC       PRODUCT_TEST_VOICE
  -------         PROC          BATTERY_LOW_ALARM_SPEECH
  C:0B46H         LINE#         228
  C:0B46H         LINE#         229
  C:0B46H         LINE#         230
  C:0B48H         LINE#         231
  C:0B4DH         LINE#         232
  C:0B52H         LINE#         233
  C:0B54H         LINE#         234
  -------         ENDPROC       BATTERY_LOW_ALARM_SPEECH
  -------         PROC          BATTERY_HIGH_ALARM_SPEECH
  C:0C04H         LINE#         240
  C:0C04H         LINE#         241
BL51 BANKED LINKER/LOCATER V6.22                                                      12/04/2014  15:49:12  PAGE 11


  C:0C04H         LINE#         242
  C:0C04H         LINE#         243
  C:0C07H         LINE#         244
  C:0C0CH         LINE#         245
  C:0C0EH         LINE#         246
  -------         ENDPROC       BATTERY_HIGH_ALARM_SPEECH
  -------         PROC          ALARM_STOLEN_SPEECH
  C:0B55H         LINE#         252
  C:0B55H         LINE#         253
  C:0B55H         LINE#         254
  C:0B57H         LINE#         255
  C:0B5CH         LINE#         256
  C:0B61H         LINE#         257
  C:0B63H         LINE#         258
  -------         ENDPROC       ALARM_STOLEN_SPEECH
  -------         PROC          ALARM_RAISED_SPEECH
  C:0B64H         LINE#         264
  C:0B64H         LINE#         265
  C:0B64H         LINE#         266
  C:0B66H         LINE#         267
  C:0B6BH         LINE#         268
  C:0B70H         LINE#         269
  C:0B72H         LINE#         270
  -------         ENDPROC       ALARM_RAISED_SPEECH
  -------         PROC          ALARM_FELL_SPEECH
  C:0B73H         LINE#         276
  C:0B73H         LINE#         277
  C:0B73H         LINE#         278
  C:0B75H         LINE#         279
  C:0B7AH         LINE#         280
  C:0B7FH         LINE#         281
  C:0B81H         LINE#         282
  -------         ENDPROC       ALARM_FELL_SPEECH
  -------         PROC          HOST_BATTERY_HIGH_ALARM_SPEECH
  C:0B82H         LINE#         288
  C:0B82H         LINE#         289
  C:0B82H         LINE#         290
  C:0B84H         LINE#         291
  C:0B89H         LINE#         292
  C:0B8EH         LINE#         293
  C:0B90H         LINE#         294
  -------         ENDPROC       HOST_BATTERY_HIGH_ALARM_SPEECH
  -------         PROC          BATTERY_STOLEN_SPEECH_F3
  C:0B91H         LINE#         300
  C:0B91H         LINE#         301
  C:0B91H         LINE#         302
  C:0B93H         LINE#         303
  C:0B98H         LINE#         304
  C:0B9DH         LINE#         305
  C:0B9FH         LINE#         306
  -------         ENDPROC       BATTERY_STOLEN_SPEECH_F3
  -------         PROC          WIRE_BROKEN_SPEECH
  C:0BA0H         LINE#         312
  C:0BA0H         LINE#         313
  C:0BA0H         LINE#         314
  C:0BA2H         LINE#         315
  C:0BA7H         LINE#         316
BL51 BANKED LINKER/LOCATER V6.22                                                      12/04/2014  15:49:12  PAGE 12


  C:0BACH         LINE#         317
  C:0BAEH         LINE#         318
  -------         ENDPROC       WIRE_BROKEN_SPEECH
  -------         PROC          LOCK_ROTATED_ON_SPEECH
  C:0BAFH         LINE#         324
  C:0BAFH         LINE#         325
  C:0BAFH         LINE#         326
  C:0BB1H         LINE#         327
  C:0BB6H         LINE#         328
  C:0BBBH         LINE#         329
  C:0BBDH         LINE#         330
  -------         ENDPROC       LOCK_ROTATED_ON_SPEECH
  -------         PROC          LOCK_ROTATED_OFF_SPEECH
  C:0BBEH         LINE#         335
  C:0BBEH         LINE#         336
  C:0BBEH         LINE#         337
  C:0BC0H         LINE#         338
  C:0BC5H         LINE#         339
  C:0BCAH         LINE#         340
  C:0BCCH         LINE#         341
  -------         ENDPROC       LOCK_ROTATED_OFF_SPEECH
  -------         ENDMOD        VOICE

  -------         MODULE        UART
  C:0000H         SYMBOL        _ICE_DUMMY_
  D:0080H         PUBLIC        P0
  D:0090H         PUBLIC        P1
  D:00A0H         PUBLIC        P2
  D:00B0H         PUBLIC        P3
  C:0003H         PUBLIC        _SendData
  D:00A8H         PUBLIC        IE
  D:00B8H         PUBLIC        IP
  B:0098H.1       PUBLIC        TI
  D:00D8H         PUBLIC        WDCON0
  D:0099H         PUBLIC        SBUF
  D:0098H         PUBLIC        SCON
  D:0089H         PUBLIC        TMOD
  D:0088H         PUBLIC        TCON
  D:008DH         PUBLIC        TH1
  D:008BH         PUBLIC        TL1
  D:00E8H         PUBLIC        EIE
  C:0AA9H         PUBLIC        InitUART
  B:0088H.6       PUBLIC        TR1
  D:00F8H         PUBLIC        ADCCON0
  D:00C0H         PUBLIC        I2CON
  D:00C8H         PUBLIC        T2CON
  C:09F1H         PUBLIC        _SendNByte
  D:00A2H         PUBLIC        AUXR1
  D:00D0H         PUBLIC        PSW
  -------         PROC          INITUART
  C:0AA9H         LINE#         17
  C:0AA9H         LINE#         18
  C:0AA9H         LINE#         19
  C:0AACH         LINE#         20
  C:0AAFH         LINE#         21
  C:0AB2H         LINE#         22
  C:0AB8H         LINE#         23
BL51 BANKED LINKER/LOCATER V6.22                                                      12/04/2014  15:49:12  PAGE 13


  C:0ABAH         LINE#         24
  -------         ENDPROC       INITUART
  -------         PROC          _SENDDATA
  D:0007H         SYMBOL        dat
  C:0003H         LINE#         30
  C:0003H         LINE#         31
  C:0003H         LINE#         32
  C:0005H         LINE#         33
  C:0008H         LINE#         34
  C:000AH         LINE#         35
  -------         ENDPROC       _SENDDATA
  -------         PROC          _SENDNBYTE
  D:0066H         SYMBOL        buf
  D:0005H         SYMBOL        len
  C:09F1H         LINE#         40
  C:09F7H         LINE#         41
  C:09F7H         LINE#         42
  C:09FDH         LINE#         43
  C:09FDH         LINE#         44
  C:0A12H         LINE#         45
  C:0A14H         LINE#         46
  -------         ENDPROC       _SENDNBYTE
  -------         ENDMOD        UART

  -------         MODULE        PWM
  C:0000H         SYMBOL        _ICE_DUMMY_
  D:0080H         PUBLIC        P0
  D:0090H         PUBLIC        P1
  D:00A0H         PUBLIC        P2
  D:00B0H         PUBLIC        P3
  D:00DCH         PUBLIC        PWMCON0
  D:00D1H         PUBLIC        PWMPH
  D:00A8H         PUBLIC        IE
  D:00D9H         PUBLIC        PWMPL
  C:06FDH         PUBLIC        _PWM_Channel
  D:00B8H         PUBLIC        IP
  C:0C19H         PUBLIC        myPwm
  D:00D8H         PUBLIC        WDCON0
  D:0098H         PUBLIC        SCON
  D:0088H         PUBLIC        TCON
  D:00E8H         PUBLIC        EIE
  D:00F8H         PUBLIC        ADCCON0
  D:00C0H         PUBLIC        I2CON
  D:006CH         PUBLIC        PWM_shadow
  D:00C8H         PUBLIC        T2CON
  C:0ABBH         PUBLIC        Init_PWM
  D:00D2H         PUBLIC        PWM0H
  D:00D3H         PUBLIC        PWM1H
  D:00D5H         PUBLIC        PWM2H
  D:00D6H         PUBLIC        PWM3H
  D:00DAH         PUBLIC        PWM0L
  D:00DBH         PUBLIC        PWM1L
  D:00DDH         PUBLIC        PWM2L
  D:00DEH         PUBLIC        PWM3L
  D:00D0H         PUBLIC        PSW
  -------         PROC          INIT_PWM
  C:0ABBH         LINE#         19
BL51 BANKED LINKER/LOCATER V6.22                                                      12/04/2014  15:49:12  PAGE 14


  C:0ABBH         LINE#         20
  C:0ABBH         LINE#         22
  C:0ABEH         LINE#         24
  C:0AC4H         LINE#         26
  C:0AC8H         LINE#         27
  C:0ACCH         LINE#         28
  -------         ENDPROC       INIT_PWM
  -------         PROC          _PWM_CHANNEL
  D:0007H         SYMBOL        Channel
  C:06FDH         LINE#         34
  C:06FDH         LINE#         35
  C:06FDH         LINE#         36
  C:070BH         LINE#         37
  C:070BH         LINE#         39
  C:070BH         LINE#         40
  C:070BH         LINE#         41
  C:0711H         LINE#         42
  C:0715H         LINE#         43
  C:0719H         LINE#         44
  C:0719H         LINE#         45
  C:071AH         LINE#         47
  C:071AH         LINE#         48
  C:071AH         LINE#         49
  C:0720H         LINE#         50
  C:0724H         LINE#         51
  C:0728H         LINE#         52
  C:0728H         LINE#         53
  C:0729H         LINE#         55
  C:0729H         LINE#         56
  C:0729H         LINE#         57
  C:072FH         LINE#         58
  C:0733H         LINE#         59
  C:0737H         LINE#         60
  C:0737H         LINE#         61
  C:0738H         LINE#         63
  C:0738H         LINE#         64
  C:0738H         LINE#         65
  C:073EH         LINE#         66
  C:0742H         LINE#         67
  C:0746H         LINE#         68
  C:0746H         LINE#         69
  C:0746H         LINE#         70
  C:0746H         LINE#         71
  -------         ENDPROC       _PWM_CHANNEL
  -------         PROC          MYPWM
  C:0C19H         LINE#         77
  C:0C19H         LINE#         78
  C:0C19H         LINE#         80
  C:0C1EH         LINE#         82
  -------         ENDPROC       MYPWM
  -------         ENDMOD        PWM

  -------         MODULE        OTHER
  C:0000H         SYMBOL        _ICE_DUMMY_
  D:0080H         PUBLIC        P0
  D:0090H         PUBLIC        P1
  D:00A0H         PUBLIC        P2
BL51 BANKED LINKER/LOCATER V6.22                                                      12/04/2014  15:49:12  PAGE 15


  D:00B0H         PUBLIC        P3
  D:00A8H         PUBLIC        IE
  C:0BDBH         PUBLIC        _magnet_ACW_Taili
  B:00A0H.4       PUBLIC        Moto_EN
  D:00B8H         PUBLIC        IP
  D:00D8H         PUBLIC        WDCON0
  D:0098H         PUBLIC        SCON
  D:0088H         PUBLIC        TCON
  C:0C0FH         PUBLIC        Moto_Vibration
  C:0BCDH         PUBLIC        _magnet_ACW
  B:0080H.5       PUBLIC        motor_lock
  C:097EH         PUBLIC        _magnet_CW_Taili
  D:00E8H         PUBLIC        EIE
  C:080BH         PUBLIC        disable_sensor
  B:00A0H.2       PUBLIC        MagentControl_1
  B:00A0H.3       PUBLIC        MagentControl_2
  D:00F8H         PUBLIC        ADCCON0
  D:00C0H         PUBLIC        I2CON
  D:00C8H         PUBLIC        T2CON
  C:0BE9H         PUBLIC        enable_sensor
  C:0957H         PUBLIC        _magnet_CW
  D:00D0H         PUBLIC        PSW
  -------         PROC          _MAGNET_CW
  D:0008H         SYMBOL        x
  D:000AH         SYMBOL        y
  D:0003H         SYMBOL        z
  C:0957H         LINE#         44
  C:095FH         LINE#         45
  C:095FH         LINE#         47
  C:0968H         LINE#         49
  C:096AH         LINE#         50
  C:096CH         LINE#         51
  C:0977H         LINE#         52
  C:0979H         LINE#         53
  C:097BH         LINE#         54
  C:097DH         LINE#         55
  -------         ENDPROC       _MAGNET_CW
  -------         PROC          _MAGNET_CW_TAILI
  D:005AH         SYMBOL        x
  D:005CH         SYMBOL        y
  D:0003H         SYMBOL        z
  C:097EH         LINE#         61
  C:0986H         LINE#         62
  C:0986H         LINE#         64
  C:098FH         LINE#         66
  C:0991H         LINE#         67
  C:0993H         LINE#         68
  C:099EH         LINE#         69
  C:09A0H         LINE#         70
  C:09A2H         LINE#         71
  C:09A4H         LINE#         72
  -------         ENDPROC       _MAGNET_CW_TAILI
  -------         PROC          _MAGNET_ACW
  D:0006H         SYMBOL        x
  D:0004H         SYMBOL        y
  C:0BCDH         LINE#         78
  C:0BCDH         LINE#         79
BL51 BANKED LINKER/LOCATER V6.22                                                      12/04/2014  15:49:12  PAGE 16


  C:0BCDH         LINE#         80
  C:0BCFH         LINE#         81
  C:0BD1H         LINE#         82
  C:0BD3H         LINE#         83
  C:0BD6H         LINE#         84
  C:0BD8H         LINE#         85
  C:0BDAH         LINE#         86
  -------         ENDPROC       _MAGNET_ACW
  -------         PROC          _MAGNET_ACW_TAILI
  D:0006H         SYMBOL        x
  D:0004H         SYMBOL        y
  C:0BDBH         LINE#         92
  C:0BDBH         LINE#         93
  C:0BDBH         LINE#         94
  C:0BDDH         LINE#         95
  C:0BDFH         LINE#         96
  C:0BE1H         LINE#         97
  C:0BE4H         LINE#         98
  C:0BE6H         LINE#         99
  C:0BE8H         LINE#         100
  -------         ENDPROC       _MAGNET_ACW_TAILI
  -------         PROC          DISABLE_SENSOR
  C:080BH         LINE#         106
  C:080BH         LINE#         107
  C:080BH         LINE#         109
  C:080DH         LINE#         110
  C:080FH         LINE#         112
  C:0811H         LINE#         113
  C:0813H         LINE#         114
  C:0816H         LINE#         115
  C:0818H         LINE#         116
  C:081AH         LINE#         117
  C:081EH         LINE#         118
  C:0822H         LINE#         119
  C:0826H         LINE#         120
  C:0828H         LINE#         121
  C:082AH         LINE#         122
  C:082CH         LINE#         123
  C:082EH         LINE#         124
  C:0830H         LINE#         125
  C:0832H         LINE#         126
  C:0834H         LINE#         128
  C:0836H         LINE#         131
  C:0838H         LINE#         132
  C:083AH         LINE#         134
  C:083CH         LINE#         135
  C:083EH         LINE#         137
  C:0840H         LINE#         138
  C:0842H         LINE#         139
  -------         ENDPROC       DISABLE_SENSOR
  -------         PROC          ENABLE_SENSOR
  C:0BE9H         LINE#         145
  C:0BE9H         LINE#         146
  C:0BE9H         LINE#         148
  C:0BEBH         LINE#         149
  C:0BEDH         LINE#         151
  C:0BF0H         LINE#         152
BL51 BANKED LINKER/LOCATER V6.22                                                      12/04/2014  15:49:12  PAGE 17


  C:0BF2H         LINE#         153
  C:0BF4H         LINE#         154
  C:0BF6H         LINE#         155
  -------         ENDPROC       ENABLE_SENSOR
  -------         PROC          MOTO_VIBRATION
  C:0C0FH         LINE#         161
  C:0C0FH         LINE#         162
  C:0C0FH         LINE#         163
  C:0C11H         LINE#         164
  C:0C16H         LINE#         165
  C:0C18H         LINE#         166
  -------         ENDPROC       MOTO_VIBRATION
  -------         ENDMOD        OTHER

  -------         MODULE        DELAY
  C:0000H         SYMBOL        _ICE_DUMMY_
  D:0080H         PUBLIC        P0
  D:0090H         PUBLIC        P1
  D:00A0H         PUBLIC        P2
  D:00B0H         PUBLIC        P3
  D:00A8H         PUBLIC        IE
  D:00B8H         PUBLIC        IP
  B:0090H.2       PUBLIC        magnet_overcurrent
  D:00D8H         PUBLIC        WDCON0
  C:087AH         PUBLIC        _Magnet_Delay
  D:0098H         PUBLIC        SCON
  D:0088H         PUBLIC        TCON
  C:092FH         PUBLIC        _Custom_Delay
  C:0A15H         PUBLIC        _delay_ms
  D:00E8H         PUBLIC        EIE
  D:00F8H         PUBLIC        ADCCON0
  C:0A67H         PUBLIC        _delay_us
  D:00C0H         PUBLIC        I2CON
  D:00C8H         PUBLIC        T2CON
  C:0A7FH         PUBLIC        _Delay
  D:00D0H         PUBLIC        PSW
  -------         PROC          _DELAY
  D:0007H         SYMBOL        n
  -------         DO            
  D:0004H         SYMBOL        x
  -------         ENDDO         
  C:0A7FH         LINE#         17
  C:0A7FH         LINE#         18
  C:0A7FH         LINE#         20
  C:0A85H         LINE#         21
  C:0A85H         LINE#         22
  C:0A89H         LINE#         23
  C:0A95H         LINE#         25
  -------         ENDPROC       _DELAY
  -------         PROC          _CUSTOM_DELAY
  D:0007H         SYMBOL        t
  D:0004H         SYMBOL        m
  -------         DO            
  D:0002H         SYMBOL        i
  D:0006H         SYMBOL        j
  -------         ENDDO         
  C:092FH         LINE#         31
BL51 BANKED LINKER/LOCATER V6.22                                                      12/04/2014  15:49:12  PAGE 18


  C:092FH         LINE#         32
  C:092FH         LINE#         35
  C:093EH         LINE#         36
  C:0956H         LINE#         37
  -------         ENDPROC       _CUSTOM_DELAY
  -------         PROC          _DELAY_MS
  D:0006H         SYMBOL        count
  -------         DO            
  D:0004H         SYMBOL        i
  D:0002H         SYMBOL        j
  -------         ENDDO         
  C:0A15H         LINE#         44
  C:0A15H         LINE#         45
  C:0A15H         LINE#         47
  C:0A1FH         LINE#         48
  C:0A1FH         LINE#         49
  C:0A2DH         LINE#         50
  C:0A34H         LINE#         51
  -------         ENDPROC       _DELAY_MS
  -------         PROC          _DELAY_US
  D:0006H         SYMBOL        count1
  -------         DO            
  D:0004H         SYMBOL        i
  D:0003H         SYMBOL        j
  -------         ENDDO         
  C:0A67H         LINE#         59
  C:0A67H         LINE#         60
  C:0A67H         LINE#         63
  C:0A71H         LINE#         64
  C:0A71H         LINE#         65
  C:0A77H         LINE#         66
  C:0A7EH         LINE#         67
  -------         ENDPROC       _DELAY_US
  -------         PROC          _MAGNET_DELAY
  D:0006H         SYMBOL        x
  D:0004H         SYMBOL        y
  -------         DO            
  D:0001H         SYMBOL        i
  D:0002H         SYMBOL        j
  -------         ENDDO         
  C:087AH         LINE#         73
  C:087AH         LINE#         74
  C:087AH         LINE#         77
  C:087CH         LINE#         78
  C:087CH         LINE#         79
  C:088DH         LINE#         80
  C:0891H         LINE#         81
  C:0893H         LINE#         82
  C:0893H         LINE#         84
  C:0896H         LINE#         85
  C:0896H         LINE#         86
  C:08A7H         LINE#         87
  C:08A7H         LINE#         89
  C:08A7H         LINE#         91
  C:08A7H         LINE#         92
  C:08ABH         LINE#         93
  -------         ENDPROC       _MAGNET_DELAY
BL51 BANKED LINKER/LOCATER V6.22                                                      12/04/2014  15:49:12  PAGE 19


  -------         ENDMOD        DELAY

  -------         MODULE        OPERATION
  C:0000H         SYMBOL        _ICE_DUMMY_
  D:0080H         PUBLIC        P0
  D:0090H         PUBLIC        P1
  D:00A0H         PUBLIC        P2
  D:00B0H         PUBLIC        P3
  D:00A8H         PUBLIC        IE
  D:00B8H         PUBLIC        IP
  D:00D8H         PUBLIC        WDCON0
  D:0098H         PUBLIC        SCON
  D:0088H         PUBLIC        TCON
  C:0ACDH         PUBLIC        slave_nearby_operation
  D:00E8H         PUBLIC        EIE
  D:00F8H         PUBLIC        ADCCON0
  D:00C0H         PUBLIC        I2CON
  D:00C8H         PUBLIC        T2CON
  C:0BF7H         PUBLIC        slave_away_operation
  B:0022H.3       PUBLIC        enable_sensor_delayEN
  D:00D0H         PUBLIC        PSW
  -------         PROC          SLAVE_AWAY_OPERATION
  C:0BF7H         LINE#         50
  C:0BF7H         LINE#         51
  C:0BF7H         LINE#         53
  C:0BFAH         LINE#         56
  C:0BFCH         LINE#         57
  C:0BFFH         LINE#         59
  -------         ENDPROC       SLAVE_AWAY_OPERATION
  -------         PROC          SLAVE_NEARBY_OPERATION
  C:0ACDH         LINE#         66
  C:0ACDH         LINE#         67
  C:0ACDH         LINE#         71
  C:0AD0H         LINE#         73
  C:0AD7H         LINE#         75
  C:0ADAH         LINE#         77
  -------         ENDPROC       SLAVE_NEARBY_OPERATION
  -------         ENDMOD        OPERATION

  -------         MODULE        COMMUNICATION
  C:0000H         SYMBOL        _ICE_DUMMY_
  C:0597H         PUBLIC        receive_byte
  D:0080H         PUBLIC        P0
  D:0090H         PUBLIC        P1
  D:00A0H         PUBLIC        P2
  D:00B0H         PUBLIC        P3
  C:09CCH         PUBLIC        _ComMode_Data
  C:08D9H         PUBLIC        UART_Send_Data
  C:0843H         PUBLIC        receive_word
  D:0052H         PUBLIC        IDkey5
  D:00A8H         PUBLIC        IE
  C:09A5H         PUBLIC        _ComMode_Data_WX
  D:00B8H         PUBLIC        IP
  B:0080H.1       PUBLIC        lock_code
  D:00D8H         PUBLIC        WDCON0
  B:0090H.0       PUBLIC        P10
  B:0090H.1       PUBLIC        P11
BL51 BANKED LINKER/LOCATER V6.22                                                      12/04/2014  15:49:12  PAGE 20


  D:0098H         PUBLIC        SCON
  D:0088H         PUBLIC        TCON
  C:0747H         PUBLIC        initsignal
  B:00A0H.7       PUBLIC        transmiter_EN
  B:0090H.3       PUBLIC        receiver_EN
  C:064EH         PUBLIC        _send_code_to_lock_Taili
  D:00E8H         PUBLIC        EIE
  B:00A0H.2       PUBLIC        MagentControl_1
  D:00F8H         PUBLIC        ADCCON0
  D:00C0H         PUBLIC        I2CON
  D:00C8H         PUBLIC        T2CON
  C:06A9H         PUBLIC        _Send_Data
  B:0090H.0       PUBLIC        TXD
  C:05F3H         PUBLIC        _send_code_to_lock
  D:00D0H         PUBLIC        PSW
  D:0053H         PUBLIC        myTxRxData
  -------         PROC          INITSIGNAL
  -------         DO            
  D:000BH         SYMBOL        k
  D:000CH         SYMBOL        k1
  D:000DH         SYMBOL        mystartbuffer
  -------         ENDDO         
  C:0747H         LINE#         35
  C:0747H         LINE#         36
  C:0747H         LINE#         38
  C:074AH         LINE#         39
  C:074DH         LINE#         40
  C:074DH         LINE#         41
  C:0750H         LINE#         42
  C:0750H         LINE#         43
  C:0752H         LINE#         44
  C:0752H         LINE#         45
  C:0752H         LINE#         46
  C:0752H         LINE#         47
  C:0752H         LINE#         49
  C:0752H         LINE#         50
  C:0754H         LINE#         51
  C:075DH         LINE#         52
  C:075DH         LINE#         53
  C:075FH         LINE#         54
  C:0765H         LINE#         55
  C:076EH         LINE#         56
  C:0777H         LINE#         57
  C:077AH         LINE#         58
  C:0783H         LINE#         59
  C:078CH         LINE#         60
  C:078EH         LINE#         61
  -------         ENDPROC       INITSIGNAL
  -------         PROC          _SEND_DATA
  D:000BH         SYMBOL        x
  -------         DO            
  D:000CH         SYMBOL        i
  D:000DH         SYMBOL        n
  -------         ENDDO         
  C:06A9H         LINE#         67
  C:06ABH         LINE#         68
  C:06ABH         LINE#         70
BL51 BANKED LINKER/LOCATER V6.22                                                      12/04/2014  15:49:12  PAGE 21


  C:06AEH         LINE#         71
  C:06AEH         LINE#         72
  C:06B1H         LINE#         73
  C:06B1H         LINE#         74
  C:06BAH         LINE#         75
  C:06BAH         LINE#         76
  C:06BCH         LINE#         77
  C:06C3H         LINE#         78
  C:06C5H         LINE#         80
  C:06C5H         LINE#         81
  C:06C7H         LINE#         82
  C:06D1H         LINE#         83
  C:06D1H         LINE#         84
  C:06D3H         LINE#         85
  C:06E0H         LINE#         86
  C:06EAH         LINE#         87
  C:06F3H         LINE#         88
  C:06FCH         LINE#         89
  -------         ENDPROC       _SEND_DATA
  -------         PROC          _COMMODE_DATA
  D:0008H         SYMBOL        ComMode
  D:0009H         SYMBOL        x
  C:09CCH         LINE#         97
  C:09D2H         LINE#         98
  C:09D2H         LINE#         99
  C:09D4H         LINE#         100
  C:09D9H         LINE#         101
  C:09DBH         LINE#         102
  C:09DEH         LINE#         103
  C:09E1H         LINE#         104
  C:09E4H         LINE#         106
  C:09E7H         LINE#         107
  C:09ECH         LINE#         109
  C:09EEH         LINE#         110
  C:09F0H         LINE#         111
  -------         ENDPROC       _COMMODE_DATA
  -------         PROC          _COMMODE_DATA_WX
  D:0069H         SYMBOL        ComMode
  D:006AH         SYMBOL        x
  C:09A5H         LINE#         119
  C:09ABH         LINE#         120
  C:09ABH         LINE#         121
  C:09ADH         LINE#         122
  C:09B2H         LINE#         123
  C:09B4H         LINE#         124
  C:09B7H         LINE#         125
  C:09BAH         LINE#         126
  C:09BDH         LINE#         128
  C:09C0H         LINE#         129
  C:09C5H         LINE#         131
  C:09C7H         LINE#         132
  C:09C9H         LINE#         133
  C:09CBH         LINE#         134
  -------         ENDPROC       _COMMODE_DATA_WX
  -------         PROC          UART_SEND_DATA
  C:08D9H         LINE#         139
  C:08D9H         LINE#         140
BL51 BANKED LINKER/LOCATER V6.22                                                      12/04/2014  15:49:12  PAGE 22


  C:08D9H         LINE#         141
  C:08DBH         LINE#         142
  C:08E0H         LINE#         143
  C:08E2H         LINE#         144
  C:08E5H         LINE#         145
  C:08E7H         LINE#         146
  C:08E9H         LINE#         147
  C:08ECH         LINE#         148
  C:08EFH         LINE#         149
  C:08F2H         LINE#         150
  C:08F5H         LINE#         151
  C:0900H         LINE#         153
  C:0902H         LINE#         154
  C:0904H         LINE#         156
  -------         ENDPROC       UART_SEND_DATA
  -------         PROC          RECEIVE_BYTE
  C:0597H         LINE#         162
  C:0597H         LINE#         163
  C:0597H         LINE#         165
  C:059AH         LINE#         166
  C:059AH         LINE#         168
  C:05A1H         LINE#         169
  C:05A1H         LINE#         170
  C:05A4H         LINE#         171
  C:05A4H         LINE#         172
  C:05A6H         LINE#         173
  C:05A7H         LINE#         176
  C:05A7H         LINE#         178
  C:05AAH         LINE#         179
  C:05AAH         LINE#         181
  C:05ACH         LINE#         184
  C:05BAH         LINE#         185
  C:05BAH         LINE#         187
  C:05C0H         LINE#         188
  C:05C3H         LINE#         189
  C:05C3H         LINE#         190
  C:05C3H         LINE#         191
  C:05C5H         LINE#         193
  C:05CCH         LINE#         194
  C:05CCH         LINE#         196
  C:05D2H         LINE#         197
  C:05D5H         LINE#         198
  C:05D7H         LINE#         199
  C:05DAH         LINE#         200
  C:05DCH         LINE#         203
  C:05DCH         LINE#         205
  C:05DEH         LINE#         206
  C:05DEH         LINE#         208
  C:05E1H         LINE#         209
  C:05E2H         LINE#         211
  C:05E2H         LINE#         213
  C:05EBH         LINE#         214
  C:05EBH         LINE#         215
  C:05EEH         LINE#         216
  C:05F0H         LINE#         217
  C:05F2H         LINE#         218
  C:05F2H         LINE#         219
BL51 BANKED LINKER/LOCATER V6.22                                                      12/04/2014  15:49:12  PAGE 23


  C:05F2H         LINE#         220
  C:05F2H         LINE#         221
  -------         ENDPROC       RECEIVE_BYTE
  -------         PROC          RECEIVE_WORD
  C:0843H         LINE#         227
  C:0843H         LINE#         228
  C:0843H         LINE#         230
  C:0849H         LINE#         231
  C:0849H         LINE#         232
  C:084BH         LINE#         234
  C:0852H         LINE#         237
  C:085BH         LINE#         238
  C:085BH         LINE#         239
  C:085EH         LINE#         240
  C:085FH         LINE#         242
  C:0869H         LINE#         243
  C:0869H         LINE#         244
  C:086CH         LINE#         245
  C:086DH         LINE#         246
  C:0872H         LINE#         247
  C:0872H         LINE#         248
  C:0874H         LINE#         249
  C:0874H         LINE#         250
  C:0876H         LINE#         252
  C:0876H         LINE#         253
  C:0879H         LINE#         254
  C:0879H         LINE#         255
  C:0879H         LINE#         256
  -------         ENDPROC       RECEIVE_WORD
  -------         PROC          _SEND_CODE_TO_LOCK
  D:0007H         SYMBOL        x
  D:000CH         SYMBOL        y
  -------         DO            
  D:000EH         SYMBOL        i
  D:000FH         SYMBOL        n
  -------         ENDDO         
  C:05F3H         LINE#         263
  C:05F7H         LINE#         264
  C:05F7H         LINE#         266
  C:05FAH         LINE#         267
  C:05FDH         LINE#         268
  C:05FFH         LINE#         274
  C:0602H         LINE#         275
  C:0602H         LINE#         276
  C:0605H         LINE#         277
  C:0605H         LINE#         278
  C:060EH         LINE#         279
  C:060EH         LINE#         280
  C:0610H         LINE#         281
  C:0616H         LINE#         282
  C:0618H         LINE#         284
  C:0618H         LINE#         285
  C:061AH         LINE#         286
  C:0623H         LINE#         287
  C:0623H         LINE#         288
  C:0625H         LINE#         289
  C:0632H         LINE#         290
BL51 BANKED LINKER/LOCATER V6.22                                                      12/04/2014  15:49:12  PAGE 24


  C:063BH         LINE#         291
  C:0644H         LINE#         292
  C:064DH         LINE#         293
  -------         ENDPROC       _SEND_CODE_TO_LOCK
  -------         PROC          _SEND_CODE_TO_LOCK_TAILI
  D:0007H         SYMBOL        x
  D:005EH         SYMBOL        y
  -------         DO            
  D:0060H         SYMBOL        i
  D:0061H         SYMBOL        n
  -------         ENDDO         
  C:064EH         LINE#         300
  C:0652H         LINE#         301
  C:0652H         LINE#         303
  C:0655H         LINE#         304
  C:0658H         LINE#         305
  C:065AH         LINE#         311
  C:065DH         LINE#         312
  C:065DH         LINE#         313
  C:0660H         LINE#         314
  C:0660H         LINE#         315
  C:0669H         LINE#         316
  C:0669H         LINE#         317
  C:066BH         LINE#         318
  C:0671H         LINE#         319
  C:0673H         LINE#         321
  C:0673H         LINE#         322
  C:0675H         LINE#         323
  C:067EH         LINE#         324
  C:067EH         LINE#         325
  C:0680H         LINE#         326
  C:068DH         LINE#         327
  C:0696H         LINE#         328
  C:069FH         LINE#         329
  C:06A8H         LINE#         330
  -------         ENDPROC       _SEND_CODE_TO_LOCK_TAILI
  -------         ENDMOD        COMMUNICATION

  -------         MODULE        BATTERY
  C:0000H         SYMBOL        _ICE_DUMMY_
  D:0080H         PUBLIC        P0
  D:0090H         PUBLIC        P1
  D:00A0H         PUBLIC        P2
  D:00B0H         PUBLIC        P3
  B:0090H.4       PUBLIC        voice_EN
  D:00A8H         PUBLIC        IE
  D:00B8H         PUBLIC        IP
  C:0189H         PUBLIC        _verifybattery
  D:00D8H         PUBLIC        WDCON0
  D:0098H         PUBLIC        SCON
  D:0088H         PUBLIC        TCON
  D:00E8H         PUBLIC        EIE
  D:00F8H         PUBLIC        ADCCON0
  D:00C0H         PUBLIC        I2CON
  D:00C8H         PUBLIC        T2CON
  D:00D0H         PUBLIC        PSW
  -------         PROC          _VERIFYBATTERY
BL51 BANKED LINKER/LOCATER V6.22                                                      12/04/2014  15:49:12  PAGE 25


  D:006EH         SYMBOL        Check2
  C:0189H         LINE#         19
  C:018DH         LINE#         20
  C:018DH         LINE#         22
  C:0198H         LINE#         23
  C:0198H         LINE#         24
  C:019AH         LINE#         25
  C:019FH         LINE#         26
  C:01A1H         LINE#         27
  C:01A1H         LINE#         28
  C:01A4H         LINE#         30
  C:01BAH         LINE#         31
  C:01BAH         LINE#         32
  C:01BCH         LINE#         33
  C:01C1H         LINE#         34
  C:01C3H         LINE#         35
  C:01C3H         LINE#         36
  C:01C5H         LINE#         38
  C:01DBH         LINE#         39
  C:01DBH         LINE#         40
  C:01DDH         LINE#         41
  C:01E2H         LINE#         42
  C:01E4H         LINE#         43
  C:01E4H         LINE#         44
  C:01E6H         LINE#         46
  C:01FCH         LINE#         47
  C:01FCH         LINE#         48
  C:01FEH         LINE#         49
  C:0203H         LINE#         50
  C:0205H         LINE#         51
  C:0205H         LINE#         52
  C:0207H         LINE#         54
  C:021DH         LINE#         55
  C:021DH         LINE#         56
  C:021FH         LINE#         57
  C:0224H         LINE#         58
  C:0229H         LINE#         59
  C:022BH         LINE#         60
  C:022CH         LINE#         62
  C:0237H         LINE#         63
  C:0237H         LINE#         64
  C:023AH         LINE#         65
  C:023AH         LINE#         66
  -------         ENDPROC       _VERIFYBATTERY
  -------         ENDMOD        BATTERY

  -------         MODULE        AD
  C:0000H         SYMBOL        _ICE_DUMMY_
  D:0080H         PUBLIC        P0
  D:0090H         PUBLIC        P1
  D:00A0H         PUBLIC        P2
  D:00B0H         PUBLIC        P3
  D:00A8H         PUBLIC        IE
  D:00E2H         PUBLIC        ADCH
  B:00F8H.4       PUBLIC        ADCI
  D:00B8H         PUBLIC        IP
  B:00F8H.3       PUBLIC        ADCS
BL51 BANKED LINKER/LOCATER V6.22                                                      12/04/2014  15:49:12  PAGE 26


  D:00F6H         PUBLIC        P0DIDS
  D:00D8H         PUBLIC        WDCON0
  D:0098H         PUBLIC        SCON
  D:0088H         PUBLIC        TCON
  B:00F8H.0       PUBLIC        AADR0
  B:00F8H.1       PUBLIC        AADR1
  B:00F8H.2       PUBLIC        AADR2
  D:00E8H         PUBLIC        EIE
  D:00F8H         PUBLIC        ADCCON0
  D:00E1H         PUBLIC        ADCCON1
  D:00C0H         PUBLIC        I2CON
  D:00C8H         PUBLIC        T2CON
  C:04B1H         PUBLIC        _GetADCResult
  D:00D0H         PUBLIC        PSW
  -------         PROC          _GETADCRESULT
  D:0007H         SYMBOL        ch
  -------         DO            
  D:0005H         SYMBOL        DataL
  D:0002H         SYMBOL        DataH
  -------         ENDDO         
  C:04B1H         LINE#         18
  C:04B1H         LINE#         19
  C:04B1H         LINE#         20
  C:04B2H         LINE#         21
  C:04B3H         LINE#         23
  C:04B8H         LINE#         24
  C:04B8H         LINE#         26
  C:04BBH         LINE#         28
  C:04BDH         LINE#         29
  C:04BFH         LINE#         30
  C:04C1H         LINE#         32
  C:04C4H         LINE#         34
  C:04C6H         LINE#         35
  C:04C8H         LINE#         37
  C:04CAH         LINE#         38
  C:04D1H         LINE#         40
  C:04D5H         LINE#         41
  C:04E7H         LINE#         43
  C:04EBH         LINE#         44
  C:04EBH         LINE#         46
  C:04F0H         LINE#         47
  C:04F0H         LINE#         49
  C:04F3H         LINE#         52
  C:04F5H         LINE#         53
  C:04F7H         LINE#         54
  C:04F9H         LINE#         56
  C:04FCH         LINE#         58
  C:04FEH         LINE#         59
  C:0500H         LINE#         61
  C:0502H         LINE#         62
  C:0509H         LINE#         64
  C:050FH         LINE#         65
  C:0521H         LINE#         67
  C:0524H         LINE#         68
  C:0524H         LINE#         69
  -------         ENDPROC       _GETADCRESULT
  -------         ENDMOD        AD
BL51 BANKED LINKER/LOCATER V6.22                                                      12/04/2014  15:49:12  PAGE 27



  -------         MODULE        TIMER
  C:0000H         SYMBOL        _ICE_DUMMY_
  D:0080H         PUBLIC        P0
  D:0090H         PUBLIC        P1
  D:00A0H         PUBLIC        P2
  D:00B0H         PUBLIC        P3
  B:00A8H.7       PUBLIC        EA
  D:00A8H         PUBLIC        IE
  D:00B8H         PUBLIC        IP
  C:0905H         PUBLIC        _InitT0
  C:0525H         PUBLIC        _InitTimer
  D:00D8H         PUBLIC        WDCON0
  D:0087H         PUBLIC        PCON
  D:0098H         PUBLIC        SCON
  D:0062H         PUBLIC        timer0_8H
  D:0089H         PUBLIC        TMOD
  D:0088H         PUBLIC        TCON
  D:0063H         PUBLIC        timer1_8H
  D:0064H         PUBLIC        timer0_8L
  D:0065H         PUBLIC        timer1_8L
  B:00A8H.1       PUBLIC        ET0
  B:00A8H.3       PUBLIC        ET1
  D:008CH         PUBLIC        TH0
  D:008DH         PUBLIC        TH1
  D:008AH         PUBLIC        TL0
  D:008BH         PUBLIC        TL1
  D:00E8H         PUBLIC        EIE
  B:00B8H.3       PUBLIC        PT1
  B:0088H.4       PUBLIC        TR0
  B:0088H.6       PUBLIC        TR1
  D:00F8H         PUBLIC        ADCCON0
  D:00C0H         PUBLIC        I2CON
  D:00C8H         PUBLIC        T2CON
  C:0C21H         PUBLIC        sEOS_Go_To_Sleep
  D:00D0H         PUBLIC        PSW
  -------         PROC          _INITTIMER
  D:0007H         SYMBOL        Tick_ms_T0
  D:0014H         SYMBOL        Tick_us_T1
  -------         DO            
  D:0016H         SYMBOL        Inc_T0
  D:001AH         SYMBOL        Inc_T1
  D:0004H         SYMBOL        timer0_16
  D:0004H         SYMBOL        timer1_16
  -------         ENDDO         
  C:0525H         LINE#         29
  C:0529H         LINE#         30
  C:0529H         LINE#         35
  C:0543H         LINE#         36
  C:0549H         LINE#         37
  C:054BH         LINE#         38
  C:054DH         LINE#         41
  C:0571H         LINE#         42
  C:0577H         LINE#         43
  C:0579H         LINE#         44
  C:057BH         LINE#         46
  C:057EH         LINE#         48
BL51 BANKED LINKER/LOCATER V6.22                                                      12/04/2014  15:49:12  PAGE 28


  C:0581H         LINE#         49
  C:0584H         LINE#         50
  C:0587H         LINE#         51
  C:058AH         LINE#         53
  C:058CH         LINE#         54
  C:058EH         LINE#         55
  C:0590H         LINE#         56
  C:0592H         LINE#         57
  C:0594H         LINE#         58
  C:0596H         LINE#         59
  -------         ENDPROC       _INITTIMER
  -------         PROC          _INITT0
  D:0007H         SYMBOL        Tick_ms_T0
  -------         DO            
  D:0010H         SYMBOL        Inc_T0
  D:0004H         SYMBOL        timer0_16
  -------         ENDDO         
  C:0905H         LINE#         64
  C:0905H         LINE#         65
  C:0905H         LINE#         70
  C:091FH         LINE#         71
  C:0925H         LINE#         72
  C:0927H         LINE#         73
  C:0929H         LINE#         74
  C:092CH         LINE#         75
  C:092EH         LINE#         76
  -------         ENDPROC       _INITT0
  -------         PROC          SEOS_GO_TO_SLEEP
  C:0C21H         LINE#         82
  C:0C21H         LINE#         83
  C:0C21H         LINE#         84
  C:0C24H         LINE#         85
  -------         ENDPROC       SEOS_GO_TO_SLEEP
  -------         ENDMOD        TIMER

  -------         MODULE        ?C?CLDPTR
  C:0026H         PUBLIC        ?C?CLDPTR
  -------         ENDMOD        ?C?CLDPTR

  -------         MODULE        ?C?LMUL
  C:003FH         PUBLIC        ?C?LMUL
  -------         ENDMOD        ?C?LMUL

  -------         MODULE        ?C?ULDIV
  C:00CAH         PUBLIC        ?C?ULDIV
  -------         ENDMOD        ?C?ULDIV

  -------         MODULE        ?C?LIMUL
  C:015CH         PUBLIC        ?C?LIMUL
  -------         ENDMOD        ?C?LIMUL

*** WARNING L16: UNCALLED SEGMENT, IGNORED FOR OVERLAY PROCESS
    SEGMENT: ?PR?NOVOICE?VOICE

*** WARNING L16: UNCALLED SEGMENT, IGNORED FOR OVERLAY PROCESS
    SEGMENT: ?PR?HOST_TOUCH_SPEECH?VOICE

BL51 BANKED LINKER/LOCATER V6.22                                                      12/04/2014  15:49:12  PAGE 29


*** WARNING L16: UNCALLED SEGMENT, IGNORED FOR OVERLAY PROCESS
    SEGMENT: ?PR?HOST_2NDTOUCH_SPEECH?VOICE

*** WARNING L16: UNCALLED SEGMENT, IGNORED FOR OVERLAY PROCESS
    SEGMENT: ?PR?STOLEN_ALARM_SPEECH1?VOICE

*** WARNING L16: UNCALLED SEGMENT, IGNORED FOR OVERLAY PROCESS
    SEGMENT: ?PR?STOLEN_ALARM_SPEECH2?VOICE

*** WARNING L16: UNCALLED SEGMENT, IGNORED FOR OVERLAY PROCESS
    SEGMENT: ?PR?BATTERY_STOLEN_SPEECH?VOICE

*** WARNING L16: UNCALLED SEGMENT, IGNORED FOR OVERLAY PROCESS
    SEGMENT: ?PR?CUTTING_WIRE_VOICE?VOICE

*** WARNING L16: UNCALLED SEGMENT, IGNORED FOR OVERLAY PROCESS
    SEGMENT: ?PR?PRODUCT_TEST_VOICE?VOICE

*** WARNING L16: UNCALLED SEGMENT, IGNORED FOR OVERLAY PROCESS
    SEGMENT: ?PR?BATTERY_LOW_ALARM_SPEECH?VOICE

*** WARNING L16: UNCALLED SEGMENT, IGNORED FOR OVERLAY PROCESS
    SEGMENT: ?PR?BATTERY_HIGH_ALARM_SPEECH?VOICE

*** WARNING L16: UNCALLED SEGMENT, IGNORED FOR OVERLAY PROCESS
    SEGMENT: ?PR?ALARM_STOLEN_SPEECH?VOICE

*** WARNING L16: UNCALLED SEGMENT, IGNORED FOR OVERLAY PROCESS
    SEGMENT: ?PR?ALARM_RAISED_SPEECH?VOICE

*** WARNING L16: UNCALLED SEGMENT, IGNORED FOR OVERLAY PROCESS
    SEGMENT: ?PR?ALARM_FELL_SPEECH?VOICE

*** WARNING L16: UNCALLED SEGMENT, IGNORED FOR OVERLAY PROCESS
    SEGMENT: ?PR?HOST_BATTERY_HIGH_ALARM_SPEECH?VOICE

*** WARNING L16: UNCALLED SEGMENT, IGNORED FOR OVERLAY PROCESS
    SEGMENT: ?PR?BATTERY_STOLEN_SPEECH_F3?VOICE

*** WARNING L16: UNCALLED SEGMENT, IGNORED FOR OVERLAY PROCESS
    SEGMENT: ?PR?WIRE_BROKEN_SPEECH?VOICE

*** WARNING L16: UNCALLED SEGMENT, IGNORED FOR OVERLAY PROCESS
    SEGMENT: ?PR?LOCK_ROTATED_ON_SPEECH?VOICE

*** WARNING L16: UNCALLED SEGMENT, IGNORED FOR OVERLAY PROCESS
    SEGMENT: ?PR?LOCK_ROTATED_OFF_SPEECH?VOICE

*** WARNING L16: UNCALLED SEGMENT, IGNORED FOR OVERLAY PROCESS
    SEGMENT: ?PR?MYPWM?PWM

*** WARNING L16: UNCALLED SEGMENT, IGNORED FOR OVERLAY PROCESS
    SEGMENT: ?PR?_MAGNET_CW_TAILI?OTHER

*** WARNING L16: UNCALLED SEGMENT, IGNORED FOR OVERLAY PROCESS
    SEGMENT: ?PR?_MAGNET_ACW_TAILI?OTHER

BL51 BANKED LINKER/LOCATER V6.22                                                      12/04/2014  15:49:12  PAGE 30


*** WARNING L16: UNCALLED SEGMENT, IGNORED FOR OVERLAY PROCESS
    SEGMENT: ?PR?ENABLE_SENSOR?OTHER

*** WARNING L16: UNCALLED SEGMENT, IGNORED FOR OVERLAY PROCESS
    SEGMENT: ?PR?MOTO_VIBRATION?OTHER

*** WARNING L16: UNCALLED SEGMENT, IGNORED FOR OVERLAY PROCESS
    SEGMENT: ?PR?SLAVE_AWAY_OPERATION?OPERATION

*** WARNING L16: UNCALLED SEGMENT, IGNORED FOR OVERLAY PROCESS
    SEGMENT: ?PR?SLAVE_NEARBY_OPERATION?OPERATION

*** WARNING L16: UNCALLED SEGMENT, IGNORED FOR OVERLAY PROCESS
    SEGMENT: ?PR?_COMMODE_DATA_WX?COMMUNICATION

*** WARNING L16: UNCALLED SEGMENT, IGNORED FOR OVERLAY PROCESS
    SEGMENT: ?PR?UART_SEND_DATA?COMMUNICATION

*** WARNING L16: UNCALLED SEGMENT, IGNORED FOR OVERLAY PROCESS
    SEGMENT: ?PR?RECEIVE_BYTE?COMMUNICATION

*** WARNING L16: UNCALLED SEGMENT, IGNORED FOR OVERLAY PROCESS
    SEGMENT: ?PR?RECEIVE_WORD?COMMUNICATION

*** WARNING L16: UNCALLED SEGMENT, IGNORED FOR OVERLAY PROCESS
    SEGMENT: ?PR?_INITTIMER?TIMER

Program Size: data=113.4 xdata=0 code=3107
LINK/LOCATE RUN COMPLETE.  30 WARNING(S),  0 ERROR(S)
